/home/suba/MinkowskiEngine/MinkowskiEngine/__init__.py:36: UserWarning: The environment variable `OMP_NUM_THREADS` not set. MinkowskiEngine will automatically set `OMP_NUM_THREADS=16`. If you want to set `OMP_NUM_THREADS` manually, please export it on the command line before running a python script. e.g. `export OMP_NUM_THREADS=12; python your_program.py`. It is recommended to set it below 24.
  warnings.warn(
[iter 0] lr=2.00e-06 loss=4.589 motion=0.687 semantic=2.902 dice=1.000 offset=-0.000 | data 4.3s compute 2.2s
[iter 50] lr=1.02e-04 loss=4.497 motion=0.386 semantic=2.487 dice=0.980 offset=0.644 | data 0.0s compute 35.3s
[iter 100] lr=2.02e-04 loss=2.649 motion=0.043 semantic=1.426 dice=0.998 offset=0.181 | data 0.0s compute 33.0s
[iter 150] lr=3.02e-04 loss=2.692 motion=0.025 semantic=1.346 dice=0.982 offset=0.339 | data 0.0s compute 32.8s
[iter 200] lr=4.02e-04 loss=3.198 motion=0.015 semantic=1.531 dice=0.996 offset=0.655 | data 0.0s compute 34.2s
[iter 250] lr=5.02e-04 loss=1.902 motion=0.006 semantic=1.188 dice=0.465 offset=0.242 | data 0.0s compute 34.2s
[iter 300] lr=6.02e-04 loss=2.495 motion=0.023 semantic=0.977 dice=1.000 offset=0.495 | data 0.0s compute 33.4s
[iter 350] lr=7.02e-04 loss=1.935 motion=0.042 semantic=1.142 dice=0.229 offset=0.522 | data 0.0s compute 34.0s
[iter 400] lr=8.02e-04 loss=1.836 motion=0.001 semantic=0.835 dice=1.000 offset=0.000 | data 0.0s compute 33.9s
[iter 450] lr=9.02e-04 loss=1.601 motion=0.008 semantic=1.073 dice=0.272 offset=0.248 | data 0.0s compute 32.8s
[iter 500] lr=1.00e-03 loss=1.652 motion=0.028 semantic=0.952 dice=0.435 offset=0.238 | data 0.0s compute 32.9s
[iter 550] lr=1.00e-03 loss=2.037 motion=0.071 semantic=0.915 dice=0.163 offset=0.888 | data 0.0s compute 32.9s
[iter 600] lr=1.00e-03 loss=1.581 motion=0.004 semantic=1.009 dice=0.066 offset=0.502 | data 0.0s compute 33.9s
[iter 650] lr=1.00e-03 loss=1.567 motion=0.075 semantic=0.838 dice=0.172 offset=0.482 | data 0.0s compute 33.6s
[iter 700] lr=1.00e-03 loss=2.023 motion=0.024 semantic=0.816 dice=0.795 offset=0.387 | data 0.0s compute 32.8s
[iter 750] lr=1.00e-03 loss=1.347 motion=0.002 semantic=0.811 dice=0.084 offset=0.451 | data 0.0s compute 32.9s
[iter 800] lr=1.00e-03 loss=1.878 motion=0.139 semantic=1.050 dice=0.207 offset=0.482 | data 0.0s compute 33.4s
[iter 850] lr=1.00e-03 loss=1.612 motion=0.045 semantic=0.846 dice=0.513 offset=0.208 | data 0.0s compute 33.9s
[iter 900] lr=1.00e-03 loss=1.814 motion=0.000 semantic=0.814 dice=1.000 offset=0.000 | data 0.0s compute 32.3s
[iter 950] lr=1.00e-03 loss=1.680 motion=0.000 semantic=0.680 dice=1.000 offset=-0.000 | data 0.0s compute 33.2s
  [val @ 1000] moving_iou=0.3261 P=0.519 R=0.468 semantic_miou=0.1964
  [val @ 1000] new best -> best.pt (0.3261)
[iter 1000] lr=1.00e-03 loss=2.663 motion=0.289 semantic=0.850 dice=0.999 offset=0.524 | data 0.0s compute 33.5s
[iter 1050] lr=1.00e-03 loss=1.718 motion=0.004 semantic=0.714 dice=1.000 offset=0.000 | data 0.0s compute 32.9s
[iter 1100] lr=9.99e-04 loss=1.901 motion=0.077 semantic=1.224 dice=0.134 offset=0.466 | data 0.0s compute 33.4s
[iter 1150] lr=9.99e-04 loss=1.478 motion=0.010 semantic=0.871 dice=0.305 offset=0.291 | data 0.0s compute 32.5s
[iter 1200] lr=9.99e-04 loss=1.933 motion=0.015 semantic=0.778 dice=0.999 offset=0.141 | data 0.0s compute 33.2s
[iter 1250] lr=9.99e-04 loss=1.671 motion=0.000 semantic=0.671 dice=1.000 offset=0.000 | data 0.0s compute 33.3s
[iter 1300] lr=9.99e-04 loss=1.716 motion=0.000 semantic=0.716 dice=1.000 offset=-0.000 | data 0.0s compute 33.0s
[iter 1350] lr=9.99e-04 loss=1.191 motion=0.007 semantic=0.755 dice=0.078 offset=0.352 | data 0.0s compute 32.8s
[iter 1400] lr=9.99e-04 loss=1.622 motion=0.004 semantic=0.774 dice=0.274 offset=0.571 | data 0.0s compute 33.7s
[iter 1450] lr=9.99e-04 loss=1.535 motion=0.000 semantic=0.535 dice=1.000 offset=0.000 | data 0.0s compute 32.3s
[iter 1500] lr=9.98e-04 loss=1.782 motion=0.005 semantic=1.236 dice=0.411 offset=0.130 | data 0.0s compute 34.3s
[iter 1550] lr=9.98e-04 loss=1.400 motion=0.011 semantic=0.897 dice=0.052 offset=0.440 | data 0.0s compute 33.1s
[iter 1600] lr=9.98e-04 loss=1.650 motion=0.023 semantic=0.627 dice=1.000 offset=-0.000 | data 0.0s compute 32.8s
[iter 1650] lr=9.98e-04 loss=1.137 motion=0.006 semantic=0.586 dice=0.160 offset=0.386 | data 0.0s compute 32.2s
[iter 1700] lr=9.98e-04 loss=1.479 motion=0.046 semantic=0.852 dice=0.171 offset=0.410 | data 0.0s compute 32.9s
[iter 1750] lr=9.98e-04 loss=3.076 motion=0.297 semantic=0.778 dice=0.927 offset=1.074 | data 0.0s compute 32.9s
[iter 1800] lr=9.97e-04 loss=1.488 motion=0.000 semantic=0.488 dice=1.000 offset=-0.000 | data 0.0s compute 32.9s
[iter 1850] lr=9.97e-04 loss=1.706 motion=0.055 semantic=0.988 dice=0.168 offset=0.494 | data 0.0s compute 33.8s
[iter 1900] lr=9.97e-04 loss=1.846 motion=0.001 semantic=0.845 dice=1.000 offset=-0.000 | data 0.0s compute 32.9s
[iter 1950] lr=9.97e-04 loss=1.255 motion=0.004 semantic=0.647 dice=0.380 offset=0.223 | data 0.0s compute 34.1s
  [val @ 2000] moving_iou=0.3723 P=0.748 R=0.425 semantic_miou=0.2338
  [val @ 2000] new best -> best.pt (0.3723)
[iter 2000] lr=9.96e-04 loss=1.533 motion=0.001 semantic=0.532 dice=1.000 offset=0.000 | data 0.0s compute 33.2s
[iter 2050] lr=9.96e-04 loss=0.839 motion=0.007 semantic=0.433 dice=0.280 offset=0.120 | data 0.0s compute 31.6s
[iter 2100] lr=9.96e-04 loss=1.506 motion=0.004 semantic=0.977 dice=0.387 offset=0.138 | data 0.0s compute 33.8s
[iter 2150] lr=9.96e-04 loss=1.715 motion=0.000 semantic=0.715 dice=1.000 offset=0.000 | data 0.0s compute 32.5s
[iter 2200] lr=9.95e-04 loss=1.729 motion=0.000 semantic=0.729 dice=1.000 offset=0.000 | data 0.0s compute 33.0s
[iter 2250] lr=9.95e-04 loss=1.457 motion=0.000 semantic=0.456 dice=1.000 offset=0.000 | data 0.0s compute 33.0s
[iter 2300] lr=9.95e-04 loss=1.859 motion=0.005 semantic=0.506 dice=1.000 offset=0.349 | data 0.0s compute 33.2s
[iter 2350] lr=9.95e-04 loss=1.443 motion=0.002 semantic=1.058 dice=0.240 offset=0.142 | data 0.0s compute 33.3s
[iter 2400] lr=9.94e-04 loss=1.803 motion=0.011 semantic=0.670 dice=1.000 offset=0.122 | data 0.0s compute 31.4s
[iter 2450] lr=9.94e-04 loss=2.224 motion=0.369 semantic=0.633 dice=0.385 offset=0.837 | data 0.0s compute 32.9s
[iter 2500] lr=9.94e-04 loss=1.473 motion=0.004 semantic=0.469 dice=1.000 offset=-0.000 | data 0.0s compute 32.2s
[iter 2550] lr=9.93e-04 loss=1.780 motion=0.000 semantic=0.780 dice=1.000 offset=0.000 | data 0.0s compute 32.9s
[iter 2600] lr=9.93e-04 loss=1.683 motion=0.001 semantic=0.682 dice=1.000 offset=-0.000 | data 0.0s compute 33.5s
[iter 2650] lr=9.93e-04 loss=1.547 motion=0.001 semantic=0.546 dice=1.000 offset=0.000 | data 0.0s compute 34.1s
[iter 2700] lr=9.92e-04 loss=1.315 motion=0.087 semantic=0.679 dice=0.216 offset=0.334 | data 0.0s compute 32.3s
[iter 2750] lr=9.92e-04 loss=1.646 motion=0.000 semantic=0.646 dice=1.000 offset=0.000 | data 0.0s compute 32.5s
[iter 2800] lr=9.92e-04 loss=0.977 motion=0.045 semantic=0.564 dice=0.163 offset=0.205 | data 0.0s compute 32.4s
[iter 2850] lr=9.91e-04 loss=1.542 motion=0.000 semantic=0.542 dice=1.000 offset=0.000 | data 0.0s compute 32.6s
[iter 2900] lr=9.91e-04 loss=1.818 motion=0.007 semantic=0.429 dice=0.911 offset=0.472 | data 0.0s compute 32.8s
[iter 2950] lr=9.91e-04 loss=1.722 motion=0.004 semantic=0.979 dice=0.257 offset=0.483 | data 0.0s compute 31.9s
  [val @ 3000] moving_iou=0.3829 P=0.578 R=0.531 semantic_miou=0.2370
  [val @ 3000] new best -> best.pt (0.3829)
[iter 3000] lr=9.90e-04 loss=1.610 motion=0.002 semantic=0.608 dice=1.000 offset=0.000 | data 0.0s compute 33.1s
[iter 3050] lr=9.90e-04 loss=0.899 motion=0.004 semantic=0.557 dice=0.038 offset=0.300 | data 0.0s compute 32.6s
[iter 3100] lr=9.89e-04 loss=1.658 motion=0.014 semantic=0.527 dice=0.964 offset=0.153 | data 0.0s compute 33.4s
[iter 3150] lr=9.89e-04 loss=1.348 motion=0.004 semantic=0.721 dice=0.446 offset=0.177 | data 0.0s compute 33.5s
[iter 3200] lr=9.89e-04 loss=1.484 motion=0.017 semantic=0.674 dice=0.576 offset=0.216 | data 0.0s compute 30.7s
[iter 3250] lr=9.88e-04 loss=1.008 motion=0.009 semantic=0.478 dice=0.101 offset=0.419 | data 0.0s compute 32.4s
[iter 3300] lr=9.88e-04 loss=1.968 motion=0.015 semantic=0.729 dice=0.698 offset=0.526 | data 0.0s compute 32.9s
[iter 3350] lr=9.87e-04 loss=0.818 motion=0.008 semantic=0.496 dice=0.072 offset=0.242 | data 0.0s compute 33.1s
[iter 3400] lr=9.87e-04 loss=1.563 motion=0.000 semantic=0.563 dice=1.000 offset=-0.000 | data 0.0s compute 32.9s
[iter 3450] lr=9.86e-04 loss=1.632 motion=0.000 semantic=0.632 dice=1.000 offset=0.000 | data 0.0s compute 32.9s
[iter 3500] lr=9.86e-04 loss=1.234 motion=0.003 semantic=0.586 dice=0.291 offset=0.355 | data 0.0s compute 32.7s
[iter 3550] lr=9.85e-04 loss=1.091 motion=0.011 semantic=0.529 dice=0.072 offset=0.479 | data 0.0s compute 32.6s
[iter 3600] lr=9.85e-04 loss=1.391 motion=0.002 semantic=0.389 dice=1.000 offset=0.000 | data 0.0s compute 33.0s
[iter 3650] lr=9.84e-04 loss=1.047 motion=0.016 semantic=0.553 dice=0.042 offset=0.436 | data 0.0s compute 32.3s
[iter 3700] lr=9.84e-04 loss=1.597 motion=0.010 semantic=0.587 dice=1.000 offset=0.000 | data 0.0s compute 32.0s
[iter 3750] lr=9.83e-04 loss=0.904 motion=0.036 semantic=0.458 dice=0.123 offset=0.287 | data 0.0s compute 32.5s
[iter 3800] lr=9.83e-04 loss=2.092 motion=0.037 semantic=0.938 dice=1.000 offset=0.118 | data 0.0s compute 33.6s
[iter 3850] lr=9.82e-04 loss=1.076 motion=0.007 semantic=0.593 dice=0.016 offset=0.459 | data 0.0s compute 33.6s
[iter 3900] lr=9.82e-04 loss=1.793 motion=0.004 semantic=0.638 dice=1.000 offset=0.151 | data 0.0s compute 32.5s
[iter 3950] lr=9.81e-04 loss=1.268 motion=0.042 semantic=0.715 dice=0.122 offset=0.389 | data 0.0s compute 33.3s
  [val @ 4000] moving_iou=0.4261 P=0.612 R=0.584 semantic_miou=0.2668
  [val @ 4000] new best -> best.pt (0.4261)
[iter 4000] lr=9.81e-04 loss=1.024 motion=0.030 semantic=0.406 dice=0.148 offset=0.440 | data 0.0s compute 33.5s
[iter 4050] lr=9.80e-04 loss=0.990 motion=0.048 semantic=0.428 dice=0.218 offset=0.296 | data 0.0s compute 32.3s
[iter 4100] lr=9.80e-04 loss=1.232 motion=0.024 semantic=0.516 dice=0.368 offset=0.324 | data 0.0s compute 31.8s
[iter 4150] lr=9.79e-04 loss=1.520 motion=0.005 semantic=0.515 dice=1.000 offset=0.000 | data 0.0s compute 34.2s
[iter 4200] lr=9.79e-04 loss=1.688 motion=0.010 semantic=0.543 dice=0.980 offset=0.155 | data 0.0s compute 31.5s
[iter 4250] lr=9.78e-04 loss=1.228 motion=0.007 semantic=0.501 dice=0.357 offset=0.363 | data 0.0s compute 31.6s
[iter 4300] lr=9.77e-04 loss=1.667 motion=0.000 semantic=0.667 dice=1.000 offset=0.000 | data 0.0s compute 33.0s
[iter 4350] lr=9.77e-04 loss=1.444 motion=0.000 semantic=0.444 dice=1.000 offset=0.000 | data 0.0s compute 32.9s
[iter 4400] lr=9.76e-04 loss=2.233 motion=0.011 semantic=1.017 dice=1.000 offset=0.205 | data 0.0s compute 32.7s
[iter 4450] lr=9.76e-04 loss=1.386 motion=0.013 semantic=0.564 dice=0.633 offset=0.176 | data 0.0s compute 34.2s
[iter 4500] lr=9.75e-04 loss=1.476 motion=0.000 semantic=0.476 dice=1.000 offset=0.000 | data 0.0s compute 32.4s
[iter 4550] lr=9.74e-04 loss=1.616 motion=0.000 semantic=0.616 dice=1.000 offset=0.000 | data 0.0s compute 33.4s
[iter 4600] lr=9.74e-04 loss=0.790 motion=0.010 semantic=0.515 dice=0.135 offset=0.129 | data 0.0s compute 32.3s
[iter 4650] lr=9.73e-04 loss=1.142 motion=0.015 semantic=0.682 dice=0.032 offset=0.412 | data 0.0s compute 33.8s
[iter 4700] lr=9.72e-04 loss=1.031 motion=0.029 semantic=0.509 dice=0.161 offset=0.332 | data 0.0s compute 32.7s
[iter 4750] lr=9.72e-04 loss=1.964 motion=0.208 semantic=0.843 dice=0.535 offset=0.378 | data 0.0s compute 33.3s
[iter 4800] lr=9.71e-04 loss=0.601 motion=0.000 semantic=0.455 dice=0.029 offset=0.117 | data 0.0s compute 32.6s
[iter 4850] lr=9.70e-04 loss=1.444 motion=0.000 semantic=0.444 dice=1.000 offset=0.000 | data 0.0s compute 33.0s
[iter 4900] lr=9.70e-04 loss=1.564 motion=0.000 semantic=0.564 dice=1.000 offset=0.000 | data 0.0s compute 31.3s
[iter 4950] lr=9.69e-04 loss=1.285 motion=0.044 semantic=0.509 dice=0.174 offset=0.559 | data 0.0s compute 32.5s
  [val @ 5000] moving_iou=0.4807 P=0.715 R=0.595 semantic_miou=0.2664
  [val @ 5000] new best -> best.pt (0.4807)
[iter 5000] lr=9.68e-04 loss=1.721 motion=0.040 semantic=0.560 dice=1.000 offset=0.121 | data 0.0s compute 32.6s
[iter 5050] lr=9.68e-04 loss=1.244 motion=0.011 semantic=0.616 dice=0.220 offset=0.398 | data 0.0s compute 32.3s
[iter 5100] lr=9.67e-04 loss=0.928 motion=0.008 semantic=0.552 dice=0.026 offset=0.342 | data 0.0s compute 33.3s
[iter 5150] lr=9.66e-04 loss=1.592 motion=0.012 semantic=0.598 dice=0.607 offset=0.375 | data 0.0s compute 31.9s
[iter 5200] lr=9.65e-04 loss=1.051 motion=0.010 semantic=0.498 dice=0.251 offset=0.292 | data 0.0s compute 32.5s
[iter 5250] lr=9.65e-04 loss=1.812 motion=0.221 semantic=0.820 dice=0.418 offset=0.353 | data 0.0s compute 31.8s
[iter 5300] lr=9.64e-04 loss=1.844 motion=0.114 semantic=0.622 dice=0.767 offset=0.340 | data 0.0s compute 33.3s
[iter 5350] lr=9.63e-04 loss=1.057 motion=0.029 semantic=0.598 dice=0.050 offset=0.380 | data 0.0s compute 33.4s
[iter 5400] lr=9.63e-04 loss=1.046 motion=0.053 semantic=0.519 dice=0.078 offset=0.397 | data 0.0s compute 31.9s
[iter 5450] lr=9.62e-04 loss=0.952 motion=0.020 semantic=0.458 dice=0.048 offset=0.426 | data 0.0s compute 33.0s
[iter 5500] lr=9.61e-04 loss=0.981 motion=0.064 semantic=0.533 dice=0.164 offset=0.221 | data 0.0s compute 33.4s
[iter 5550] lr=9.60e-04 loss=1.535 motion=0.004 semantic=0.531 dice=1.000 offset=0.000 | data 0.0s compute 32.8s
[iter 5600] lr=9.59e-04 loss=2.094 motion=0.006 semantic=0.866 dice=1.000 offset=0.222 | data 0.0s compute 33.5s
[iter 5650] lr=9.59e-04 loss=0.786 motion=0.005 semantic=0.480 dice=0.086 offset=0.215 | data 0.0s compute 32.8s
[iter 5700] lr=9.58e-04 loss=1.513 motion=0.000 semantic=0.513 dice=1.000 offset=-0.000 | data 0.0s compute 33.0s
[iter 5750] lr=9.57e-04 loss=1.469 motion=0.000 semantic=0.469 dice=1.000 offset=0.000 | data 0.0s compute 33.2s
[iter 5800] lr=9.56e-04 loss=1.015 motion=0.026 semantic=0.494 dice=0.127 offset=0.369 | data 0.0s compute 34.3s
[iter 5850] lr=9.55e-04 loss=1.603 motion=0.006 semantic=0.597 dice=1.000 offset=0.000 | data 0.0s compute 34.7s
[iter 5900] lr=9.55e-04 loss=1.462 motion=0.000 semantic=0.461 dice=1.000 offset=0.000 | data 0.0s compute 34.0s
[iter 5950] lr=9.54e-04 loss=1.472 motion=0.001 semantic=0.471 dice=1.000 offset=0.000 | data 0.0s compute 33.7s
  [val @ 6000] moving_iou=0.4820 P=0.761 R=0.568 semantic_miou=0.2885
  [val @ 6000] new best -> best.pt (0.4820)
[iter 6000] lr=9.53e-04 loss=1.417 motion=0.001 semantic=0.417 dice=1.000 offset=-0.000 | data 0.0s compute 33.7s
[iter 6050] lr=9.52e-04 loss=1.083 motion=0.030 semantic=0.511 dice=0.209 offset=0.334 | data 0.0s compute 32.3s
[iter 6100] lr=9.51e-04 loss=1.574 motion=0.000 semantic=0.574 dice=1.000 offset=0.000 | data 0.0s compute 32.9s
[iter 6150] lr=9.50e-04 loss=1.525 motion=0.000 semantic=0.525 dice=1.000 offset=0.000 | data 0.0s compute 34.1s
[iter 6200] lr=9.49e-04 loss=1.697 motion=0.260 semantic=0.497 dice=0.550 offset=0.390 | data 0.0s compute 34.3s
[iter 6250] lr=9.49e-04 loss=2.327 motion=0.312 semantic=0.487 dice=0.999 offset=0.529 | data 0.0s compute 32.2s
[iter 6300] lr=9.48e-04 loss=0.650 motion=0.013 semantic=0.400 dice=0.060 offset=0.177 | data 0.0s compute 32.1s
[iter 6350] lr=9.47e-04 loss=0.817 motion=0.010 semantic=0.475 dice=0.053 offset=0.279 | data 0.0s compute 31.3s
[iter 6400] lr=9.46e-04 loss=1.061 motion=0.045 semantic=0.562 dice=0.237 offset=0.217 | data 0.0s compute 33.3s
[iter 6450] lr=9.45e-04 loss=0.938 motion=0.012 semantic=0.558 dice=0.021 offset=0.348 | data 0.0s compute 33.5s
[iter 6500] lr=9.44e-04 loss=1.786 motion=0.000 semantic=0.786 dice=1.000 offset=0.000 | data 0.0s compute 31.9s
[iter 6550] lr=9.43e-04 loss=1.379 motion=0.000 semantic=0.379 dice=1.000 offset=-0.000 | data 0.0s compute 33.3s
[iter 6600] lr=9.42e-04 loss=0.672 motion=0.000 semantic=0.576 dice=0.020 offset=0.075 | data 0.0s compute 32.5s
[iter 6650] lr=9.41e-04 loss=1.478 motion=0.002 semantic=0.476 dice=1.000 offset=0.000 | data 0.0s compute 33.0s
[iter 6700] lr=9.40e-04 loss=1.494 motion=0.000 semantic=0.494 dice=1.000 offset=0.000 | data 0.0s compute 32.0s
[iter 6750] lr=9.39e-04 loss=1.176 motion=0.007 semantic=0.565 dice=0.207 offset=0.398 | data 0.0s compute 32.4s
[iter 6800] lr=9.39e-04 loss=0.669 motion=0.000 semantic=0.479 dice=0.071 offset=0.119 | data 0.0s compute 33.6s
[iter 6850] lr=9.38e-04 loss=1.586 motion=0.000 semantic=0.586 dice=1.000 offset=0.000 | data 0.0s compute 32.1s
[iter 6900] lr=9.37e-04 loss=1.512 motion=0.000 semantic=0.512 dice=1.000 offset=0.000 | data 0.0s compute 32.3s
[iter 6950] lr=9.36e-04 loss=0.998 motion=0.001 semantic=0.600 dice=0.061 offset=0.336 | data 0.0s compute 33.5s
  [val @ 7000] moving_iou=0.4546 P=0.608 R=0.643 semantic_miou=0.2866
[iter 7000] lr=9.35e-04 loss=1.709 motion=0.022 semantic=0.603 dice=0.933 offset=0.151 | data 0.0s compute 32.2s
[iter 7050] lr=9.34e-04 loss=0.594 motion=0.005 semantic=0.325 dice=0.165 offset=0.099 | data 0.0s compute 34.0s
[iter 7100] lr=9.33e-04 loss=1.318 motion=0.005 semantic=0.737 dice=0.328 offset=0.249 | data 0.0s compute 33.9s
[iter 7150] lr=9.32e-04 loss=1.203 motion=0.012 semantic=0.480 dice=0.229 offset=0.482 | data 0.0s compute 32.0s
[iter 7200] lr=9.31e-04 loss=0.840 motion=0.026 semantic=0.336 dice=0.149 offset=0.329 | data 0.0s compute 33.4s
[iter 7250] lr=9.30e-04 loss=1.404 motion=0.001 semantic=0.404 dice=1.000 offset=0.000 | data 0.0s compute 33.7s
[iter 7300] lr=9.29e-04 loss=1.012 motion=0.007 semantic=0.625 dice=0.294 offset=0.086 | data 0.0s compute 32.4s
[iter 7350] lr=9.28e-04 loss=1.009 motion=0.019 semantic=0.587 dice=0.056 offset=0.346 | data 0.0s compute 34.0s
[iter 7400] lr=9.27e-04 loss=1.404 motion=0.000 semantic=0.403 dice=1.000 offset=0.000 | data 0.0s compute 34.9s
[iter 7450] lr=9.26e-04 loss=1.620 motion=0.022 semantic=0.598 dice=1.000 offset=0.000 | data 0.0s compute 36.5s
[iter 7500] lr=9.24e-04 loss=1.587 motion=0.004 semantic=0.869 dice=0.601 offset=0.112 | data 0.0s compute 34.1s
[iter 7550] lr=9.23e-04 loss=0.687 motion=0.003 semantic=0.504 dice=0.067 offset=0.113 | data 0.0s compute 32.8s
[iter 7600] lr=9.22e-04 loss=1.040 motion=0.016 semantic=0.646 dice=0.065 offset=0.313 | data 0.0s compute 33.2s
[iter 7650] lr=9.21e-04 loss=1.033 motion=0.003 semantic=0.478 dice=0.439 offset=0.112 | data 0.0s compute 31.9s
[iter 7700] lr=9.20e-04 loss=1.541 motion=0.000 semantic=0.541 dice=1.000 offset=0.000 | data 0.0s compute 33.3s
[iter 7750] lr=9.19e-04 loss=2.131 motion=0.003 semantic=0.562 dice=1.000 offset=0.567 | data 0.0s compute 33.2s
[iter 7800] lr=9.18e-04 loss=1.632 motion=0.004 semantic=0.544 dice=0.996 offset=0.088 | data 0.0s compute 32.8s
[iter 7850] lr=9.17e-04 loss=1.126 motion=0.029 semantic=0.636 dice=0.122 offset=0.339 | data 0.0s compute 32.1s
[iter 7900] lr=9.16e-04 loss=1.481 motion=0.000 semantic=0.480 dice=1.000 offset=0.000 | data 0.0s compute 32.9s
[iter 7950] lr=9.15e-04 loss=1.324 motion=0.000 semantic=0.324 dice=1.000 offset=0.000 | data 0.0s compute 32.8s
  [val @ 8000] moving_iou=0.5208 P=0.809 R=0.594 semantic_miou=0.2925
  [val @ 8000] new best -> best.pt (0.5208)
[iter 8000] lr=9.14e-04 loss=1.344 motion=0.000 semantic=0.344 dice=1.000 offset=0.000 | data 0.0s compute 31.4s
[iter 8050] lr=9.13e-04 loss=1.539 motion=0.003 semantic=0.536 dice=1.000 offset=0.000 | data 0.0s compute 32.9s
[iter 8100] lr=9.11e-04 loss=1.448 motion=0.002 semantic=0.446 dice=1.000 offset=0.000 | data 0.0s compute 33.5s
[iter 8150] lr=9.10e-04 loss=1.751 motion=0.006 semantic=0.564 dice=1.000 offset=0.181 | data 0.0s compute 32.1s
[iter 8200] lr=9.09e-04 loss=1.091 motion=0.009 semantic=0.414 dice=0.209 offset=0.459 | data 0.0s compute 33.2s
[iter 8250] lr=9.08e-04 loss=1.358 motion=0.000 semantic=0.357 dice=1.000 offset=0.000 | data 0.0s compute 33.0s
[iter 8300] lr=9.07e-04 loss=1.442 motion=0.000 semantic=0.442 dice=1.000 offset=-0.000 | data 0.0s compute 31.5s
[iter 8350] lr=9.06e-04 loss=0.826 motion=0.010 semantic=0.429 dice=0.087 offset=0.301 | data 0.0s compute 33.5s
[iter 8400] lr=9.05e-04 loss=1.175 motion=0.007 semantic=0.501 dice=0.039 offset=0.629 | data 0.0s compute 33.0s
[iter 8450] lr=9.03e-04 loss=0.713 motion=0.001 semantic=0.521 dice=0.101 offset=0.090 | data 0.0s compute 32.9s
[iter 8500] lr=9.02e-04 loss=1.630 motion=0.000 semantic=0.629 dice=1.000 offset=0.000 | data 0.0s compute 32.8s
[iter 8550] lr=9.01e-04 loss=0.632 motion=0.000 semantic=0.536 dice=0.010 offset=0.085 | data 0.0s compute 33.5s
[iter 8600] lr=9.00e-04 loss=0.642 motion=0.005 semantic=0.435 dice=0.122 offset=0.080 | data 0.0s compute 32.1s
[iter 8650] lr=8.99e-04 loss=0.648 motion=0.006 semantic=0.355 dice=0.032 offset=0.255 | data 0.0s compute 32.7s
[iter 8700] lr=8.97e-04 loss=0.557 motion=0.002 semantic=0.383 dice=0.056 offset=0.115 | data 0.0s compute 33.4s
[iter 8750] lr=8.96e-04 loss=1.708 motion=0.002 semantic=0.884 dice=0.660 offset=0.161 | data 0.0s compute 32.5s
[iter 8800] lr=8.95e-04 loss=1.395 motion=0.000 semantic=0.394 dice=1.000 offset=0.000 | data 0.0s compute 32.1s
[iter 8850] lr=8.94e-04 loss=0.544 motion=0.000 semantic=0.407 dice=0.044 offset=0.092 | data 0.0s compute 32.7s
[iter 8900] lr=8.93e-04 loss=0.680 motion=0.006 semantic=0.422 dice=0.014 offset=0.237 | data 0.0s compute 32.3s
[iter 8950] lr=8.91e-04 loss=1.523 motion=0.006 semantic=0.518 dice=1.000 offset=0.000 | data 0.0s compute 33.2s
  [val @ 9000] moving_iou=0.5002 P=0.902 R=0.529 semantic_miou=0.2885
[iter 9000] lr=8.90e-04 loss=1.751 motion=0.007 semantic=0.522 dice=0.978 offset=0.244 | data 0.0s compute 32.1s
[iter 9050] lr=8.89e-04 loss=0.824 motion=0.005 semantic=0.604 dice=0.113 offset=0.102 | data 0.0s compute 32.6s
[iter 9100] lr=8.88e-04 loss=1.885 motion=0.001 semantic=0.651 dice=0.997 offset=0.237 | data 0.0s compute 32.6s
[iter 9150] lr=8.86e-04 loss=1.039 motion=0.003 semantic=0.487 dice=0.421 offset=0.129 | data 0.0s compute 32.2s
[iter 9200] lr=8.85e-04 loss=0.538 motion=0.007 semantic=0.275 dice=0.015 offset=0.241 | data 0.0s compute 32.7s
[iter 9250] lr=8.84e-04 loss=1.092 motion=0.014 semantic=0.532 dice=0.161 offset=0.385 | data 0.0s compute 33.4s
[iter 9300] lr=8.82e-04 loss=1.653 motion=0.002 semantic=0.532 dice=1.000 offset=0.119 | data 0.0s compute 31.9s
[iter 9350] lr=8.81e-04 loss=1.519 motion=0.001 semantic=0.329 dice=1.000 offset=0.190 | data 0.0s compute 32.7s
[iter 9400] lr=8.80e-04 loss=0.594 motion=0.000 semantic=0.458 dice=0.067 offset=0.068 | data 0.0s compute 33.2s
[iter 9450] lr=8.79e-04 loss=1.447 motion=0.013 semantic=0.434 dice=1.000 offset=0.000 | data 0.0s compute 32.0s
[iter 9500] lr=8.77e-04 loss=0.514 motion=0.001 semantic=0.424 dice=0.035 offset=0.054 | data 0.0s compute 33.4s
[iter 9550] lr=8.76e-04 loss=0.827 motion=0.017 semantic=0.400 dice=0.087 offset=0.322 | data 0.0s compute 31.9s
[iter 9600] lr=8.75e-04 loss=0.968 motion=0.022 semantic=0.532 dice=0.054 offset=0.360 | data 2.1s compute 32.0s
[iter 9650] lr=8.73e-04 loss=0.781 motion=0.002 semantic=0.485 dice=0.013 offset=0.281 | data 0.0s compute 31.1s
[iter 9700] lr=8.72e-04 loss=1.424 motion=0.003 semantic=0.278 dice=0.997 offset=0.146 | data 0.0s compute 33.6s
[iter 9750] lr=8.71e-04 loss=0.779 motion=0.033 semantic=0.339 dice=0.195 offset=0.212 | data 0.0s compute 32.3s
[iter 9800] lr=8.69e-04 loss=1.531 motion=0.000 semantic=0.531 dice=1.000 offset=0.000 | data 0.0s compute 33.9s
[iter 9850] lr=8.68e-04 loss=1.529 motion=0.010 semantic=0.382 dice=0.999 offset=0.138 | data 0.0s compute 31.6s
[iter 9900] lr=8.67e-04 loss=0.711 motion=0.007 semantic=0.547 dice=0.078 offset=0.080 | data 0.0s compute 32.1s
[iter 9950] lr=8.65e-04 loss=0.863 motion=0.006 semantic=0.606 dice=0.073 offset=0.178 | data 0.0s compute 32.4s
  [val @ 10000] moving_iou=0.5524 P=0.839 R=0.618 semantic_miou=0.3052
  [val @ 10000] new best -> best.pt (0.5524)
[iter 10000] lr=8.64e-04 loss=0.781 motion=0.005 semantic=0.504 dice=0.012 offset=0.260 | data 0.0s compute 32.7s
[iter 10050] lr=8.63e-04 loss=0.837 motion=0.007 semantic=0.468 dice=0.033 offset=0.329 | data 0.0s compute 33.3s
[iter 10100] lr=8.61e-04 loss=1.700 motion=0.043 semantic=0.377 dice=1.000 offset=0.280 | data 0.0s compute 30.5s
[iter 10150] lr=8.60e-04 loss=1.450 motion=0.000 semantic=0.449 dice=1.000 offset=0.000 | data 0.0s compute 32.4s
[iter 10200] lr=8.58e-04 loss=0.713 motion=0.001 semantic=0.576 dice=0.067 offset=0.068 | data 0.0s compute 31.7s
[iter 10250] lr=8.57e-04 loss=1.439 motion=0.000 semantic=0.439 dice=1.000 offset=0.000 | data 0.0s compute 32.7s
[iter 10300] lr=8.56e-04 loss=0.820 motion=0.001 semantic=0.477 dice=0.151 offset=0.191 | data 0.0s compute 32.5s
[iter 10350] lr=8.54e-04 loss=1.336 motion=0.000 semantic=0.336 dice=1.000 offset=0.000 | data 0.0s compute 32.2s
[iter 10400] lr=8.53e-04 loss=1.478 motion=0.000 semantic=0.478 dice=1.000 offset=0.000 | data 0.0s compute 33.5s
[iter 10450] lr=8.51e-04 loss=1.587 motion=0.019 semantic=0.261 dice=1.000 offset=0.307 | data 0.0s compute 34.0s
[iter 10500] lr=8.50e-04 loss=1.005 motion=0.005 semantic=0.657 dice=0.067 offset=0.276 | data 0.0s compute 33.3s
[iter 10550] lr=8.49e-04 loss=1.302 motion=0.000 semantic=0.302 dice=1.000 offset=0.000 | data 0.0s compute 33.8s
[iter 10600] lr=8.47e-04 loss=1.012 motion=0.011 semantic=0.724 dice=0.031 offset=0.246 | data 0.0s compute 33.0s
[iter 10650] lr=8.46e-04 loss=1.039 motion=0.004 semantic=0.798 dice=0.042 offset=0.195 | data 0.0s compute 32.5s
[iter 10700] lr=8.44e-04 loss=1.353 motion=0.015 semantic=0.700 dice=0.346 offset=0.293 | data 0.0s compute 33.1s
[iter 10750] lr=8.43e-04 loss=1.554 motion=0.002 semantic=0.552 dice=1.000 offset=0.000 | data 0.0s compute 33.0s
[iter 10800] lr=8.41e-04 loss=1.032 motion=0.002 semantic=0.552 dice=0.382 offset=0.097 | data 0.0s compute 32.6s
[iter 10850] lr=8.40e-04 loss=1.559 motion=0.011 semantic=0.483 dice=0.895 offset=0.170 | data 0.0s compute 32.4s
[iter 10900] lr=8.38e-04 loss=1.389 motion=0.000 semantic=0.389 dice=1.000 offset=-0.000 | data 0.0s compute 33.0s
[iter 10950] lr=8.37e-04 loss=1.586 motion=0.004 semantic=0.582 dice=1.000 offset=0.000 | data 0.0s compute 31.0s
  [val @ 11000] moving_iou=0.5482 P=0.865 R=0.600 semantic_miou=0.3139
[iter 11000] lr=8.36e-04 loss=0.980 motion=0.005 semantic=0.597 dice=0.172 offset=0.207 | data 0.0s compute 33.0s
[iter 11050] lr=8.34e-04 loss=0.881 motion=0.040 semantic=0.379 dice=0.040 offset=0.422 | data 0.0s compute 32.2s
[iter 11100] lr=8.33e-04 loss=1.484 motion=0.000 semantic=0.484 dice=1.000 offset=-0.000 | data 0.0s compute 33.2s
[iter 11150] lr=8.31e-04 loss=0.898 motion=0.070 semantic=0.416 dice=0.108 offset=0.304 | data 0.0s compute 32.8s
[iter 11200] lr=8.30e-04 loss=1.522 motion=0.046 semantic=0.383 dice=0.973 offset=0.120 | data 0.0s compute 31.6s
[iter 11250] lr=8.28e-04 loss=0.764 motion=0.006 semantic=0.446 dice=0.041 offset=0.271 | data 0.0s compute 33.0s
[iter 11300] lr=8.27e-04 loss=1.427 motion=0.151 semantic=0.734 dice=0.198 offset=0.344 | data 0.0s compute 31.6s
[iter 11350] lr=8.25e-04 loss=1.369 motion=0.001 semantic=0.368 dice=1.000 offset=0.000 | data 0.0s compute 32.5s
[iter 11400] lr=8.24e-04 loss=0.501 motion=0.001 semantic=0.404 dice=0.017 offset=0.080 | data 0.0s compute 32.9s
[iter 11450] lr=8.22e-04 loss=0.846 motion=0.001 semantic=0.216 dice=0.016 offset=0.613 | data 0.0s compute 32.9s
[iter 11500] lr=8.21e-04 loss=1.567 motion=0.002 semantic=0.412 dice=1.000 offset=0.153 | data 0.0s compute 32.7s
[iter 11550] lr=8.19e-04 loss=0.806 motion=0.001 semantic=0.477 dice=0.209 offset=0.120 | data 0.0s compute 32.7s
[iter 11600] lr=8.17e-04 loss=1.256 motion=0.000 semantic=0.256 dice=1.000 offset=0.000 | data 0.0s compute 32.7s
[iter 11650] lr=8.16e-04 loss=0.931 motion=0.024 semantic=0.391 dice=0.232 offset=0.283 | data 0.0s compute 32.8s
[iter 11700] lr=8.14e-04 loss=1.345 motion=0.000 semantic=0.345 dice=1.000 offset=0.000 | data 0.0s compute 31.5s
[iter 11750] lr=8.13e-04 loss=0.829 motion=0.005 semantic=0.408 dice=0.062 offset=0.354 | data 0.0s compute 32.7s
[iter 11800] lr=8.11e-04 loss=1.397 motion=0.000 semantic=0.396 dice=1.000 offset=0.000 | data 0.0s compute 32.3s
[iter 11850] lr=8.10e-04 loss=0.478 motion=0.003 semantic=0.367 dice=0.055 offset=0.053 | data 0.0s compute 32.5s
[iter 11900] lr=8.08e-04 loss=1.379 motion=0.000 semantic=0.379 dice=1.000 offset=0.000 | data 0.0s compute 33.5s
[iter 11950] lr=8.07e-04 loss=0.606 motion=0.004 semantic=0.280 dice=0.049 offset=0.273 | data 0.0s compute 31.9s
  [val @ 12000] moving_iou=0.5286 P=0.942 R=0.546 semantic_miou=0.3091
[iter 12000] lr=8.05e-04 loss=0.438 motion=0.000 semantic=0.353 dice=0.024 offset=0.061 | data 0.0s compute 32.4s
[iter 12050] lr=8.03e-04 loss=1.565 motion=0.000 semantic=0.565 dice=1.000 offset=0.000 | data 0.0s compute 32.7s
[iter 12100] lr=8.02e-04 loss=0.734 motion=0.006 semantic=0.468 dice=0.034 offset=0.226 | data 0.0s compute 33.0s
[iter 12150] lr=8.00e-04 loss=0.542 motion=0.001 semantic=0.442 dice=0.032 offset=0.067 | data 0.0s compute 32.7s
[iter 12200] lr=7.99e-04 loss=1.025 motion=0.001 semantic=0.489 dice=0.015 offset=0.520 | data 0.0s compute 32.3s
[iter 12250] lr=7.97e-04 loss=0.777 motion=0.007 semantic=0.467 dice=0.037 offset=0.266 | data 0.0s compute 31.9s
[iter 12300] lr=7.95e-04 loss=1.131 motion=0.024 semantic=0.406 dice=0.620 offset=0.081 | data 0.0s compute 32.1s
[iter 12350] lr=7.94e-04 loss=1.566 motion=0.001 semantic=0.566 dice=1.000 offset=0.000 | data 0.0s compute 32.6s
[iter 12400] lr=7.92e-04 loss=1.607 motion=0.033 semantic=0.484 dice=0.999 offset=0.091 | data 0.0s compute 33.7s
[iter 12450] lr=7.91e-04 loss=1.280 motion=0.000 semantic=0.280 dice=1.000 offset=0.000 | data 0.0s compute 32.8s
[iter 12500] lr=7.89e-04 loss=1.556 motion=0.001 semantic=0.556 dice=1.000 offset=0.000 | data 0.0s compute 32.0s
[iter 12550] lr=7.87e-04 loss=1.032 motion=0.137 semantic=0.386 dice=0.172 offset=0.337 | data 0.0s compute 32.0s
[iter 12600] lr=7.86e-04 loss=1.399 motion=0.001 semantic=0.398 dice=1.000 offset=0.000 | data 0.0s compute 32.7s
[iter 12650] lr=7.84e-04 loss=0.883 motion=0.036 semantic=0.436 dice=0.054 offset=0.356 | data 0.0s compute 32.2s
[iter 12700] lr=7.83e-04 loss=1.416 motion=0.015 semantic=0.401 dice=1.000 offset=0.000 | data 0.0s compute 33.2s
[iter 12750] lr=7.81e-04 loss=0.623 motion=0.004 semantic=0.334 dice=0.049 offset=0.237 | data 0.0s compute 32.0s
[iter 12800] lr=7.79e-04 loss=0.924 motion=0.008 semantic=0.660 dice=0.024 offset=0.232 | data 0.0s compute 32.4s
[iter 12850] lr=7.78e-04 loss=0.932 motion=0.004 semantic=0.449 dice=0.398 offset=0.081 | data 0.0s compute 32.2s
[iter 12900] lr=7.76e-04 loss=1.091 motion=0.066 semantic=0.464 dice=0.067 offset=0.493 | data 0.0s compute 32.9s
[iter 12950] lr=7.74e-04 loss=1.863 motion=0.013 semantic=0.357 dice=0.962 offset=0.532 | data 0.0s compute 33.4s
  [val @ 13000] moving_iou=0.5459 P=0.808 R=0.627 semantic_miou=0.3141
[iter 13000] lr=7.73e-04 loss=0.752 motion=0.004 semantic=0.350 dice=0.170 offset=0.227 | data 0.0s compute 31.9s
[iter 13050] lr=7.71e-04 loss=0.454 motion=0.000 semantic=0.346 dice=0.047 offset=0.060 | data 0.0s compute 32.7s
[iter 13100] lr=7.69e-04 loss=1.129 motion=0.020 semantic=0.365 dice=0.442 offset=0.302 | data 0.0s compute 33.5s
[iter 13150] lr=7.68e-04 loss=1.010 motion=0.004 semantic=0.450 dice=0.062 offset=0.494 | data 0.0s compute 30.4s
[iter 13200] lr=7.66e-04 loss=0.860 motion=0.001 semantic=0.548 dice=0.024 offset=0.287 | data 0.0s compute 33.4s
[iter 13250] lr=7.64e-04 loss=1.818 motion=0.297 semantic=0.529 dice=0.705 offset=0.287 | data 0.0s compute 32.1s
[iter 13300] lr=7.63e-04 loss=1.086 motion=0.001 semantic=0.536 dice=0.374 offset=0.174 | data 0.0s compute 31.4s
[iter 13350] lr=7.61e-04 loss=1.538 motion=0.000 semantic=0.538 dice=1.000 offset=0.000 | data 0.0s compute 32.7s
[iter 13400] lr=7.59e-04 loss=1.451 motion=0.000 semantic=0.451 dice=1.000 offset=0.000 | data 0.0s compute 32.9s
[iter 13450] lr=7.57e-04 loss=1.476 motion=0.005 semantic=0.365 dice=0.922 offset=0.183 | data 0.0s compute 31.9s
[iter 13500] lr=7.56e-04 loss=0.560 motion=0.009 semantic=0.370 dice=0.103 offset=0.078 | data 0.0s compute 31.5s
[iter 13550] lr=7.54e-04 loss=1.436 motion=0.000 semantic=0.436 dice=1.000 offset=0.000 | data 0.0s compute 32.6s
[iter 13600] lr=7.52e-04 loss=1.082 motion=0.027 semantic=0.407 dice=0.082 offset=0.566 | data 0.0s compute 32.3s
[iter 13650] lr=7.51e-04 loss=1.482 motion=0.000 semantic=0.482 dice=1.000 offset=0.000 | data 0.0s compute 31.9s
[iter 13700] lr=7.49e-04 loss=1.469 motion=0.000 semantic=0.469 dice=1.000 offset=0.000 | data 0.0s compute 32.4s
[iter 13750] lr=7.47e-04 loss=1.467 motion=0.001 semantic=0.467 dice=1.000 offset=0.000 | data 0.0s compute 33.0s
[iter 13800] lr=7.45e-04 loss=1.574 motion=0.001 semantic=0.471 dice=1.000 offset=0.103 | data 0.0s compute 32.7s
[iter 13850] lr=7.44e-04 loss=0.496 motion=0.002 semantic=0.291 dice=0.028 offset=0.174 | data 0.0s compute 32.6s
[iter 13900] lr=7.42e-04 loss=1.383 motion=0.000 semantic=0.382 dice=1.000 offset=0.000 | data 0.0s compute 31.9s
[iter 13950] lr=7.40e-04 loss=1.083 motion=0.053 semantic=0.497 dice=0.180 offset=0.353 | data 0.0s compute 31.8s
  [val @ 14000] moving_iou=0.5863 P=0.881 R=0.637 semantic_miou=0.3204
  [val @ 14000] new best -> best.pt (0.5863)
[iter 14000] lr=7.38e-04 loss=1.320 motion=0.004 semantic=0.316 dice=1.000 offset=0.000 | data 0.0s compute 33.6s
[iter 14050] lr=7.37e-04 loss=1.422 motion=0.000 semantic=0.422 dice=1.000 offset=0.000 | data 0.0s compute 32.8s
[iter 14100] lr=7.35e-04 loss=0.764 motion=0.001 semantic=0.552 dice=0.067 offset=0.144 | data 0.0s compute 32.3s
[iter 14150] lr=7.33e-04 loss=1.532 motion=0.000 semantic=0.532 dice=1.000 offset=0.000 | data 0.0s compute 33.2s
[iter 14200] lr=7.31e-04 loss=0.866 motion=0.004 semantic=0.559 dice=0.101 offset=0.202 | data 0.0s compute 32.9s
[iter 14250] lr=7.30e-04 loss=0.819 motion=0.011 semantic=0.573 dice=0.079 offset=0.156 | data 0.0s compute 32.4s
[iter 14300] lr=7.28e-04 loss=0.752 motion=0.001 semantic=0.580 dice=0.055 offset=0.116 | data 0.0s compute 33.3s
[iter 14350] lr=7.26e-04 loss=1.022 motion=0.020 semantic=0.517 dice=0.248 offset=0.236 | data 0.0s compute 32.9s
[iter 14400] lr=7.24e-04 loss=0.740 motion=0.029 semantic=0.387 dice=0.083 offset=0.241 | data 0.0s compute 33.8s
[iter 14450] lr=7.23e-04 loss=0.542 motion=0.015 semantic=0.335 dice=0.059 offset=0.132 | data 0.0s compute 32.4s
[iter 14500] lr=7.21e-04 loss=1.284 motion=0.001 semantic=0.282 dice=1.000 offset=0.000 | data 0.0s compute 33.4s
[iter 14550] lr=7.19e-04 loss=1.581 motion=0.000 semantic=0.581 dice=1.000 offset=0.000 | data 0.0s compute 30.8s
[iter 14600] lr=7.17e-04 loss=1.275 motion=0.039 semantic=0.361 dice=0.429 offset=0.445 | data 0.0s compute 33.6s
[iter 14650] lr=7.15e-04 loss=0.895 motion=0.007 semantic=0.588 dice=0.055 offset=0.245 | data 0.0s compute 33.4s
[iter 14700] lr=7.14e-04 loss=1.317 motion=0.000 semantic=0.317 dice=1.000 offset=0.000 | data 0.0s compute 32.3s
[iter 14750] lr=7.12e-04 loss=1.209 motion=0.009 semantic=0.608 dice=0.523 offset=0.069 | data 0.0s compute 31.7s
[iter 14800] lr=7.10e-04 loss=0.786 motion=0.035 semantic=0.382 dice=0.087 offset=0.282 | data 0.0s compute 32.3s
[iter 14850] lr=7.08e-04 loss=0.731 motion=0.002 semantic=0.335 dice=0.144 offset=0.249 | data 0.0s compute 32.8s
[iter 14900] lr=7.06e-04 loss=1.388 motion=0.000 semantic=0.388 dice=1.000 offset=0.000 | data 0.0s compute 33.2s
[iter 14950] lr=7.05e-04 loss=1.395 motion=0.000 semantic=0.395 dice=1.000 offset=0.000 | data 0.0s compute 33.6s
  [val @ 15000] moving_iou=0.5494 P=0.827 R=0.621 semantic_miou=0.3259
[iter 15000] lr=7.03e-04 loss=0.602 motion=0.004 semantic=0.464 dice=0.019 offset=0.115 | data 0.0s compute 32.7s
[iter 15050] lr=7.01e-04 loss=0.919 motion=0.009 semantic=0.533 dice=0.074 offset=0.302 | data 0.0s compute 33.7s
[iter 15100] lr=6.99e-04 loss=0.917 motion=0.009 semantic=0.356 dice=0.139 offset=0.414 | data 0.0s compute 31.6s
[iter 15150] lr=6.97e-04 loss=1.549 motion=0.022 semantic=0.538 dice=0.107 offset=0.882 | data 0.0s compute 33.2s
[iter 15200] lr=6.95e-04 loss=0.645 motion=0.002 semantic=0.404 dice=0.010 offset=0.229 | data 0.0s compute 33.5s
[iter 15250] lr=6.94e-04 loss=1.350 motion=0.000 semantic=0.350 dice=1.000 offset=0.000 | data 0.0s compute 32.6s
[iter 15300] lr=6.92e-04 loss=1.410 motion=0.000 semantic=0.410 dice=1.000 offset=0.000 | data 0.0s compute 32.5s
[iter 15350] lr=6.90e-04 loss=1.058 motion=0.005 semantic=0.390 dice=0.497 offset=0.166 | data 0.0s compute 32.5s
[iter 15400] lr=6.88e-04 loss=0.658 motion=0.014 semantic=0.324 dice=0.059 offset=0.261 | data 0.0s compute 32.7s
[iter 15450] lr=6.86e-04 loss=1.463 motion=0.000 semantic=0.463 dice=1.000 offset=0.000 | data 0.0s compute 33.0s
[iter 15500] lr=6.84e-04 loss=0.898 motion=0.003 semantic=0.424 dice=0.304 offset=0.167 | data 0.0s compute 33.6s
[iter 15550] lr=6.83e-04 loss=1.363 motion=0.000 semantic=0.363 dice=1.000 offset=0.000 | data 0.0s compute 33.6s
[iter 15600] lr=6.81e-04 loss=1.284 motion=0.000 semantic=0.284 dice=1.000 offset=-0.000 | data 0.0s compute 34.0s
[iter 15650] lr=6.79e-04 loss=1.534 motion=0.003 semantic=0.429 dice=1.000 offset=0.102 | data 0.0s compute 30.6s
[iter 15700] lr=6.77e-04 loss=1.528 motion=0.000 semantic=0.528 dice=1.000 offset=0.000 | data 0.0s compute 33.2s
[iter 15750] lr=6.75e-04 loss=1.366 motion=0.000 semantic=0.366 dice=1.000 offset=0.000 | data 0.0s compute 33.0s
[iter 15800] lr=6.73e-04 loss=1.491 motion=0.000 semantic=0.491 dice=1.000 offset=0.000 | data 0.0s compute 32.6s
[iter 15850] lr=6.71e-04 loss=0.924 motion=0.006 semantic=0.584 dice=0.091 offset=0.243 | data 0.0s compute 32.7s
[iter 15900] lr=6.70e-04 loss=1.608 motion=0.000 semantic=0.608 dice=1.000 offset=0.000 | data 0.0s compute 32.4s
[iter 15950] lr=6.68e-04 loss=0.644 motion=0.000 semantic=0.379 dice=0.034 offset=0.231 | data 0.0s compute 31.9s
  [val @ 16000] moving_iou=0.5635 P=0.834 R=0.635 semantic_miou=0.3241
[iter 16000] lr=6.66e-04 loss=0.825 motion=0.004 semantic=0.328 dice=0.172 offset=0.320 | data 0.0s compute 33.1s
[iter 16050] lr=6.64e-04 loss=0.602 motion=0.001 semantic=0.428 dice=0.007 offset=0.166 | data 0.0s compute 32.0s
[iter 16100] lr=6.62e-04 loss=0.808 motion=0.007 semantic=0.502 dice=0.085 offset=0.215 | data 0.0s compute 32.2s
[iter 16150] lr=6.60e-04 loss=0.415 motion=0.002 semantic=0.311 dice=0.038 offset=0.064 | data 0.0s compute 31.3s
[iter 16200] lr=6.58e-04 loss=0.581 motion=0.008 semantic=0.344 dice=0.014 offset=0.214 | data 0.0s compute 33.5s
[iter 16250] lr=6.56e-04 loss=1.399 motion=0.000 semantic=0.399 dice=1.000 offset=0.000 | data 0.0s compute 32.3s
[iter 16300] lr=6.55e-04 loss=0.706 motion=0.015 semantic=0.351 dice=0.025 offset=0.314 | data 0.0s compute 32.5s
[iter 16350] lr=6.53e-04 loss=0.905 motion=0.001 semantic=0.450 dice=0.329 offset=0.124 | data 0.0s compute 32.8s
[iter 16400] lr=6.51e-04 loss=1.651 motion=0.136 semantic=0.447 dice=0.748 offset=0.320 | data 0.0s compute 33.4s
[iter 16450] lr=6.49e-04 loss=1.431 motion=0.002 semantic=0.429 dice=1.000 offset=-0.000 | data 0.0s compute 33.3s
[iter 16500] lr=6.47e-04 loss=0.478 motion=0.000 semantic=0.352 dice=0.048 offset=0.077 | data 0.0s compute 31.3s
[iter 16550] lr=6.45e-04 loss=1.268 motion=0.000 semantic=0.268 dice=1.000 offset=0.000 | data 0.0s compute 31.3s
[iter 16600] lr=6.43e-04 loss=0.922 motion=0.002 semantic=0.390 dice=0.157 offset=0.372 | data 0.0s compute 32.5s
[iter 16650] lr=6.41e-04 loss=0.571 motion=0.010 semantic=0.366 dice=0.052 offset=0.143 | data 0.0s compute 32.4s
[iter 16700] lr=6.39e-04 loss=1.263 motion=0.000 semantic=0.263 dice=1.000 offset=0.000 | data 0.0s compute 32.2s
[iter 16750] lr=6.37e-04 loss=0.547 motion=0.002 semantic=0.357 dice=0.127 offset=0.061 | data 0.0s compute 31.8s
[iter 16800] lr=6.35e-04 loss=0.613 motion=0.004 semantic=0.357 dice=0.035 offset=0.217 | data 0.0s compute 33.8s
[iter 16850] lr=6.34e-04 loss=0.951 motion=0.004 semantic=0.359 dice=0.015 offset=0.572 | data 0.0s compute 32.6s
[iter 16900] lr=6.32e-04 loss=0.487 motion=0.002 semantic=0.284 dice=0.019 offset=0.183 | data 0.0s compute 32.0s
[iter 16950] lr=6.30e-04 loss=1.332 motion=0.006 semantic=0.295 dice=0.967 offset=0.064 | data 0.0s compute 33.1s
  [val @ 17000] moving_iou=0.5864 P=0.888 R=0.633 semantic_miou=0.3354
  [val @ 17000] new best -> best.pt (0.5864)
[iter 17000] lr=6.28e-04 loss=1.295 motion=0.001 semantic=0.294 dice=1.000 offset=-0.000 | data 0.0s compute 34.2s
[iter 17050] lr=6.26e-04 loss=2.677 motion=0.375 semantic=0.528 dice=0.243 offset=1.531 | data 0.0s compute 32.0s
[iter 17100] lr=6.24e-04 loss=1.353 motion=0.000 semantic=0.353 dice=1.000 offset=-0.000 | data 0.0s compute 32.3s
[iter 17150] lr=6.22e-04 loss=1.112 motion=0.006 semantic=0.542 dice=0.095 offset=0.469 | data 0.0s compute 32.3s
[iter 17200] lr=6.20e-04 loss=1.091 motion=0.000 semantic=0.520 dice=0.064 offset=0.506 | data 0.0s compute 32.8s
[iter 17250] lr=6.18e-04 loss=0.885 motion=0.005 semantic=0.389 dice=0.205 offset=0.286 | data 0.0s compute 32.6s
[iter 17300] lr=6.16e-04 loss=1.472 motion=0.000 semantic=0.472 dice=1.000 offset=0.000 | data 0.0s compute 33.5s
[iter 17350] lr=6.14e-04 loss=1.777 motion=0.446 semantic=0.451 dice=0.509 offset=0.370 | data 0.0s compute 33.1s
[iter 17400] lr=6.12e-04 loss=0.681 motion=0.004 semantic=0.364 dice=0.255 offset=0.058 | data 0.0s compute 32.9s
[iter 17450] lr=6.10e-04 loss=1.351 motion=0.000 semantic=0.351 dice=1.000 offset=0.000 | data 0.0s compute 32.1s
[iter 17500] lr=6.08e-04 loss=1.888 motion=0.175 semantic=0.423 dice=0.965 offset=0.325 | data 0.0s compute 31.1s
[iter 17550] lr=6.07e-04 loss=1.586 motion=0.013 semantic=0.340 dice=1.000 offset=0.234 | data 0.0s compute 32.7s
[iter 17600] lr=6.05e-04 loss=1.059 motion=0.004 semantic=0.490 dice=0.464 offset=0.101 | data 0.0s compute 32.3s
[iter 17650] lr=6.03e-04 loss=1.370 motion=0.001 semantic=0.327 dice=1.000 offset=0.042 | data 0.0s compute 33.8s
[iter 17700] lr=6.01e-04 loss=0.598 motion=0.001 semantic=0.442 dice=0.091 offset=0.065 | data 0.0s compute 31.8s
[iter 17750] lr=5.99e-04 loss=1.320 motion=0.000 semantic=0.320 dice=1.000 offset=0.000 | data 0.0s compute 33.7s
[iter 17800] lr=5.97e-04 loss=1.724 motion=0.117 semantic=0.640 dice=0.734 offset=0.233 | data 0.0s compute 32.6s
[iter 17850] lr=5.95e-04 loss=0.458 motion=0.000 semantic=0.335 dice=0.057 offset=0.066 | data 0.0s compute 33.0s
[iter 17900] lr=5.93e-04 loss=1.545 motion=0.000 semantic=0.545 dice=1.000 offset=0.000 | data 0.0s compute 32.5s
[iter 17950] lr=5.91e-04 loss=1.621 motion=0.000 semantic=0.621 dice=1.000 offset=0.000 | data 0.0s compute 32.8s
  [val @ 18000] moving_iou=0.5777 P=0.915 R=0.610 semantic_miou=0.3413
[iter 18000] lr=5.89e-04 loss=1.313 motion=0.000 semantic=0.312 dice=1.000 offset=-0.000 | data 0.0s compute 33.4s
[iter 18050] lr=5.87e-04 loss=1.457 motion=0.001 semantic=0.456 dice=1.000 offset=0.000 | data 0.0s compute 32.5s
[iter 18100] lr=5.85e-04 loss=1.359 motion=0.000 semantic=0.359 dice=1.000 offset=0.000 | data 0.0s compute 32.6s
[iter 18150] lr=5.83e-04 loss=1.292 motion=0.000 semantic=0.292 dice=1.000 offset=0.000 | data 0.0s compute 33.1s
[iter 18200] lr=5.81e-04 loss=1.347 motion=0.000 semantic=0.347 dice=1.000 offset=0.000 | data 0.0s compute 33.5s
[iter 18250] lr=5.79e-04 loss=1.380 motion=0.000 semantic=0.380 dice=1.000 offset=0.000 | data 0.0s compute 33.1s
[iter 18300] lr=5.77e-04 loss=1.098 motion=0.011 semantic=0.643 dice=0.057 offset=0.387 | data 0.0s compute 32.7s
[iter 18350] lr=5.75e-04 loss=0.844 motion=0.005 semantic=0.590 dice=0.088 offset=0.161 | data 0.0s compute 32.3s
[iter 18400] lr=5.73e-04 loss=1.903 motion=0.383 semantic=0.664 dice=0.496 offset=0.360 | data 0.0s compute 31.5s
[iter 18450] lr=5.71e-04 loss=1.344 motion=0.000 semantic=0.344 dice=1.000 offset=0.000 | data 0.0s compute 33.1s
[iter 18500] lr=5.69e-04 loss=1.390 motion=0.000 semantic=0.390 dice=1.000 offset=0.000 | data 0.0s compute 33.3s
[iter 18550] lr=5.67e-04 loss=0.806 motion=0.019 semantic=0.340 dice=0.086 offset=0.362 | data 0.0s compute 34.5s
[iter 18600] lr=5.65e-04 loss=0.502 motion=0.000 semantic=0.333 dice=0.026 offset=0.143 | data 0.0s compute 31.7s
[iter 18650] lr=5.63e-04 loss=0.604 motion=0.004 semantic=0.445 dice=0.091 offset=0.064 | data 0.0s compute 33.2s
[iter 18700] lr=5.61e-04 loss=1.132 motion=0.000 semantic=0.531 dice=0.024 offset=0.576 | data 0.0s compute 31.0s
[iter 18750] lr=5.60e-04 loss=0.614 motion=0.000 semantic=0.526 dice=0.034 offset=0.053 | data 0.0s compute 31.3s
[iter 18800] lr=5.58e-04 loss=0.685 motion=0.000 semantic=0.392 dice=0.046 offset=0.246 | data 0.0s compute 32.8s
[iter 18850] lr=5.56e-04 loss=0.997 motion=0.001 semantic=0.518 dice=0.015 offset=0.463 | data 0.0s compute 33.2s
[iter 18900] lr=5.54e-04 loss=0.787 motion=0.072 semantic=0.282 dice=0.130 offset=0.303 | data 0.0s compute 32.4s
[iter 18950] lr=5.52e-04 loss=1.337 motion=0.000 semantic=0.337 dice=1.000 offset=0.000 | data 0.0s compute 32.1s
  [val @ 19000] moving_iou=0.5818 P=0.864 R=0.641 semantic_miou=0.3473
[iter 19000] lr=5.50e-04 loss=1.462 motion=0.000 semantic=0.462 dice=1.000 offset=0.000 | data 0.0s compute 31.2s
[iter 19050] lr=5.48e-04 loss=1.367 motion=0.001 semantic=0.367 dice=1.000 offset=-0.000 | data 0.0s compute 33.0s
[iter 19100] lr=5.46e-04 loss=0.552 motion=0.000 semantic=0.368 dice=0.083 offset=0.101 | data 0.0s compute 31.6s
[iter 19150] lr=5.44e-04 loss=1.395 motion=0.000 semantic=0.395 dice=1.000 offset=0.000 | data 2.1s compute 32.1s
[iter 19200] lr=5.42e-04 loss=1.350 motion=0.000 semantic=0.349 dice=1.000 offset=0.000 | data 0.0s compute 32.7s
[iter 19250] lr=5.40e-04 loss=0.435 motion=0.005 semantic=0.311 dice=0.039 offset=0.080 | data 0.0s compute 33.3s
[iter 19300] lr=5.38e-04 loss=0.660 motion=0.037 semantic=0.359 dice=0.110 offset=0.154 | data 0.0s compute 31.7s
[iter 19350] lr=5.36e-04 loss=0.651 motion=0.006 semantic=0.313 dice=0.098 offset=0.235 | data 0.0s compute 32.6s
[iter 19400] lr=5.34e-04 loss=0.654 motion=0.010 semantic=0.344 dice=0.058 offset=0.242 | data 0.0s compute 33.4s
[iter 19450] lr=5.32e-04 loss=0.497 motion=0.001 semantic=0.351 dice=0.016 offset=0.129 | data 0.0s compute 32.1s
[iter 19500] lr=5.30e-04 loss=0.738 motion=0.022 semantic=0.342 dice=0.079 offset=0.296 | data 0.0s compute 33.3s
[iter 19550] lr=5.28e-04 loss=1.286 motion=0.174 semantic=0.505 dice=0.304 offset=0.303 | data 0.0s compute 33.8s
[iter 19600] lr=5.26e-04 loss=0.719 motion=0.001 semantic=0.287 dice=0.378 offset=0.053 | data 0.0s compute 32.0s
[iter 19650] lr=5.24e-04 loss=0.560 motion=0.018 semantic=0.311 dice=0.086 offset=0.146 | data 0.0s compute 32.2s
[iter 19700] lr=5.22e-04 loss=0.896 motion=0.002 semantic=0.628 dice=0.192 offset=0.074 | data 0.0s compute 32.0s
[iter 19750] lr=5.20e-04 loss=0.681 motion=0.005 semantic=0.440 dice=0.044 offset=0.192 | data 0.0s compute 32.9s
[iter 19800] lr=5.18e-04 loss=1.393 motion=0.000 semantic=0.392 dice=1.000 offset=-0.000 | data 0.0s compute 32.3s
[iter 19850] lr=5.16e-04 loss=1.315 motion=0.000 semantic=0.315 dice=1.000 offset=0.000 | data 0.0s compute 33.4s
[iter 19900] lr=5.14e-04 loss=0.679 motion=0.006 semantic=0.456 dice=0.032 offset=0.185 | data 0.0s compute 33.3s
[iter 19950] lr=5.12e-04 loss=0.632 motion=0.002 semantic=0.456 dice=0.114 offset=0.060 | data 0.0s compute 32.1s
  [val @ 20000] moving_iou=0.5645 P=0.854 R=0.625 semantic_miou=0.3500
[iter 20000] lr=5.10e-04 loss=0.467 motion=0.007 semantic=0.295 dice=0.089 offset=0.076 | data 0.0s compute 32.9s
[iter 20050] lr=5.08e-04 loss=0.375 motion=0.000 semantic=0.313 dice=0.010 offset=0.052 | data 0.0s compute 32.4s
[iter 20100] lr=5.06e-04 loss=0.473 motion=0.000 semantic=0.387 dice=0.032 offset=0.053 | data 0.0s compute 32.4s
[iter 20150] lr=5.04e-04 loss=1.349 motion=0.001 semantic=0.348 dice=1.000 offset=0.000 | data 0.0s compute 31.3s
[iter 20200] lr=5.02e-04 loss=0.588 motion=0.007 semantic=0.429 dice=0.081 offset=0.071 | data 0.0s compute 32.3s
[iter 20250] lr=5.00e-04 loss=0.461 motion=0.002 semantic=0.347 dice=0.051 offset=0.062 | data 0.0s compute 32.1s
[iter 20300] lr=4.98e-04 loss=0.933 motion=0.013 semantic=0.382 dice=0.097 offset=0.441 | data 0.0s compute 31.6s
[iter 20350] lr=4.96e-04 loss=0.698 motion=0.001 semantic=0.432 dice=0.061 offset=0.204 | data 0.0s compute 33.3s
[iter 20400] lr=4.94e-04 loss=1.806 motion=0.296 semantic=0.478 dice=0.797 offset=0.235 | data 0.0s compute 31.8s
[iter 20450] lr=4.92e-04 loss=0.814 motion=0.020 semantic=0.307 dice=0.182 offset=0.305 | data 0.0s compute 32.6s
[iter 20500] lr=4.90e-04 loss=1.291 motion=0.023 semantic=0.448 dice=0.735 offset=0.085 | data 0.0s compute 32.2s
[iter 20550] lr=4.88e-04 loss=1.411 motion=0.000 semantic=0.411 dice=1.000 offset=0.000 | data 0.0s compute 32.8s
[iter 20600] lr=4.86e-04 loss=2.065 motion=0.510 semantic=0.373 dice=0.814 offset=0.368 | data 0.0s compute 32.9s
[iter 20650] lr=4.84e-04 loss=0.665 motion=0.010 semantic=0.332 dice=0.060 offset=0.262 | data 0.0s compute 33.0s
[iter 20700] lr=4.82e-04 loss=0.828 motion=0.030 semantic=0.490 dice=0.054 offset=0.254 | data 0.0s compute 30.2s
[iter 20750] lr=4.80e-04 loss=0.619 motion=0.004 semantic=0.438 dice=0.114 offset=0.063 | data 0.0s compute 32.2s
[iter 20800] lr=4.78e-04 loss=0.769 motion=0.003 semantic=0.507 dice=0.096 offset=0.163 | data 0.0s compute 32.3s
[iter 20850] lr=4.76e-04 loss=1.356 motion=0.000 semantic=0.356 dice=1.000 offset=0.000 | data 0.0s compute 32.2s
[iter 20900] lr=4.74e-04 loss=0.860 motion=0.018 semantic=0.430 dice=0.095 offset=0.317 | data 0.0s compute 33.1s
[iter 20950] lr=4.72e-04 loss=1.497 motion=0.001 semantic=0.345 dice=1.000 offset=0.151 | data 0.0s compute 34.0s
  [val @ 21000] moving_iou=0.5818 P=0.901 R=0.622 semantic_miou=0.3489
[iter 21000] lr=4.70e-04 loss=0.781 motion=0.011 semantic=0.474 dice=0.023 offset=0.273 | data 0.0s compute 33.0s
[iter 21050] lr=4.68e-04 loss=0.685 motion=0.012 semantic=0.354 dice=0.042 offset=0.277 | data 0.0s compute 32.4s
[iter 21100] lr=4.66e-04 loss=1.319 motion=0.000 semantic=0.319 dice=1.000 offset=0.000 | data 0.0s compute 33.6s
[iter 21150] lr=4.64e-04 loss=0.768 motion=0.007 semantic=0.468 dice=0.032 offset=0.262 | data 0.0s compute 33.6s
[iter 21200] lr=4.62e-04 loss=0.635 motion=0.030 semantic=0.341 dice=0.091 offset=0.172 | data 0.0s compute 29.7s
[iter 21250] lr=4.60e-04 loss=0.601 motion=0.001 semantic=0.322 dice=0.046 offset=0.232 | data 0.0s compute 32.5s
[iter 21300] lr=4.58e-04 loss=1.396 motion=0.000 semantic=0.396 dice=1.000 offset=0.000 | data 0.0s compute 31.7s
[iter 21350] lr=4.56e-04 loss=1.515 motion=0.000 semantic=0.515 dice=1.000 offset=0.000 | data 0.0s compute 35.7s
[iter 21400] lr=4.54e-04 loss=0.803 motion=0.006 semantic=0.516 dice=0.026 offset=0.254 | data 0.0s compute 31.5s
[iter 21450] lr=4.52e-04 loss=0.556 motion=0.015 semantic=0.305 dice=0.180 offset=0.057 | data 0.0s compute 32.5s
[iter 21500] lr=4.50e-04 loss=1.033 motion=0.001 semantic=0.391 dice=0.557 offset=0.085 | data 0.0s compute 30.2s
[iter 21550] lr=4.48e-04 loss=0.886 motion=0.015 semantic=0.407 dice=0.049 offset=0.415 | data 0.0s compute 34.5s
[iter 21600] lr=4.46e-04 loss=1.365 motion=0.000 semantic=0.365 dice=1.000 offset=0.000 | data 0.0s compute 32.2s
[iter 21650] lr=4.44e-04 loss=0.584 motion=0.004 semantic=0.365 dice=0.042 offset=0.172 | data 0.0s compute 32.4s
[iter 21700] lr=4.42e-04 loss=0.455 motion=0.000 semantic=0.354 dice=0.027 offset=0.074 | data 0.0s compute 32.1s
[iter 21750] lr=4.40e-04 loss=0.516 motion=0.000 semantic=0.445 dice=0.013 offset=0.058 | data 0.0s compute 32.7s
[iter 21800] lr=4.39e-04 loss=0.809 motion=0.004 semantic=0.569 dice=0.033 offset=0.204 | data 0.0s compute 31.7s
[iter 21850] lr=4.37e-04 loss=0.591 motion=0.006 semantic=0.449 dice=0.037 offset=0.099 | data 0.0s compute 32.9s
[iter 21900] lr=4.35e-04 loss=0.540 motion=0.001 semantic=0.307 dice=0.155 offset=0.078 | data 0.0s compute 33.7s
[iter 21950] lr=4.33e-04 loss=0.469 motion=0.000 semantic=0.368 dice=0.030 offset=0.071 | data 0.0s compute 30.8s
  [val @ 22000] moving_iou=0.5701 P=0.926 R=0.597 semantic_miou=0.3525
[iter 22000] lr=4.31e-04 loss=1.321 motion=0.000 semantic=0.321 dice=1.000 offset=0.000 | data 0.0s compute 31.7s
[iter 22050] lr=4.29e-04 loss=0.730 motion=0.035 semantic=0.438 dice=0.079 offset=0.177 | data 0.0s compute 32.9s
[iter 22100] lr=4.27e-04 loss=1.295 motion=0.000 semantic=0.295 dice=1.000 offset=0.000 | data 0.0s compute 32.8s
[iter 22150] lr=4.25e-04 loss=0.754 motion=0.003 semantic=0.512 dice=0.057 offset=0.183 | data 0.0s compute 31.5s
[iter 22200] lr=4.23e-04 loss=0.624 motion=0.005 semantic=0.338 dice=0.028 offset=0.252 | data 0.0s compute 33.0s
[iter 22250] lr=4.21e-04 loss=0.835 motion=0.034 semantic=0.456 dice=0.059 offset=0.287 | data 0.0s compute 33.5s
[iter 22300] lr=4.19e-04 loss=0.711 motion=0.011 semantic=0.405 dice=0.025 offset=0.270 | data 0.0s compute 29.7s
[iter 22350] lr=4.17e-04 loss=1.320 motion=0.000 semantic=0.320 dice=1.000 offset=0.000 | data 0.0s compute 33.9s
[iter 22400] lr=4.15e-04 loss=1.402 motion=0.001 semantic=0.377 dice=1.000 offset=0.025 | data 0.0s compute 32.4s
[iter 22450] lr=4.13e-04 loss=1.021 motion=0.009 semantic=0.336 dice=0.513 offset=0.163 | data 0.0s compute 33.4s
[iter 22500] lr=4.11e-04 loss=0.885 motion=0.006 semantic=0.512 dice=0.044 offset=0.324 | data 0.0s compute 31.6s
[iter 22550] lr=4.09e-04 loss=0.625 motion=0.020 semantic=0.329 dice=0.153 offset=0.124 | data 0.0s compute 32.6s
[iter 22600] lr=4.07e-04 loss=0.703 motion=0.004 semantic=0.507 dice=0.042 offset=0.150 | data 0.0s compute 32.5s
[iter 22650] lr=4.05e-04 loss=0.631 motion=0.001 semantic=0.313 dice=0.224 offset=0.093 | data 0.0s compute 32.7s
[iter 22700] lr=4.03e-04 loss=1.266 motion=0.007 semantic=0.521 dice=0.595 offset=0.144 | data 0.0s compute 32.2s
[iter 22750] lr=4.01e-04 loss=1.533 motion=0.006 semantic=0.348 dice=1.000 offset=0.179 | data 0.0s compute 33.4s
[iter 22800] lr=3.99e-04 loss=1.452 motion=0.000 semantic=0.452 dice=1.000 offset=0.000 | data 0.0s compute 32.5s
[iter 22850] lr=3.97e-04 loss=0.688 motion=0.000 semantic=0.450 dice=0.101 offset=0.136 | data 0.0s compute 33.7s
[iter 22900] lr=3.95e-04 loss=0.709 motion=0.031 semantic=0.423 dice=0.092 offset=0.163 | data 0.0s compute 32.6s
[iter 22950] lr=3.93e-04 loss=0.471 motion=0.000 semantic=0.359 dice=0.056 offset=0.056 | data 0.0s compute 32.7s
  [val @ 23000] moving_iou=0.5731 P=0.907 R=0.609 semantic_miou=0.3466
[iter 23000] lr=3.92e-04 loss=1.338 motion=0.000 semantic=0.338 dice=1.000 offset=0.000 | data 0.0s compute 32.3s
[iter 23050] lr=3.90e-04 loss=1.482 motion=0.001 semantic=0.280 dice=0.999 offset=0.201 | data 0.0s compute 32.6s
[iter 23100] lr=3.88e-04 loss=1.364 motion=0.000 semantic=0.364 dice=1.000 offset=0.000 | data 0.0s compute 33.4s
[iter 23150] lr=3.86e-04 loss=0.492 motion=0.005 semantic=0.317 dice=0.042 offset=0.128 | data 0.0s compute 30.9s
[iter 23200] lr=3.84e-04 loss=0.586 motion=0.000 semantic=0.478 dice=0.047 offset=0.061 | data 0.0s compute 32.4s
[iter 23250] lr=3.82e-04 loss=0.760 motion=0.004 semantic=0.333 dice=0.268 offset=0.155 | data 0.0s compute 32.4s
[iter 23300] lr=3.80e-04 loss=1.240 motion=0.018 semantic=0.348 dice=0.340 offset=0.534 | data 0.0s compute 31.0s
[iter 23350] lr=3.78e-04 loss=1.283 motion=0.000 semantic=0.283 dice=1.000 offset=0.000 | data 0.0s compute 32.5s
[iter 23400] lr=3.76e-04 loss=1.258 motion=0.000 semantic=0.258 dice=1.000 offset=0.000 | data 0.0s compute 32.8s
[iter 23450] lr=3.74e-04 loss=1.628 motion=0.027 semantic=0.450 dice=0.964 offset=0.187 | data 0.0s compute 31.9s
[iter 23500] lr=3.72e-04 loss=1.526 motion=0.004 semantic=0.449 dice=1.000 offset=0.072 | data 0.0s compute 33.0s
[iter 23550] lr=3.70e-04 loss=1.393 motion=0.000 semantic=0.393 dice=1.000 offset=0.000 | data 0.0s compute 32.4s
[iter 23600] lr=3.68e-04 loss=1.365 motion=0.000 semantic=0.365 dice=1.000 offset=0.000 | data 0.0s compute 31.8s
[iter 23650] lr=3.66e-04 loss=1.011 motion=0.002 semantic=0.485 dice=0.412 offset=0.112 | data 0.0s compute 32.6s
[iter 23700] lr=3.65e-04 loss=1.348 motion=0.000 semantic=0.348 dice=1.000 offset=0.000 | data 0.0s compute 32.8s
[iter 23750] lr=3.63e-04 loss=0.645 motion=0.019 semantic=0.344 dice=0.052 offset=0.229 | data 0.0s compute 32.4s
[iter 23800] lr=3.61e-04 loss=0.815 motion=0.001 semantic=0.379 dice=0.306 offset=0.129 | data 0.0s compute 32.1s
[iter 23850] lr=3.59e-04 loss=1.140 motion=0.184 semantic=0.268 dice=0.517 offset=0.170 | data 0.0s compute 32.2s
[iter 23900] lr=3.57e-04 loss=0.580 motion=0.004 semantic=0.417 dice=0.034 offset=0.125 | data 0.0s compute 32.6s
[iter 23950] lr=3.55e-04 loss=1.128 motion=0.129 semantic=0.431 dice=0.310 offset=0.257 | data 0.0s compute 32.6s
  [val @ 24000] moving_iou=0.5494 P=0.914 R=0.580 semantic_miou=0.3544
[iter 24000] lr=3.53e-04 loss=0.571 motion=0.007 semantic=0.362 dice=0.072 offset=0.130 | data 0.0s compute 33.1s
[iter 24050] lr=3.51e-04 loss=0.600 motion=0.004 semantic=0.336 dice=0.021 offset=0.238 | data 0.0s compute 32.2s
[iter 24100] lr=3.49e-04 loss=0.679 motion=0.001 semantic=0.589 dice=0.035 offset=0.054 | data 0.0s compute 32.8s
[iter 24150] lr=3.47e-04 loss=1.384 motion=0.000 semantic=0.384 dice=1.000 offset=0.000 | data 0.0s compute 32.8s
[iter 24200] lr=3.45e-04 loss=1.229 motion=0.000 semantic=0.229 dice=1.000 offset=0.000 | data 0.0s compute 31.8s
[iter 24250] lr=3.44e-04 loss=0.474 motion=0.007 semantic=0.304 dice=0.018 offset=0.145 | data 0.0s compute 32.6s
[iter 24300] lr=3.42e-04 loss=0.358 motion=0.000 semantic=0.278 dice=0.029 offset=0.050 | data 0.0s compute 32.7s
[iter 24350] lr=3.40e-04 loss=1.403 motion=0.000 semantic=0.403 dice=1.000 offset=0.000 | data 0.0s compute 33.1s
[iter 24400] lr=3.38e-04 loss=1.339 motion=0.000 semantic=0.339 dice=1.000 offset=0.000 | data 0.0s compute 32.1s
[iter 24450] lr=3.36e-04 loss=0.707 motion=0.033 semantic=0.281 dice=0.233 offset=0.159 | data 0.0s compute 33.6s
[iter 24500] lr=3.34e-04 loss=0.606 motion=0.003 semantic=0.355 dice=0.039 offset=0.209 | data 0.0s compute 32.3s
[iter 24550] lr=3.32e-04 loss=1.337 motion=0.000 semantic=0.337 dice=1.000 offset=0.000 | data 0.0s compute 32.8s
[iter 24600] lr=3.30e-04 loss=0.847 motion=0.005 semantic=0.313 dice=0.424 offset=0.105 | data 0.0s compute 33.5s
[iter 24650] lr=3.29e-04 loss=1.273 motion=0.000 semantic=0.273 dice=1.000 offset=0.000 | data 0.0s compute 32.8s
[iter 24700] lr=3.27e-04 loss=1.359 motion=0.000 semantic=0.359 dice=1.000 offset=0.000 | data 0.0s compute 32.2s
[iter 24750] lr=3.25e-04 loss=1.349 motion=0.002 semantic=0.278 dice=0.992 offset=0.077 | data 0.0s compute 32.4s
[iter 24800] lr=3.23e-04 loss=0.532 motion=0.003 semantic=0.289 dice=0.197 offset=0.043 | data 0.0s compute 32.4s
[iter 24850] lr=3.21e-04 loss=0.691 motion=0.007 semantic=0.355 dice=0.049 offset=0.279 | data 0.0s compute 31.5s
[iter 24900] lr=3.19e-04 loss=0.316 motion=0.001 semantic=0.231 dice=0.034 offset=0.050 | data 0.0s compute 32.4s
[iter 24950] lr=3.17e-04 loss=0.479 motion=0.000 semantic=0.299 dice=0.033 offset=0.147 | data 0.0s compute 31.5s
  [val @ 25000] moving_iou=0.5641 P=0.897 R=0.603 semantic_miou=0.3553
[iter 25000] lr=3.16e-04 loss=1.465 motion=0.000 semantic=0.465 dice=1.000 offset=0.000 | data 0.0s compute 31.5s
[iter 25050] lr=3.14e-04 loss=1.509 motion=0.001 semantic=0.508 dice=1.000 offset=0.000 | data 0.0s compute 33.4s
[iter 25100] lr=3.12e-04 loss=1.405 motion=0.000 semantic=0.405 dice=1.000 offset=0.000 | data 0.0s compute 32.1s
[iter 25150] lr=3.10e-04 loss=0.628 motion=0.000 semantic=0.424 dice=0.057 offset=0.146 | data 0.0s compute 32.1s
[iter 25200] lr=3.08e-04 loss=1.337 motion=0.000 semantic=0.337 dice=1.000 offset=0.000 | data 0.0s compute 33.1s
[iter 25250] lr=3.06e-04 loss=1.374 motion=0.000 semantic=0.374 dice=1.000 offset=0.000 | data 0.0s compute 32.5s
[iter 25300] lr=3.05e-04 loss=1.293 motion=0.000 semantic=0.293 dice=1.000 offset=0.000 | data 0.0s compute 30.7s
[iter 25350] lr=3.03e-04 loss=0.383 motion=0.000 semantic=0.301 dice=0.027 offset=0.054 | data 0.0s compute 33.6s
[iter 25400] lr=3.01e-04 loss=0.648 motion=0.016 semantic=0.370 dice=0.047 offset=0.215 | data 0.0s compute 31.8s
[iter 25450] lr=2.99e-04 loss=0.573 motion=0.001 semantic=0.422 dice=0.011 offset=0.139 | data 0.0s compute 34.0s
[iter 25500] lr=2.97e-04 loss=1.268 motion=0.005 semantic=0.550 dice=0.429 offset=0.284 | data 0.0s compute 30.8s
[iter 25550] lr=2.95e-04 loss=1.092 motion=0.175 semantic=0.409 dice=0.245 offset=0.263 | data 0.0s compute 33.0s
[iter 25600] lr=2.94e-04 loss=0.601 motion=0.007 semantic=0.400 dice=0.104 offset=0.090 | data 0.0s compute 31.6s
[iter 25650] lr=2.92e-04 loss=1.319 motion=0.000 semantic=0.319 dice=1.000 offset=0.000 | data 0.0s compute 32.3s
[iter 25700] lr=2.90e-04 loss=0.509 motion=0.001 semantic=0.330 dice=0.007 offset=0.171 | data 0.0s compute 31.6s
[iter 25750] lr=2.88e-04 loss=1.270 motion=0.000 semantic=0.270 dice=1.000 offset=0.000 | data 0.0s compute 31.8s
[iter 25800] lr=2.86e-04 loss=1.292 motion=0.000 semantic=0.292 dice=1.000 offset=0.000 | data 0.0s compute 33.6s
[iter 25850] lr=2.85e-04 loss=1.377 motion=0.001 semantic=0.376 dice=1.000 offset=0.000 | data 0.0s compute 32.7s
[iter 25900] lr=2.83e-04 loss=1.440 motion=0.000 semantic=0.440 dice=1.000 offset=0.000 | data 0.0s compute 32.7s
[iter 25950] lr=2.81e-04 loss=0.902 motion=0.016 semantic=0.407 dice=0.036 offset=0.442 | data 0.0s compute 32.4s
  [val @ 26000] moving_iou=0.5753 P=0.912 R=0.609 semantic_miou=0.3592
[iter 26000] lr=2.79e-04 loss=0.430 motion=0.003 semantic=0.279 dice=0.016 offset=0.132 | data 0.0s compute 32.5s
[iter 26050] lr=2.77e-04 loss=0.443 motion=0.000 semantic=0.297 dice=0.063 offset=0.083 | data 0.0s compute 32.2s
[iter 26100] lr=2.76e-04 loss=0.902 motion=0.007 semantic=0.523 dice=0.138 offset=0.233 | data 0.0s compute 31.6s
[iter 26150] lr=2.74e-04 loss=0.889 motion=0.007 semantic=0.452 dice=0.152 offset=0.278 | data 0.0s compute 31.9s
[iter 26200] lr=2.72e-04 loss=1.406 motion=0.000 semantic=0.406 dice=1.000 offset=-0.000 | data 0.0s compute 33.4s
[iter 26250] lr=2.70e-04 loss=1.375 motion=0.001 semantic=0.374 dice=1.000 offset=-0.000 | data 0.0s compute 32.8s
[iter 26300] lr=2.69e-04 loss=0.504 motion=0.005 semantic=0.264 dice=0.056 offset=0.179 | data 0.0s compute 32.3s
[iter 26350] lr=2.67e-04 loss=1.352 motion=0.001 semantic=0.351 dice=1.000 offset=-0.000 | data 0.0s compute 32.2s
[iter 26400] lr=2.65e-04 loss=0.408 motion=0.001 semantic=0.329 dice=0.018 offset=0.060 | data 0.0s compute 32.9s
[iter 26450] lr=2.63e-04 loss=0.514 motion=0.005 semantic=0.363 dice=0.067 offset=0.080 | data 0.0s compute 32.7s
[iter 26500] lr=2.62e-04 loss=0.875 motion=0.011 semantic=0.509 dice=0.178 offset=0.177 | data 0.0s compute 32.4s
[iter 26550] lr=2.60e-04 loss=0.815 motion=0.005 semantic=0.496 dice=0.197 offset=0.117 | data 0.0s compute 33.5s
[iter 26600] lr=2.58e-04 loss=0.814 motion=0.001 semantic=0.408 dice=0.048 offset=0.357 | data 0.0s compute 32.0s
[iter 26650] lr=2.56e-04 loss=1.589 motion=0.008 semantic=0.464 dice=1.000 offset=0.118 | data 0.0s compute 32.3s
[iter 26700] lr=2.55e-04 loss=1.315 motion=0.000 semantic=0.315 dice=1.000 offset=0.000 | data 0.0s compute 33.4s
[iter 26750] lr=2.53e-04 loss=0.490 motion=0.004 semantic=0.325 dice=0.029 offset=0.133 | data 0.0s compute 33.5s
[iter 26800] lr=2.51e-04 loss=1.289 motion=0.000 semantic=0.289 dice=1.000 offset=0.000 | data 0.0s compute 33.2s
[iter 26850] lr=2.49e-04 loss=0.706 motion=0.044 semantic=0.394 dice=0.066 offset=0.202 | data 0.0s compute 32.0s
[iter 26900] lr=2.48e-04 loss=1.273 motion=0.000 semantic=0.273 dice=1.000 offset=0.000 | data 0.0s compute 32.6s
[iter 26950] lr=2.46e-04 loss=1.346 motion=0.000 semantic=0.346 dice=1.000 offset=0.000 | data 0.0s compute 32.6s
  [val @ 27000] moving_iou=0.6013 P=0.893 R=0.648 semantic_miou=0.3682
  [val @ 27000] new best -> best.pt (0.6013)
[iter 27000] lr=2.44e-04 loss=0.440 motion=0.000 semantic=0.296 dice=0.045 offset=0.099 | data 0.0s compute 32.9s
[iter 27050] lr=2.43e-04 loss=1.462 motion=0.000 semantic=0.462 dice=1.000 offset=0.000 | data 0.0s compute 32.8s
[iter 27100] lr=2.41e-04 loss=0.400 motion=0.004 semantic=0.285 dice=0.031 offset=0.079 | data 0.0s compute 33.4s
[iter 27150] lr=2.39e-04 loss=1.234 motion=0.000 semantic=0.234 dice=1.000 offset=0.000 | data 0.0s compute 32.8s
[iter 27200] lr=2.37e-04 loss=0.969 motion=0.100 semantic=0.552 dice=0.127 offset=0.190 | data 0.0s compute 32.5s
[iter 27250] lr=2.36e-04 loss=0.657 motion=0.007 semantic=0.408 dice=0.028 offset=0.213 | data 0.0s compute 32.7s
[iter 27300] lr=2.34e-04 loss=1.360 motion=0.000 semantic=0.360 dice=1.000 offset=0.000 | data 0.0s compute 33.0s
[iter 27350] lr=2.32e-04 loss=1.278 motion=0.000 semantic=0.277 dice=1.000 offset=0.000 | data 0.0s compute 34.1s
[iter 27400] lr=2.31e-04 loss=0.627 motion=0.013 semantic=0.390 dice=0.044 offset=0.180 | data 0.0s compute 33.9s
[iter 27450] lr=2.29e-04 loss=0.668 motion=0.006 semantic=0.342 dice=0.099 offset=0.221 | data 0.0s compute 32.4s
[iter 27500] lr=2.27e-04 loss=0.378 motion=0.003 semantic=0.289 dice=0.026 offset=0.060 | data 0.0s compute 34.4s
[iter 27550] lr=2.26e-04 loss=0.464 motion=0.001 semantic=0.360 dice=0.040 offset=0.064 | data 0.0s compute 31.4s
[iter 27600] lr=2.24e-04 loss=1.486 motion=0.000 semantic=0.486 dice=1.000 offset=0.000 | data 0.0s compute 33.1s
[iter 27650] lr=2.22e-04 loss=1.231 motion=0.000 semantic=0.231 dice=1.000 offset=-0.000 | data 0.0s compute 31.5s
[iter 27700] lr=2.21e-04 loss=1.397 motion=0.000 semantic=0.397 dice=1.000 offset=0.000 | data 0.0s compute 32.7s
[iter 27750] lr=2.19e-04 loss=1.455 motion=0.000 semantic=0.455 dice=1.000 offset=0.000 | data 0.0s compute 31.5s
[iter 27800] lr=2.17e-04 loss=0.763 motion=0.024 semantic=0.443 dice=0.033 offset=0.263 | data 0.0s compute 32.6s
[iter 27850] lr=2.16e-04 loss=0.459 motion=0.001 semantic=0.337 dice=0.054 offset=0.067 | data 0.0s compute 31.5s
[iter 27900] lr=2.14e-04 loss=0.648 motion=0.004 semantic=0.329 dice=0.059 offset=0.255 | data 0.0s compute 32.2s
[iter 27950] lr=2.13e-04 loss=1.460 motion=0.000 semantic=0.460 dice=1.000 offset=0.000 | data 0.0s compute 31.1s
  [val @ 28000] moving_iou=0.5835 P=0.911 R=0.619 semantic_miou=0.3657
[iter 28000] lr=2.11e-04 loss=1.262 motion=0.000 semantic=0.262 dice=1.000 offset=0.000 | data 0.0s compute 32.5s
[iter 28050] lr=2.09e-04 loss=1.254 motion=0.000 semantic=0.254 dice=1.000 offset=0.000 | data 0.0s compute 32.1s
[iter 28100] lr=2.08e-04 loss=0.769 motion=0.000 semantic=0.417 dice=0.242 offset=0.109 | data 0.0s compute 32.4s
[iter 28150] lr=2.06e-04 loss=1.014 motion=0.000 semantic=0.634 dice=0.051 offset=0.330 | data 0.0s compute 32.3s
[iter 28200] lr=2.05e-04 loss=1.447 motion=0.001 semantic=0.263 dice=1.000 offset=0.183 | data 0.0s compute 31.1s
[iter 28250] lr=2.03e-04 loss=1.489 motion=0.000 semantic=0.489 dice=1.000 offset=0.000 | data 0.0s compute 33.2s
[iter 28300] lr=2.01e-04 loss=0.361 motion=0.000 semantic=0.219 dice=0.002 offset=0.140 | data 0.0s compute 32.9s
[iter 28350] lr=2.00e-04 loss=0.465 motion=0.001 semantic=0.323 dice=0.056 offset=0.085 | data 0.0s compute 33.8s
[iter 28400] lr=1.98e-04 loss=0.579 motion=0.004 semantic=0.304 dice=0.186 offset=0.085 | data 0.0s compute 32.2s
[iter 28450] lr=1.97e-04 loss=1.278 motion=0.000 semantic=0.278 dice=1.000 offset=0.000 | data 0.0s compute 31.3s
[iter 28500] lr=1.95e-04 loss=1.394 motion=0.003 semantic=0.392 dice=1.000 offset=0.000 | data 0.0s compute 32.5s
[iter 28550] lr=1.93e-04 loss=0.723 motion=0.005 semantic=0.431 dice=0.067 offset=0.220 | data 0.0s compute 32.3s
[iter 28600] lr=1.92e-04 loss=1.477 motion=0.000 semantic=0.477 dice=1.000 offset=0.000 | data 0.0s compute 32.9s
[iter 28650] lr=1.90e-04 loss=0.623 motion=0.002 semantic=0.416 dice=0.029 offset=0.175 | data 0.0s compute 33.0s
[iter 28700] lr=1.89e-04 loss=0.670 motion=0.003 semantic=0.494 dice=0.034 offset=0.139 | data 1.9s compute 32.5s
[iter 28750] lr=1.87e-04 loss=0.647 motion=0.012 semantic=0.328 dice=0.086 offset=0.221 | data 0.0s compute 33.5s
[iter 28800] lr=1.86e-04 loss=1.302 motion=0.000 semantic=0.302 dice=1.000 offset=0.000 | data 0.0s compute 33.1s
[iter 28850] lr=1.84e-04 loss=1.279 motion=0.000 semantic=0.279 dice=1.000 offset=0.000 | data 0.0s compute 33.1s
[iter 28900] lr=1.83e-04 loss=0.962 motion=0.009 semantic=0.576 dice=0.160 offset=0.217 | data 0.0s compute 32.8s
[iter 28950] lr=1.81e-04 loss=0.971 motion=0.041 semantic=0.385 dice=0.035 offset=0.511 | data 0.0s compute 33.9s
  [val @ 29000] moving_iou=0.6012 P=0.896 R=0.646 semantic_miou=0.3658
[iter 29000] lr=1.79e-04 loss=0.591 motion=0.001 semantic=0.399 dice=0.009 offset=0.182 | data 0.0s compute 34.0s
[iter 29050] lr=1.78e-04 loss=1.274 motion=0.000 semantic=0.274 dice=1.000 offset=0.000 | data 0.0s compute 31.8s
[iter 29100] lr=1.76e-04 loss=1.278 motion=0.000 semantic=0.278 dice=1.000 offset=0.000 | data 0.0s compute 34.0s
[iter 29150] lr=1.75e-04 loss=1.776 motion=0.021 semantic=0.420 dice=0.998 offset=0.337 | data 0.0s compute 34.4s
[iter 29200] lr=1.73e-04 loss=1.272 motion=0.000 semantic=0.272 dice=1.000 offset=0.000 | data 0.0s compute 30.9s
[iter 29250] lr=1.72e-04 loss=0.961 motion=0.002 semantic=0.269 dice=0.619 offset=0.071 | data 0.0s compute 35.0s
[iter 29300] lr=1.70e-04 loss=1.370 motion=0.000 semantic=0.370 dice=1.000 offset=0.000 | data 0.0s compute 31.6s
[iter 29350] lr=1.69e-04 loss=1.258 motion=0.000 semantic=0.258 dice=1.000 offset=0.000 | data 0.0s compute 32.9s
[iter 29400] lr=1.67e-04 loss=0.774 motion=0.054 semantic=0.419 dice=0.070 offset=0.230 | data 0.0s compute 31.3s
[iter 29450] lr=1.66e-04 loss=1.299 motion=0.000 semantic=0.299 dice=1.000 offset=0.000 | data 0.0s compute 31.2s
[iter 29500] lr=1.64e-04 loss=1.501 motion=0.018 semantic=0.388 dice=1.000 offset=0.094 | data 0.0s compute 33.5s
[iter 29550] lr=1.63e-04 loss=0.335 motion=0.000 semantic=0.294 dice=0.005 offset=0.036 | data 0.0s compute 32.2s
[iter 29600] lr=1.62e-04 loss=0.490 motion=0.001 semantic=0.283 dice=0.098 offset=0.109 | data 0.0s compute 31.6s
[iter 29650] lr=1.60e-04 loss=0.708 motion=0.002 semantic=0.438 dice=0.143 offset=0.125 | data 0.0s compute 33.2s
[iter 29700] lr=1.59e-04 loss=0.701 motion=0.001 semantic=0.415 dice=0.060 offset=0.226 | data 0.0s compute 32.9s
[iter 29750] lr=1.57e-04 loss=1.335 motion=0.000 semantic=0.335 dice=1.000 offset=0.000 | data 0.0s compute 32.7s
[iter 29800] lr=1.56e-04 loss=0.457 motion=0.008 semantic=0.235 dice=0.041 offset=0.173 | data 0.0s compute 32.2s
[iter 29850] lr=1.54e-04 loss=0.558 motion=0.001 semantic=0.449 dice=0.027 offset=0.081 | data 0.0s compute 32.7s
[iter 29900] lr=1.53e-04 loss=0.492 motion=0.000 semantic=0.426 dice=0.014 offset=0.052 | data 0.0s compute 31.3s
[iter 29950] lr=1.51e-04 loss=1.055 motion=0.095 semantic=0.346 dice=0.065 offset=0.549 | data 0.0s compute 33.1s
  [val @ 30000] moving_iou=0.5978 P=0.885 R=0.648 semantic_miou=0.3673
[iter 30000] lr=1.50e-04 loss=1.346 motion=0.000 semantic=0.346 dice=1.000 offset=0.000 | data 0.0s compute 33.7s
[iter 30050] lr=1.49e-04 loss=0.766 motion=0.000 semantic=0.195 dice=0.029 offset=0.543 | data 0.0s compute 32.2s
[iter 30100] lr=1.47e-04 loss=0.472 motion=0.000 semantic=0.301 dice=0.057 offset=0.114 | data 0.0s compute 32.4s
[iter 30150] lr=1.46e-04 loss=0.574 motion=0.002 semantic=0.376 dice=0.062 offset=0.133 | data 0.0s compute 32.9s
[iter 30200] lr=1.44e-04 loss=0.701 motion=0.015 semantic=0.306 dice=0.043 offset=0.337 | data 0.0s compute 32.4s
[iter 30250] lr=1.43e-04 loss=0.610 motion=0.008 semantic=0.369 dice=0.010 offset=0.222 | data 0.0s compute 33.3s
[iter 30300] lr=1.42e-04 loss=1.334 motion=0.004 semantic=0.277 dice=1.000 offset=0.052 | data 0.0s compute 32.9s
[iter 30350] lr=1.40e-04 loss=0.680 motion=0.007 semantic=0.384 dice=0.072 offset=0.217 | data 0.0s compute 32.8s
[iter 30400] lr=1.39e-04 loss=1.297 motion=0.000 semantic=0.297 dice=1.000 offset=0.000 | data 0.0s compute 33.4s
[iter 30450] lr=1.37e-04 loss=0.586 motion=0.000 semantic=0.444 dice=0.044 offset=0.099 | data 0.0s compute 32.7s
[iter 30500] lr=1.36e-04 loss=1.366 motion=0.000 semantic=0.366 dice=1.000 offset=0.000 | data 0.0s compute 32.5s
[iter 30550] lr=1.35e-04 loss=0.567 motion=0.002 semantic=0.379 dice=0.111 offset=0.074 | data 0.0s compute 32.1s
[iter 30600] lr=1.33e-04 loss=1.283 motion=0.000 semantic=0.283 dice=1.000 offset=0.000 | data 0.0s compute 33.3s
[iter 30650] lr=1.32e-04 loss=1.531 motion=0.024 semantic=0.253 dice=1.000 offset=0.254 | data 0.0s compute 30.8s
[iter 30700] lr=1.31e-04 loss=1.372 motion=0.002 semantic=0.371 dice=1.000 offset=0.000 | data 0.0s compute 32.4s
[iter 30750] lr=1.29e-04 loss=1.168 motion=0.040 semantic=0.283 dice=0.436 offset=0.410 | data 0.0s compute 33.1s
[iter 30800] lr=1.28e-04 loss=0.593 motion=0.009 semantic=0.354 dice=0.086 offset=0.144 | data 0.0s compute 33.0s
[iter 30850] lr=1.27e-04 loss=0.425 motion=0.015 semantic=0.217 dice=0.023 offset=0.170 | data 0.0s compute 33.6s
[iter 30900] lr=1.25e-04 loss=0.848 motion=0.003 semantic=0.430 dice=0.284 offset=0.132 | data 0.0s compute 33.6s
[iter 30950] lr=1.24e-04 loss=0.744 motion=0.003 semantic=0.558 dice=0.085 offset=0.098 | data 0.0s compute 33.7s
  [val @ 31000] moving_iou=0.5963 P=0.886 R=0.646 semantic_miou=0.3644
[iter 31000] lr=1.23e-04 loss=0.914 motion=0.005 semantic=0.614 dice=0.116 offset=0.179 | data 0.0s compute 33.1s
[iter 31050] lr=1.21e-04 loss=0.704 motion=0.008 semantic=0.496 dice=0.027 offset=0.172 | data 0.0s compute 32.5s
[iter 31100] lr=1.20e-04 loss=0.547 motion=0.000 semantic=0.424 dice=0.046 offset=0.077 | data 0.0s compute 33.0s
[iter 31150] lr=1.19e-04 loss=1.309 motion=0.000 semantic=0.309 dice=1.000 offset=0.000 | data 0.0s compute 32.5s
[iter 31200] lr=1.18e-04 loss=0.468 motion=0.000 semantic=0.343 dice=0.026 offset=0.098 | data 0.0s compute 32.3s
[iter 31250] lr=1.16e-04 loss=0.536 motion=0.004 semantic=0.269 dice=0.035 offset=0.229 | data 0.0s compute 32.2s
[iter 31300] lr=1.15e-04 loss=1.375 motion=0.004 semantic=0.303 dice=1.000 offset=0.068 | data 0.0s compute 32.2s
[iter 31350] lr=1.14e-04 loss=1.597 motion=0.084 semantic=0.367 dice=0.671 offset=0.475 | data 0.0s compute 31.8s
[iter 31400] lr=1.12e-04 loss=0.493 motion=0.009 semantic=0.266 dice=0.022 offset=0.196 | data 0.0s compute 31.9s
[iter 31450] lr=1.11e-04 loss=0.678 motion=0.001 semantic=0.451 dice=0.070 offset=0.155 | data 0.0s compute 32.6s
[iter 31500] lr=1.10e-04 loss=0.685 motion=0.000 semantic=0.372 dice=0.223 offset=0.090 | data 0.0s compute 32.7s
[iter 31550] lr=1.09e-04 loss=1.430 motion=0.002 semantic=0.428 dice=1.000 offset=0.000 | data 0.0s compute 32.6s
[iter 31600] lr=1.07e-04 loss=0.756 motion=0.013 semantic=0.535 dice=0.015 offset=0.193 | data 0.0s compute 32.7s
[iter 31650] lr=1.06e-04 loss=0.712 motion=0.005 semantic=0.380 dice=0.046 offset=0.282 | data 0.0s compute 31.4s
[iter 31700] lr=1.05e-04 loss=1.297 motion=0.001 semantic=0.296 dice=1.000 offset=0.000 | data 0.0s compute 33.6s
[iter 31750] lr=1.04e-04 loss=0.608 motion=0.000 semantic=0.337 dice=0.143 offset=0.127 | data 0.0s compute 31.9s
[iter 31800] lr=1.03e-04 loss=0.412 motion=0.002 semantic=0.355 dice=0.014 offset=0.042 | data 0.0s compute 32.1s
[iter 31850] lr=1.01e-04 loss=0.993 motion=0.006 semantic=0.387 dice=0.548 offset=0.053 | data 0.0s compute 32.0s
[iter 31900] lr=1.00e-04 loss=0.410 motion=0.008 semantic=0.297 dice=0.052 offset=0.053 | data 0.0s compute 32.6s
[iter 31950] lr=9.90e-05 loss=0.525 motion=0.000 semantic=0.462 dice=0.010 offset=0.053 | data 0.0s compute 32.7s
  [val @ 32000] moving_iou=0.6002 P=0.893 R=0.647 semantic_miou=0.3763
[iter 32000] lr=9.78e-05 loss=0.529 motion=0.007 semantic=0.305 dice=0.008 offset=0.209 | data 0.1s compute 32.0s
[iter 32050] lr=9.67e-05 loss=0.483 motion=0.002 semantic=0.374 dice=0.054 offset=0.053 | data 0.0s compute 31.0s
[iter 32100] lr=9.55e-05 loss=0.520 motion=0.000 semantic=0.320 dice=0.058 offset=0.142 | data 0.0s compute 32.8s
[iter 32150] lr=9.43e-05 loss=0.550 motion=0.000 semantic=0.332 dice=0.062 offset=0.157 | data 0.0s compute 31.9s
[iter 32200] lr=9.32e-05 loss=0.483 motion=0.005 semantic=0.345 dice=0.017 offset=0.117 | data 0.0s compute 31.9s
[iter 32250] lr=9.20e-05 loss=0.611 motion=0.001 semantic=0.485 dice=0.053 offset=0.071 | data 0.0s compute 32.9s
[iter 32300] lr=9.09e-05 loss=0.623 motion=0.001 semantic=0.400 dice=0.010 offset=0.213 | data 0.0s compute 33.1s
[iter 32350] lr=8.97e-05 loss=1.350 motion=0.000 semantic=0.350 dice=1.000 offset=0.000 | data 0.0s compute 32.5s
[iter 32400] lr=8.86e-05 loss=0.702 motion=0.031 semantic=0.310 dice=0.140 offset=0.222 | data 0.0s compute 32.0s
[iter 32450] lr=8.75e-05 loss=0.724 motion=0.005 semantic=0.429 dice=0.211 offset=0.079 | data 0.0s compute 33.4s
[iter 32500] lr=8.63e-05 loss=1.000 motion=0.021 semantic=0.306 dice=0.055 offset=0.618 | data 0.0s compute 31.5s
[iter 32550] lr=8.52e-05 loss=0.899 motion=0.004 semantic=0.336 dice=0.032 offset=0.526 | data 0.0s compute 32.4s
[iter 32600] lr=8.41e-05 loss=0.497 motion=0.000 semantic=0.386 dice=0.035 offset=0.075 | data 0.0s compute 35.0s
[iter 32650] lr=8.30e-05 loss=1.323 motion=0.000 semantic=0.323 dice=1.000 offset=0.000 | data 0.0s compute 31.3s
[iter 32700] lr=8.19e-05 loss=1.394 motion=0.002 semantic=0.322 dice=1.000 offset=0.070 | data 0.0s compute 31.7s
[iter 32750] lr=8.08e-05 loss=0.648 motion=0.015 semantic=0.338 dice=0.067 offset=0.228 | data 0.0s compute 33.1s
[iter 32800] lr=7.98e-05 loss=0.687 motion=0.018 semantic=0.428 dice=0.031 offset=0.210 | data 0.0s compute 30.7s
[iter 32850] lr=7.87e-05 loss=1.224 motion=0.000 semantic=0.224 dice=1.000 offset=0.000 | data 0.0s compute 32.7s
[iter 32900] lr=7.76e-05 loss=1.298 motion=0.000 semantic=0.298 dice=1.000 offset=0.000 | data 0.0s compute 31.3s
[iter 32950] lr=7.66e-05 loss=0.884 motion=0.001 semantic=0.223 dice=0.047 offset=0.612 | data 0.0s compute 32.4s
  [val @ 33000] moving_iou=0.5993 P=0.908 R=0.638 semantic_miou=0.3731
[iter 33000] lr=7.55e-05 loss=0.751 motion=0.008 semantic=0.317 dice=0.034 offset=0.391 | data 0.0s compute 32.6s
[iter 33050] lr=7.45e-05 loss=1.498 motion=0.002 semantic=0.369 dice=0.875 offset=0.252 | data 0.0s compute 31.9s
[iter 33100] lr=7.34e-05 loss=0.504 motion=0.006 semantic=0.287 dice=0.060 offset=0.151 | data 0.0s compute 32.2s
[iter 33150] lr=7.24e-05 loss=0.566 motion=0.024 semantic=0.349 dice=0.063 offset=0.130 | data 0.0s compute 33.4s
[iter 33200] lr=7.14e-05 loss=0.414 motion=0.002 semantic=0.292 dice=0.029 offset=0.091 | data 0.0s compute 32.0s
[iter 33250] lr=7.03e-05 loss=0.571 motion=0.001 semantic=0.325 dice=0.159 offset=0.087 | data 0.0s compute 32.2s
[iter 33300] lr=6.93e-05 loss=1.362 motion=0.000 semantic=0.362 dice=1.000 offset=0.000 | data 0.0s compute 33.1s
[iter 33350] lr=6.83e-05 loss=1.222 motion=0.009 semantic=0.213 dice=1.000 offset=-0.000 | data -2.1s compute 34.6s
[iter 33400] lr=6.73e-05 loss=0.566 motion=0.000 semantic=0.391 dice=0.086 offset=0.089 | data 0.0s compute 33.4s
[iter 33450] lr=6.63e-05 loss=0.460 motion=0.003 semantic=0.306 dice=0.039 offset=0.111 | data 0.0s compute 31.9s
[iter 33500] lr=6.53e-05 loss=0.418 motion=0.001 semantic=0.345 dice=0.017 offset=0.055 | data 0.0s compute 32.3s
[iter 33550] lr=6.44e-05 loss=1.333 motion=0.000 semantic=0.333 dice=1.000 offset=-0.000 | data 0.0s compute 30.9s
[iter 33600] lr=6.34e-05 loss=1.400 motion=0.000 semantic=0.400 dice=1.000 offset=0.000 | data 0.0s compute 32.8s
[iter 33650] lr=6.24e-05 loss=1.208 motion=0.000 semantic=0.208 dice=1.000 offset=-0.000 | data 0.0s compute 32.6s
[iter 33700] lr=6.15e-05 loss=1.313 motion=0.000 semantic=0.313 dice=1.000 offset=0.000 | data 0.0s compute 32.5s
[iter 33750] lr=6.05e-05 loss=1.299 motion=0.000 semantic=0.299 dice=1.000 offset=0.000 | data 0.0s compute 33.3s
[iter 33800] lr=5.96e-05 loss=0.754 motion=0.035 semantic=0.299 dice=0.127 offset=0.293 | data 0.0s compute 32.1s
[iter 33850] lr=5.86e-05 loss=0.609 motion=0.002 semantic=0.285 dice=0.140 offset=0.181 | data 0.0s compute 32.9s
[iter 33900] lr=5.77e-05 loss=1.372 motion=0.000 semantic=0.372 dice=1.000 offset=0.000 | data 0.0s compute 32.3s
[iter 33950] lr=5.68e-05 loss=0.446 motion=0.004 semantic=0.300 dice=0.013 offset=0.129 | data 0.0s compute 33.5s
  [val @ 34000] moving_iou=0.6013 P=0.902 R=0.643 semantic_miou=0.3803
[iter 34000] lr=5.59e-05 loss=0.382 motion=0.012 semantic=0.203 dice=0.080 offset=0.087 | data 0.0s compute 32.1s
[iter 34050] lr=5.49e-05 loss=0.693 motion=0.018 semantic=0.327 dice=0.029 offset=0.319 | data 0.0s compute 32.9s
[iter 34100] lr=5.40e-05 loss=0.539 motion=0.008 semantic=0.361 dice=0.016 offset=0.154 | data 0.0s compute 32.7s
[iter 34150] lr=5.32e-05 loss=0.479 motion=0.002 semantic=0.381 dice=0.040 offset=0.057 | data 0.0s compute 32.0s
[iter 34200] lr=5.23e-05 loss=1.189 motion=0.000 semantic=0.189 dice=1.000 offset=-0.000 | data 0.0s compute 32.9s
[iter 34250] lr=5.14e-05 loss=1.276 motion=0.000 semantic=0.276 dice=1.000 offset=0.000 | data 0.0s compute 32.8s
[iter 34300] lr=5.05e-05 loss=0.678 motion=0.000 semantic=0.451 dice=0.014 offset=0.213 | data 0.0s compute 33.7s
[iter 34350] lr=4.96e-05 loss=1.461 motion=0.001 semantic=0.355 dice=1.000 offset=0.106 | data 0.0s compute 32.5s
[iter 34400] lr=4.88e-05 loss=0.481 motion=0.007 semantic=0.336 dice=0.089 offset=0.050 | data 0.0s compute 31.4s
[iter 34450] lr=4.79e-05 loss=0.369 motion=0.002 semantic=0.225 dice=0.008 offset=0.135 | data 0.0s compute 33.3s
[iter 34500] lr=4.71e-05 loss=0.973 motion=0.009 semantic=0.489 dice=0.265 offset=0.211 | data 0.0s compute 30.4s
[iter 34550] lr=4.62e-05 loss=0.544 motion=0.003 semantic=0.266 dice=0.006 offset=0.268 | data 0.0s compute 32.9s
[iter 34600] lr=4.54e-05 loss=0.784 motion=0.004 semantic=0.379 dice=0.041 offset=0.361 | data 0.0s compute 33.3s
[iter 34650] lr=4.46e-05 loss=0.405 motion=0.000 semantic=0.340 dice=0.022 offset=0.042 | data 0.0s compute 32.7s
[iter 34700] lr=4.38e-05 loss=1.219 motion=0.000 semantic=0.219 dice=1.000 offset=0.000 | data 0.0s compute 32.2s
[iter 34750] lr=4.30e-05 loss=0.539 motion=0.000 semantic=0.420 dice=0.074 offset=0.045 | data 0.0s compute 32.1s
[iter 34800] lr=4.22e-05 loss=0.650 motion=0.003 semantic=0.411 dice=0.027 offset=0.209 | data 0.0s compute 32.6s
[iter 34850] lr=4.14e-05 loss=0.489 motion=0.002 semantic=0.266 dice=0.108 offset=0.113 | data 0.0s compute 31.9s
[iter 34900] lr=4.06e-05 loss=0.523 motion=0.003 semantic=0.357 dice=0.019 offset=0.144 | data 0.0s compute 33.0s
[iter 34950] lr=3.98e-05 loss=0.583 motion=0.038 semantic=0.312 dice=0.079 offset=0.153 | data 0.0s compute 31.8s
  [val @ 35000] moving_iou=0.5984 P=0.899 R=0.642 semantic_miou=0.3733
[iter 35000] lr=3.90e-05 loss=0.543 motion=0.011 semantic=0.342 dice=0.033 offset=0.157 | data 0.0s compute 32.3s
[iter 35050] lr=3.83e-05 loss=0.583 motion=0.007 semantic=0.402 dice=0.017 offset=0.158 | data 0.0s compute 33.2s
[iter 35100] lr=3.75e-05 loss=1.398 motion=0.000 semantic=0.398 dice=1.000 offset=0.000 | data 0.0s compute 33.1s
[iter 35150] lr=3.67e-05 loss=0.359 motion=0.000 semantic=0.283 dice=0.032 offset=0.044 | data 0.0s compute 32.1s
[iter 35200] lr=3.60e-05 loss=1.390 motion=0.000 semantic=0.390 dice=1.000 offset=0.000 | data 0.0s compute 32.5s
[iter 35250] lr=3.53e-05 loss=0.406 motion=0.001 semantic=0.309 dice=0.051 offset=0.044 | data 0.0s compute 32.7s
[iter 35300] lr=3.45e-05 loss=0.500 motion=0.001 semantic=0.351 dice=0.059 offset=0.088 | data 0.0s compute 33.1s
[iter 35350] lr=3.38e-05 loss=0.527 motion=0.005 semantic=0.390 dice=0.026 offset=0.105 | data 0.0s compute 33.0s
[iter 35400] lr=3.31e-05 loss=0.656 motion=0.010 semantic=0.365 dice=0.051 offset=0.231 | data 0.0s compute 31.8s
[iter 35450] lr=3.24e-05 loss=1.351 motion=0.000 semantic=0.351 dice=1.000 offset=0.000 | data 0.0s compute 32.7s
[iter 35500] lr=3.17e-05 loss=0.396 motion=0.005 semantic=0.265 dice=0.024 offset=0.102 | data 0.0s compute 32.0s
[iter 35550] lr=3.10e-05 loss=1.467 motion=0.000 semantic=0.467 dice=1.000 offset=0.000 | data 0.0s compute 31.4s
[iter 35600] lr=3.03e-05 loss=0.767 motion=0.016 semantic=0.322 dice=0.310 offset=0.119 | data 0.0s compute 30.7s
[iter 35650] lr=2.96e-05 loss=1.402 motion=0.000 semantic=0.402 dice=1.000 offset=0.000 | data 0.0s compute 32.9s
[iter 35700] lr=2.90e-05 loss=1.374 motion=0.000 semantic=0.374 dice=1.000 offset=0.000 | data 0.0s compute 31.5s
[iter 35750] lr=2.83e-05 loss=0.852 motion=0.010 semantic=0.220 dice=0.298 offset=0.324 | data 0.0s compute 33.0s
[iter 35800] lr=2.76e-05 loss=1.323 motion=0.000 semantic=0.323 dice=1.000 offset=0.000 | data 0.0s compute 32.5s
[iter 35850] lr=2.70e-05 loss=0.315 motion=0.001 semantic=0.231 dice=0.036 offset=0.047 | data 0.0s compute 31.0s
[iter 35900] lr=2.63e-05 loss=0.668 motion=0.007 semantic=0.331 dice=0.219 offset=0.111 | data 0.0s compute 31.9s
[iter 35950] lr=2.57e-05 loss=0.639 motion=0.001 semantic=0.436 dice=0.015 offset=0.186 | data 0.0s compute 32.8s
  [val @ 36000] moving_iou=0.5983 P=0.913 R=0.635 semantic_miou=0.3768
[iter 36000] lr=2.51e-05 loss=0.805 motion=0.010 semantic=0.495 dice=0.096 offset=0.203 | data 0.0s compute 33.1s
[iter 36050] lr=2.45e-05 loss=1.240 motion=0.000 semantic=0.240 dice=1.000 offset=0.000 | data 0.0s compute 32.7s
[iter 36100] lr=2.39e-05 loss=0.596 motion=0.013 semantic=0.311 dice=0.064 offset=0.208 | data 0.0s compute 31.8s
[iter 36150] lr=2.33e-05 loss=0.728 motion=0.044 semantic=0.404 dice=0.097 offset=0.183 | data 0.0s compute 32.5s
[iter 36200] lr=2.27e-05 loss=0.387 motion=0.003 semantic=0.290 dice=0.041 offset=0.053 | data 0.0s compute 33.2s
[iter 36250] lr=2.21e-05 loss=0.548 motion=0.052 semantic=0.303 dice=0.043 offset=0.150 | data 0.0s compute 32.2s
[iter 36300] lr=2.15e-05 loss=1.281 motion=0.000 semantic=0.281 dice=1.000 offset=0.000 | data 0.0s compute 32.6s
[iter 36350] lr=2.09e-05 loss=1.310 motion=0.000 semantic=0.310 dice=1.000 offset=0.000 | data 0.0s compute 32.2s
[iter 36400] lr=2.04e-05 loss=0.611 motion=0.004 semantic=0.298 dice=0.011 offset=0.299 | data 0.0s compute 32.0s
[iter 36450] lr=1.98e-05 loss=0.288 motion=0.000 semantic=0.217 dice=0.019 offset=0.051 | data 0.0s compute 32.9s
[iter 36500] lr=1.92e-05 loss=0.332 motion=0.000 semantic=0.240 dice=0.038 offset=0.053 | data 0.0s compute 33.0s
[iter 36550] lr=1.87e-05 loss=0.533 motion=0.005 semantic=0.319 dice=0.044 offset=0.165 | data 0.0s compute 32.4s
[iter 36600] lr=1.82e-05 loss=0.860 motion=0.034 semantic=0.318 dice=0.319 offset=0.188 | data 0.0s compute 31.6s
[iter 36650] lr=1.76e-05 loss=0.548 motion=0.026 semantic=0.277 dice=0.121 offset=0.124 | data 0.0s compute 32.4s
[iter 36700] lr=1.71e-05 loss=0.474 motion=0.005 semantic=0.277 dice=0.100 offset=0.092 | data 0.0s compute 32.5s
[iter 36750] lr=1.66e-05 loss=0.625 motion=0.002 semantic=0.362 dice=0.078 offset=0.184 | data 0.0s compute 32.9s
[iter 36800] lr=1.61e-05 loss=0.318 motion=0.000 semantic=0.227 dice=0.056 offset=0.035 | data 0.0s compute 33.6s
[iter 36850] lr=1.56e-05 loss=0.618 motion=0.049 semantic=0.303 dice=0.080 offset=0.187 | data 0.0s compute 33.0s
[iter 36900] lr=1.51e-05 loss=1.346 motion=0.000 semantic=0.346 dice=1.000 offset=0.000 | data 0.0s compute 31.9s
[iter 36950] lr=1.46e-05 loss=0.655 motion=0.006 semantic=0.437 dice=0.041 offset=0.171 | data 0.0s compute 33.1s
  [val @ 37000] moving_iou=0.6027 P=0.907 R=0.643 semantic_miou=0.3786
  [val @ 37000] new best -> best.pt (0.6027)
[iter 37000] lr=1.42e-05 loss=1.451 motion=0.000 semantic=0.451 dice=1.000 offset=0.000 | data 0.0s compute 32.9s
[iter 37050] lr=1.37e-05 loss=0.848 motion=0.114 semantic=0.393 dice=0.115 offset=0.226 | data 0.0s compute 33.0s
[iter 37100] lr=1.32e-05 loss=0.520 motion=0.006 semantic=0.346 dice=0.020 offset=0.148 | data 0.0s compute 32.6s
[iter 37150] lr=1.28e-05 loss=1.240 motion=0.000 semantic=0.240 dice=1.000 offset=0.000 | data 0.0s compute 30.3s
[iter 37200] lr=1.23e-05 loss=0.926 motion=0.025 semantic=0.502 dice=0.112 offset=0.288 | data 0.0s compute 33.5s
[iter 37250] lr=1.19e-05 loss=0.565 motion=0.001 semantic=0.353 dice=0.185 offset=0.027 | data 0.0s compute 32.6s
[iter 37300] lr=1.15e-05 loss=1.007 motion=0.082 semantic=0.330 dice=0.330 offset=0.266 | data 0.0s compute 32.4s
[iter 37350] lr=1.11e-05 loss=0.787 motion=0.031 semantic=0.323 dice=0.128 offset=0.305 | data 0.0s compute 32.7s
[iter 37400] lr=1.07e-05 loss=0.432 motion=0.004 semantic=0.252 dice=0.025 offset=0.151 | data 0.0s compute 32.1s
[iter 37450] lr=1.02e-05 loss=0.641 motion=0.006 semantic=0.413 dice=0.019 offset=0.203 | data 0.0s compute 32.3s
[iter 37500] lr=9.85e-06 loss=1.293 motion=0.000 semantic=0.293 dice=1.000 offset=0.000 | data 0.0s compute 32.2s
[iter 37550] lr=9.46e-06 loss=0.537 motion=0.002 semantic=0.365 dice=0.016 offset=0.154 | data 0.0s compute 32.7s
[iter 37600] lr=9.08e-06 loss=1.250 motion=0.000 semantic=0.250 dice=1.000 offset=0.000 | data 0.0s compute 32.7s
[iter 37650] lr=8.71e-06 loss=1.272 motion=0.000 semantic=0.272 dice=1.000 offset=-0.000 | data 0.0s compute 32.5s
[iter 37700] lr=8.34e-06 loss=1.327 motion=0.000 semantic=0.327 dice=1.000 offset=0.000 | data 0.0s compute 33.4s
[iter 37750] lr=7.98e-06 loss=1.251 motion=0.000 semantic=0.251 dice=1.000 offset=0.000 | data 0.0s compute 32.6s
[iter 37800] lr=7.63e-06 loss=0.390 motion=0.001 semantic=0.332 dice=0.012 offset=0.045 | data 0.0s compute 32.9s
[iter 37850] lr=7.29e-06 loss=1.309 motion=0.000 semantic=0.309 dice=1.000 offset=0.000 | data 0.0s compute 32.7s
[iter 37900] lr=6.96e-06 loss=1.191 motion=0.000 semantic=0.191 dice=1.000 offset=-0.000 | data 0.0s compute 31.8s
[iter 37950] lr=6.63e-06 loss=0.504 motion=0.006 semantic=0.243 dice=0.050 offset=0.205 | data 0.0s compute 32.9s
  [val @ 38000] moving_iou=0.6056 P=0.909 R=0.644 semantic_miou=0.3815
  [val @ 38000] new best -> best.pt (0.6056)
[iter 38000] lr=6.31e-06 loss=0.599 motion=0.008 semantic=0.364 dice=0.037 offset=0.191 | data 0.0s compute 33.3s
[iter 38050] lr=6.00e-06 loss=0.429 motion=0.000 semantic=0.351 dice=0.027 offset=0.051 | data 0.0s compute 32.2s
[iter 38100] lr=5.70e-06 loss=0.655 motion=0.005 semantic=0.412 dice=0.061 offset=0.178 | data 0.0s compute 33.4s
[iter 38150] lr=5.40e-06 loss=0.542 motion=0.003 semantic=0.294 dice=0.031 offset=0.214 | data 0.0s compute 32.9s
[iter 38200] lr=5.12e-06 loss=0.388 motion=0.006 semantic=0.284 dice=0.046 offset=0.053 | data 0.0s compute 33.0s
[iter 38250] lr=4.84e-06 loss=1.388 motion=0.001 semantic=0.387 dice=1.000 offset=0.000 | data 0.0s compute 31.6s
[iter 38300] lr=4.56e-06 loss=0.427 motion=0.001 semantic=0.346 dice=0.016 offset=0.064 | data 2.0s compute 32.2s
[iter 38350] lr=4.30e-06 loss=0.492 motion=0.001 semantic=0.350 dice=0.034 offset=0.107 | data 0.0s compute 31.9s
[iter 38400] lr=4.04e-06 loss=0.524 motion=0.001 semantic=0.402 dice=0.034 offset=0.087 | data 0.0s compute 32.6s
[iter 38450] lr=3.79e-06 loss=1.398 motion=0.000 semantic=0.398 dice=1.000 offset=0.000 | data 0.0s compute 33.3s
[iter 38500] lr=3.55e-06 loss=0.469 motion=0.003 semantic=0.377 dice=0.029 offset=0.060 | data 0.0s compute 33.3s
[iter 38550] lr=3.32e-06 loss=0.432 motion=0.000 semantic=0.351 dice=0.016 offset=0.064 | data 0.0s compute 33.1s
[iter 38600] lr=3.10e-06 loss=1.234 motion=0.000 semantic=0.234 dice=1.000 offset=0.000 | data 0.0s compute 32.4s
[iter 38650] lr=2.88e-06 loss=0.457 motion=0.003 semantic=0.369 dice=0.023 offset=0.061 | data 0.0s compute 32.4s
[iter 38700] lr=2.67e-06 loss=1.358 motion=0.000 semantic=0.358 dice=1.000 offset=0.000 | data 0.0s compute 31.5s
[iter 38750] lr=2.47e-06 loss=1.331 motion=0.003 semantic=0.329 dice=1.000 offset=0.000 | data 0.0s compute 32.1s
[iter 38800] lr=2.28e-06 loss=1.257 motion=0.020 semantic=0.385 dice=0.030 offset=0.822 | data 0.0s compute 33.2s
[iter 38850] lr=2.09e-06 loss=0.640 motion=0.008 semantic=0.317 dice=0.014 offset=0.301 | data 0.0s compute 32.3s
[iter 38900] lr=1.91e-06 loss=0.495 motion=0.000 semantic=0.390 dice=0.066 offset=0.039 | data 0.0s compute 32.1s
[iter 38950] lr=1.74e-06 loss=0.592 motion=0.011 semantic=0.332 dice=0.110 offset=0.140 | data 0.0s compute 33.7s
  [val @ 39000] moving_iou=0.6016 P=0.899 R=0.645 semantic_miou=0.3726
[iter 39000] lr=1.58e-06 loss=0.719 motion=0.012 semantic=0.363 dice=0.015 offset=0.329 | data 0.0s compute 32.5s
[iter 39050] lr=1.43e-06 loss=1.406 motion=0.000 semantic=0.406 dice=1.000 offset=0.000 | data 0.0s compute 32.2s
[iter 39100] lr=1.28e-06 loss=1.416 motion=0.000 semantic=0.416 dice=1.000 offset=0.000 | data 0.0s compute 33.3s
[iter 39150] lr=1.14e-06 loss=0.575 motion=0.003 semantic=0.311 dice=0.017 offset=0.243 | data 0.0s compute 32.8s
[iter 39200] lr=1.01e-06 loss=0.780 motion=0.003 semantic=0.320 dice=0.064 offset=0.394 | data 0.0s compute 34.2s
[iter 39250] lr=8.89e-07 loss=0.966 motion=0.020 semantic=0.389 dice=0.321 offset=0.237 | data 0.0s compute 33.0s
[iter 39300] lr=7.75e-07 loss=1.258 motion=0.000 semantic=0.258 dice=1.000 offset=0.000 | data 0.0s compute 31.3s
[iter 39350] lr=6.68e-07 loss=0.674 motion=0.005 semantic=0.349 dice=0.082 offset=0.237 | data -1.8s compute 34.0s
[iter 39400] lr=5.69e-07 loss=1.267 motion=0.000 semantic=0.267 dice=1.000 offset=0.000 | data 0.0s compute 34.4s
[iter 39450] lr=4.78e-07 loss=1.240 motion=0.000 semantic=0.240 dice=1.000 offset=0.000 | data 0.0s compute 31.7s
[iter 39500] lr=3.95e-07 loss=0.293 motion=0.001 semantic=0.223 dice=0.025 offset=0.044 | data 0.0s compute 32.7s
[iter 39550] lr=3.20e-07 loss=1.230 motion=0.000 semantic=0.230 dice=1.000 offset=-0.000 | data 0.0s compute 31.0s
[iter 39600] lr=2.53e-07 loss=0.400 motion=0.003 semantic=0.276 dice=0.018 offset=0.103 | data 0.0s compute 33.4s
[iter 39650] lr=1.94e-07 loss=1.181 motion=0.000 semantic=0.181 dice=1.000 offset=0.000 | data 0.0s compute 32.6s
[iter 39700] lr=1.42e-07 loss=1.272 motion=0.000 semantic=0.272 dice=1.000 offset=0.000 | data 0.0s compute 32.4s
[iter 39750] lr=9.88e-08 loss=0.562 motion=0.007 semantic=0.354 dice=0.027 offset=0.174 | data 0.0s compute 32.8s
[iter 39800] lr=6.33e-08 loss=1.305 motion=0.000 semantic=0.305 dice=1.000 offset=0.000 | data 0.0s compute 32.5s
[iter 39850] lr=3.56e-08 loss=1.232 motion=0.000 semantic=0.232 dice=1.000 offset=0.000 | data 0.0s compute 32.3s
[iter 39900] lr=1.58e-08 loss=0.291 motion=0.000 semantic=0.240 dice=0.008 offset=0.043 | data 0.0s compute 32.4s
[iter 39950] lr=3.95e-09 loss=0.432 motion=0.002 semantic=0.299 dice=0.009 offset=0.122 | data 0.0s compute 32.5s
  [val @ 40000] moving_iou=0.6027 P=0.908 R=0.642 semantic_miou=0.3776
done @ iter 40000. best moving_iou=0.6056  ckpts in /home/suba/sparseunet4d/runs/offset_full
