/home/suba/MinkowskiEngine/MinkowskiEngine/__init__.py:36: UserWarning: The environment variable `OMP_NUM_THREADS` not set. MinkowskiEngine will automatically set `OMP_NUM_THREADS=16`. If you want to set `OMP_NUM_THREADS` manually, please export it on the command line before running a python script. e.g. `export OMP_NUM_THREADS=12; python your_program.py`. It is recommended to set it below 24.
  warnings.warn(
[iter 0] lr=2.00e-06 loss=4.850 motion=0.757 semantic=3.093 dice=1.000 | data 1.6s compute 2.4s
[iter 50] lr=1.02e-04 loss=4.517 motion=0.571 semantic=2.946 dice=1.000 | data 0.0s compute 28.1s
[iter 100] lr=2.02e-04 loss=2.992 motion=0.132 semantic=1.860 dice=1.000 | data 0.0s compute 27.2s
[iter 150] lr=3.02e-04 loss=2.826 motion=0.157 semantic=1.685 dice=0.985 | data 0.0s compute 27.5s
[iter 200] lr=4.02e-04 loss=2.634 motion=0.303 semantic=1.350 dice=0.981 | data 0.0s compute 29.5s
[iter 250] lr=5.02e-04 loss=2.553 motion=0.073 semantic=1.487 dice=0.993 | data 0.0s compute 27.5s
[iter 300] lr=6.02e-04 loss=2.361 motion=0.056 semantic=1.307 dice=0.998 | data 0.0s compute 27.4s
[iter 350] lr=7.02e-04 loss=2.182 motion=0.035 semantic=1.147 dice=1.000 | data 0.0s compute 27.9s
[iter 400] lr=8.02e-04 loss=1.949 motion=0.018 semantic=0.932 dice=1.000 | data 0.0s compute 27.2s
[iter 450] lr=9.02e-04 loss=2.040 motion=0.053 semantic=0.986 dice=1.000 | data 0.0s compute 26.3s
[iter 500] lr=1.00e-03 loss=2.079 motion=0.017 semantic=1.063 dice=1.000 | data 0.0s compute 27.2s
[iter 550] lr=1.00e-03 loss=2.174 motion=0.030 semantic=1.145 dice=1.000 | data 0.0s compute 27.6s
[iter 600] lr=1.00e-03 loss=2.165 motion=0.158 semantic=1.010 dice=0.997 | data 0.0s compute 27.4s
[iter 650] lr=1.00e-03 loss=1.989 motion=0.058 semantic=0.941 dice=0.990 | data 0.0s compute 28.6s
[iter 700] lr=1.00e-03 loss=1.899 motion=0.034 semantic=1.224 dice=0.641 | data 0.0s compute 27.8s
[iter 750] lr=1.00e-03 loss=2.344 motion=0.038 semantic=1.307 dice=1.000 | data 0.0s compute 28.1s
[iter 800] lr=1.00e-03 loss=1.937 motion=0.028 semantic=0.910 dice=0.999 | data 0.0s compute 28.5s
[iter 850] lr=1.00e-03 loss=1.961 motion=0.034 semantic=0.932 dice=0.995 | data 0.0s compute 27.8s
[iter 900] lr=1.00e-03 loss=2.028 motion=0.045 semantic=1.025 dice=0.957 | data 0.0s compute 28.0s
[iter 950] lr=1.00e-03 loss=2.356 motion=0.012 semantic=1.344 dice=1.000 | data 0.0s compute 27.5s
  [val @ 1000] moving_iou=0.0429 P=0.044 R=0.565 semantic_miou=0.1405
  [val @ 1000] new best -> best.pt (0.0429)
[iter 1000] lr=1.00e-03 loss=2.364 motion=0.190 semantic=1.194 dice=0.980 | data 0.0s compute 28.5s
[iter 1050] lr=1.00e-03 loss=2.323 motion=0.226 semantic=1.607 dice=0.490 | data 0.0s compute 27.3s
[iter 1100] lr=9.99e-04 loss=1.912 motion=0.161 semantic=1.066 dice=0.685 | data 0.0s compute 26.5s
[iter 1150] lr=9.99e-04 loss=1.785 motion=0.044 semantic=0.779 dice=0.962 | data 0.0s compute 29.3s
[iter 1200] lr=9.99e-04 loss=1.987 motion=0.055 semantic=0.932 dice=1.000 | data 0.0s compute 29.0s
[iter 1250] lr=9.99e-04 loss=1.762 motion=0.022 semantic=0.740 dice=1.000 | data 0.0s compute 27.1s
[iter 1300] lr=9.99e-04 loss=1.717 motion=0.022 semantic=0.860 dice=0.835 | data 0.0s compute 27.1s
[iter 1350] lr=9.99e-04 loss=1.710 motion=0.027 semantic=0.683 dice=1.000 | data 0.0s compute 27.2s
[iter 1400] lr=9.99e-04 loss=1.861 motion=0.077 semantic=0.794 dice=0.990 | data 0.0s compute 26.4s
[iter 1450] lr=9.99e-04 loss=1.827 motion=0.010 semantic=0.817 dice=1.000 | data 0.0s compute 27.4s
[iter 1500] lr=9.98e-04 loss=1.769 motion=0.140 semantic=0.898 dice=0.731 | data 0.0s compute 26.5s
[iter 1550] lr=9.98e-04 loss=1.758 motion=0.174 semantic=0.890 dice=0.694 | data 0.0s compute 27.4s
[iter 1600] lr=9.98e-04 loss=1.191 motion=0.022 semantic=0.668 dice=0.501 | data 0.0s compute 29.0s
[iter 1650] lr=9.98e-04 loss=1.495 motion=0.032 semantic=0.845 dice=0.619 | data 0.0s compute 29.4s
[iter 1700] lr=9.98e-04 loss=1.732 motion=0.020 semantic=0.713 dice=1.000 | data 0.0s compute 27.2s
[iter 1750] lr=9.98e-04 loss=1.611 motion=0.016 semantic=0.596 dice=1.000 | data 0.0s compute 27.5s
[iter 1800] lr=9.97e-04 loss=1.577 motion=0.017 semantic=0.718 dice=0.842 | data 0.0s compute 27.5s
[iter 1850] lr=9.97e-04 loss=1.194 motion=0.010 semantic=0.651 dice=0.533 | data 0.0s compute 27.5s
[iter 1900] lr=9.97e-04 loss=1.666 motion=0.036 semantic=0.713 dice=0.917 | data 0.0s compute 27.8s
[iter 1950] lr=9.97e-04 loss=1.772 motion=0.261 semantic=0.851 dice=0.659 | data 0.0s compute 26.7s
  [val @ 2000] moving_iou=0.1158 P=0.128 R=0.553 semantic_miou=0.1858
  [val @ 2000] new best -> best.pt (0.1158)
[iter 2000] lr=9.96e-04 loss=1.704 motion=0.039 semantic=0.870 dice=0.795 | data 0.0s compute 27.2s
[iter 2050] lr=9.96e-04 loss=1.680 motion=0.025 semantic=0.750 dice=0.905 | data 0.0s compute 27.2s
[iter 2100] lr=9.96e-04 loss=1.205 motion=0.077 semantic=0.617 dice=0.511 | data 0.0s compute 29.0s
[iter 2150] lr=9.96e-04 loss=2.003 motion=0.035 semantic=0.968 dice=1.000 | data 0.0s compute 26.8s
[iter 2200] lr=9.95e-04 loss=1.439 motion=0.022 semantic=0.631 dice=0.786 | data 0.0s compute 27.5s
[iter 2250] lr=9.95e-04 loss=1.454 motion=0.066 semantic=1.091 dice=0.296 | data 0.0s compute 27.2s
[iter 2300] lr=9.95e-04 loss=1.917 motion=0.321 semantic=0.659 dice=0.937 | data 0.0s compute 28.1s
[iter 2350] lr=9.95e-04 loss=1.787 motion=0.005 semantic=0.782 dice=1.000 | data 0.0s compute 28.1s
[iter 2400] lr=9.94e-04 loss=1.808 motion=0.048 semantic=0.848 dice=0.912 | data 0.0s compute 27.4s
[iter 2450] lr=9.94e-04 loss=1.663 motion=0.003 semantic=0.660 dice=1.000 | data 0.0s compute 28.7s
[iter 2500] lr=9.94e-04 loss=1.726 motion=0.019 semantic=0.707 dice=1.000 | data 0.0s compute 26.7s
[iter 2550] lr=9.93e-04 loss=1.662 motion=0.041 semantic=0.621 dice=1.000 | data 0.0s compute 27.6s
[iter 2600] lr=9.93e-04 loss=1.298 motion=0.020 semantic=0.697 dice=0.581 | data 0.0s compute 26.9s
[iter 2650] lr=9.93e-04 loss=1.792 motion=0.429 semantic=0.712 dice=0.652 | data 0.0s compute 27.7s
[iter 2700] lr=9.92e-04 loss=1.849 motion=0.024 semantic=1.099 dice=0.726 | data 0.0s compute 28.6s
[iter 2750] lr=9.92e-04 loss=1.368 motion=0.165 semantic=0.750 dice=0.454 | data 0.0s compute 27.7s
[iter 2800] lr=9.92e-04 loss=1.730 motion=0.011 semantic=0.719 dice=1.000 | data 0.0s compute 27.4s
[iter 2850] lr=9.91e-04 loss=1.866 motion=0.215 semantic=0.732 dice=0.920 | data 0.0s compute 27.7s
[iter 2900] lr=9.91e-04 loss=1.433 motion=0.162 semantic=0.791 dice=0.480 | data 0.0s compute 28.1s
[iter 2950] lr=9.91e-04 loss=1.503 motion=0.005 semantic=0.498 dice=1.000 | data 0.0s compute 27.2s
  [val @ 3000] moving_iou=0.0992 P=0.104 R=0.684 semantic_miou=0.2182
[iter 3000] lr=9.90e-04 loss=1.537 motion=0.115 semantic=0.774 dice=0.648 | data 0.0s compute 26.9s
[iter 3050] lr=9.90e-04 loss=1.614 motion=0.006 semantic=0.608 dice=1.000 | data 0.0s compute 28.0s
[iter 3100] lr=9.89e-04 loss=1.813 motion=0.094 semantic=1.125 dice=0.594 | data 0.0s compute 27.2s
[iter 3150] lr=9.89e-04 loss=1.667 motion=0.019 semantic=0.679 dice=0.969 | data 0.0s compute 27.8s
[iter 3200] lr=9.89e-04 loss=1.304 motion=0.044 semantic=0.874 dice=0.386 | data 0.0s compute 27.2s
[iter 3250] lr=9.88e-04 loss=1.700 motion=0.005 semantic=0.696 dice=1.000 | data 0.0s compute 29.5s
[iter 3300] lr=9.88e-04 loss=1.359 motion=0.039 semantic=0.704 dice=0.616 | data 0.0s compute 27.2s
[iter 3350] lr=9.87e-04 loss=1.028 motion=0.043 semantic=0.672 dice=0.313 | data 0.0s compute 28.6s
[iter 3400] lr=9.87e-04 loss=1.553 motion=0.083 semantic=0.533 dice=0.938 | data 0.0s compute 27.6s
[iter 3450] lr=9.86e-04 loss=1.572 motion=0.050 semantic=0.610 dice=0.912 | data 0.0s compute 26.8s
[iter 3500] lr=9.86e-04 loss=1.031 motion=0.005 semantic=0.661 dice=0.364 | data 0.0s compute 28.5s
[iter 3550] lr=9.85e-04 loss=1.763 motion=0.014 semantic=0.749 dice=1.000 | data 0.0s compute 28.5s
[iter 3600] lr=9.85e-04 loss=1.762 motion=0.030 semantic=0.732 dice=1.000 | data 0.0s compute 27.3s
[iter 3650] lr=9.84e-04 loss=1.649 motion=0.030 semantic=0.619 dice=1.000 | data 0.0s compute 28.2s
[iter 3700] lr=9.84e-04 loss=1.342 motion=0.018 semantic=0.703 dice=0.621 | data 0.0s compute 27.4s
[iter 3750] lr=9.83e-04 loss=1.738 motion=0.266 semantic=0.545 dice=0.927 | data 0.0s compute 27.7s
[iter 3800] lr=9.83e-04 loss=1.391 motion=0.020 semantic=0.623 dice=0.749 | data 0.0s compute 26.9s
[iter 3850] lr=9.82e-04 loss=1.467 motion=0.002 semantic=0.465 dice=1.000 | data 0.0s compute 28.6s
[iter 3900] lr=9.82e-04 loss=0.830 motion=0.003 semantic=0.735 dice=0.092 | data 0.0s compute 27.5s
[iter 3950] lr=9.81e-04 loss=1.566 motion=0.396 semantic=0.687 dice=0.482 | data 0.0s compute 27.6s
  [val @ 4000] moving_iou=0.0855 P=0.972 R=0.086 semantic_miou=0.2133
[iter 4000] lr=9.81e-04 loss=1.666 motion=0.081 semantic=0.660 dice=0.925 | data 0.0s compute 29.2s
[iter 4050] lr=9.80e-04 loss=1.268 motion=0.035 semantic=0.686 dice=0.546 | data 0.0s compute 28.0s
[iter 4100] lr=9.80e-04 loss=1.733 motion=0.034 semantic=0.699 dice=1.000 | data 0.0s compute 29.2s
[iter 4150] lr=9.79e-04 loss=1.690 motion=0.011 semantic=0.682 dice=0.998 | data 0.0s compute 27.4s
[iter 4200] lr=9.79e-04 loss=1.669 motion=0.000 semantic=0.669 dice=1.000 | data 0.0s compute 27.8s
[iter 4250] lr=9.78e-04 loss=1.579 motion=0.004 semantic=0.575 dice=1.000 | data 0.0s compute 27.2s
[iter 4300] lr=9.77e-04 loss=1.674 motion=0.018 semantic=0.656 dice=1.000 | data 0.0s compute 27.3s
[iter 4350] lr=9.77e-04 loss=1.677 motion=0.473 semantic=0.532 dice=0.672 | data 0.0s compute 27.8s
[iter 4400] lr=9.76e-04 loss=2.125 motion=0.063 semantic=1.111 dice=0.951 | data 0.0s compute 27.4s
[iter 4450] lr=9.76e-04 loss=1.253 motion=0.044 semantic=0.756 dice=0.453 | data 0.0s compute 27.4s
[iter 4500] lr=9.75e-04 loss=1.717 motion=0.089 semantic=0.637 dice=0.991 | data 0.0s compute 28.2s
[iter 4550] lr=9.74e-04 loss=1.634 motion=0.033 semantic=0.602 dice=0.998 | data 0.0s compute 26.9s
[iter 4600] lr=9.74e-04 loss=1.556 motion=0.199 semantic=0.574 dice=0.783 | data 0.0s compute 28.4s
[iter 4650] lr=9.73e-04 loss=1.689 motion=0.038 semantic=1.042 dice=0.609 | data 0.0s compute 27.6s
[iter 4700] lr=9.72e-04 loss=0.726 motion=0.008 semantic=0.625 dice=0.093 | data 0.0s compute 27.7s
[iter 4750] lr=9.72e-04 loss=1.479 motion=0.006 semantic=0.473 dice=1.000 | data 0.0s compute 27.5s
[iter 4800] lr=9.71e-04 loss=1.655 motion=0.000 semantic=0.655 dice=1.000 | data 0.0s compute 27.9s
[iter 4850] lr=9.70e-04 loss=1.293 motion=0.077 semantic=0.678 dice=0.538 | data 0.0s compute 28.2s
[iter 4900] lr=9.70e-04 loss=1.690 motion=0.038 semantic=0.652 dice=1.000 | data 0.0s compute 27.8s
[iter 4950] lr=9.69e-04 loss=1.504 motion=0.003 semantic=0.501 dice=1.000 | data 0.0s compute 27.4s
  [val @ 5000] moving_iou=0.2843 P=0.733 R=0.317 semantic_miou=0.2539
  [val @ 5000] new best -> best.pt (0.2843)
[iter 5000] lr=9.68e-04 loss=1.537 motion=0.059 semantic=0.596 dice=0.881 | data 0.1s compute 28.7s
[iter 5050] lr=9.68e-04 loss=0.654 motion=0.015 semantic=0.577 dice=0.062 | data 0.0s compute 27.7s
[iter 5100] lr=9.67e-04 loss=1.383 motion=0.206 semantic=0.682 dice=0.495 | data 0.0s compute 28.2s
[iter 5150] lr=9.66e-04 loss=0.809 motion=0.014 semantic=0.680 dice=0.115 | data 0.0s compute 27.7s
[iter 5200] lr=9.65e-04 loss=1.668 motion=0.046 semantic=0.622 dice=1.000 | data 0.0s compute 28.1s
[iter 5250] lr=9.65e-04 loss=1.155 motion=0.025 semantic=0.637 dice=0.492 | data 0.0s compute 29.8s
[iter 5300] lr=9.64e-04 loss=1.646 motion=0.077 semantic=0.603 dice=0.967 | data 0.0s compute 26.8s
[iter 5350] lr=9.63e-04 loss=1.968 motion=0.005 semantic=0.963 dice=1.000 | data 0.0s compute 27.9s
[iter 5400] lr=9.63e-04 loss=1.866 motion=0.367 semantic=0.692 dice=0.807 | data 0.0s compute 26.9s
[iter 5450] lr=9.62e-04 loss=1.697 motion=0.012 semantic=0.686 dice=0.999 | data 0.0s compute 28.3s
[iter 5500] lr=9.61e-04 loss=0.652 motion=0.034 semantic=0.565 dice=0.053 | data 0.0s compute 27.9s
[iter 5550] lr=9.60e-04 loss=1.575 motion=0.016 semantic=0.559 dice=1.000 | data 0.0s compute 28.9s
[iter 5600] lr=9.59e-04 loss=0.809 motion=0.002 semantic=0.629 dice=0.178 | data 0.0s compute 28.8s
[iter 5650] lr=9.59e-04 loss=1.680 motion=0.042 semantic=0.638 dice=1.000 | data 0.0s compute 27.5s
[iter 5700] lr=9.58e-04 loss=0.941 motion=0.002 semantic=0.589 dice=0.350 | data 0.0s compute 28.1s
[iter 5750] lr=9.57e-04 loss=0.906 motion=0.172 semantic=0.485 dice=0.249 | data 0.0s compute 27.7s
[iter 5800] lr=9.56e-04 loss=1.944 motion=0.459 semantic=0.620 dice=0.865 | data 0.0s compute 27.5s
[iter 5850] lr=9.55e-04 loss=1.550 motion=0.026 semantic=0.741 dice=0.783 | data 0.0s compute 30.0s
[iter 5900] lr=9.55e-04 loss=0.645 motion=0.051 semantic=0.429 dice=0.164 | data 0.0s compute 27.6s
[iter 5950] lr=9.54e-04 loss=1.206 motion=0.031 semantic=0.766 dice=0.409 | data 0.0s compute 28.7s
  [val @ 6000] moving_iou=0.2685 P=0.387 R=0.467 semantic_miou=0.2538
[iter 6000] lr=9.53e-04 loss=1.620 motion=0.014 semantic=0.606 dice=1.000 | data 0.0s compute 28.2s
[iter 6050] lr=9.52e-04 loss=1.589 motion=0.005 semantic=0.584 dice=1.000 | data 0.0s compute 28.1s
[iter 6100] lr=9.51e-04 loss=1.536 motion=0.017 semantic=0.519 dice=1.000 | data 0.0s compute 27.1s
[iter 6150] lr=9.50e-04 loss=1.667 motion=0.006 semantic=0.662 dice=1.000 | data 0.0s compute 27.0s
[iter 6200] lr=9.49e-04 loss=1.073 motion=0.086 semantic=0.440 dice=0.547 | data 0.0s compute 26.9s
[iter 6250] lr=9.49e-04 loss=1.092 motion=0.047 semantic=0.697 dice=0.348 | data 0.0s compute 27.6s
[iter 6300] lr=9.48e-04 loss=1.709 motion=0.001 semantic=0.708 dice=1.000 | data 0.0s compute 27.9s
[iter 6350] lr=9.47e-04 loss=1.421 motion=0.040 semantic=0.381 dice=1.000 | data 0.0s compute 28.1s
[iter 6400] lr=9.46e-04 loss=0.623 motion=0.007 semantic=0.558 dice=0.059 | data 0.0s compute 27.5s
[iter 6450] lr=9.45e-04 loss=0.698 motion=0.013 semantic=0.640 dice=0.044 | data 0.0s compute 29.4s
[iter 6500] lr=9.44e-04 loss=1.559 motion=0.247 semantic=0.695 dice=0.617 | data 0.0s compute 27.6s
[iter 6550] lr=9.43e-04 loss=1.548 motion=0.003 semantic=0.545 dice=1.000 | data 0.0s compute 27.6s
[iter 6600] lr=9.42e-04 loss=1.673 motion=0.007 semantic=0.665 dice=1.000 | data 0.0s compute 27.8s
[iter 6650] lr=9.41e-04 loss=1.645 motion=0.004 semantic=0.641 dice=1.000 | data 0.0s compute 27.9s
[iter 6700] lr=9.40e-04 loss=1.013 motion=0.010 semantic=0.509 dice=0.495 | data 0.0s compute 27.6s
[iter 6750] lr=9.39e-04 loss=0.867 motion=0.002 semantic=0.690 dice=0.176 | data 0.0s compute 27.6s
[iter 6800] lr=9.39e-04 loss=0.732 motion=0.024 semantic=0.549 dice=0.160 | data 0.0s compute 29.6s
[iter 6850] lr=9.38e-04 loss=1.710 motion=0.031 semantic=0.679 dice=1.000 | data 0.0s compute 28.3s
[iter 6900] lr=9.37e-04 loss=1.551 motion=0.001 semantic=0.550 dice=1.000 | data 0.0s compute 27.8s
[iter 6950] lr=9.36e-04 loss=1.666 motion=0.002 semantic=0.664 dice=1.000 | data 0.0s compute 27.4s
  [val @ 7000] moving_iou=0.3438 P=0.838 R=0.368 semantic_miou=0.2463
  [val @ 7000] new best -> best.pt (0.3438)
[iter 7000] lr=9.35e-04 loss=1.586 motion=0.009 semantic=0.577 dice=1.000 | data 0.0s compute 28.1s
[iter 7050] lr=9.34e-04 loss=1.378 motion=0.017 semantic=0.552 dice=0.809 | data 0.0s compute 27.2s
[iter 7100] lr=9.33e-04 loss=1.555 motion=0.032 semantic=0.523 dice=1.000 | data 0.0s compute 28.7s
[iter 7150] lr=9.32e-04 loss=1.808 motion=0.004 semantic=0.804 dice=1.000 | data 0.0s compute 26.7s
[iter 7200] lr=9.31e-04 loss=1.516 motion=0.001 semantic=0.515 dice=1.000 | data 0.0s compute 27.7s
[iter 7250] lr=9.30e-04 loss=1.559 motion=0.001 semantic=0.559 dice=1.000 | data 0.0s compute 28.5s
[iter 7300] lr=9.29e-04 loss=2.132 motion=0.231 semantic=0.901 dice=1.000 | data 0.0s compute 27.1s
[iter 7350] lr=9.28e-04 loss=1.151 motion=0.037 semantic=0.594 dice=0.520 | data 0.0s compute 28.0s
[iter 7400] lr=9.27e-04 loss=1.485 motion=0.003 semantic=0.482 dice=1.000 | data 0.0s compute 27.8s
[iter 7450] lr=9.26e-04 loss=1.604 motion=0.001 semantic=0.603 dice=1.000 | data 0.0s compute 27.2s
[iter 7500] lr=9.24e-04 loss=0.848 motion=0.053 semantic=0.546 dice=0.249 | data 0.0s compute 27.9s
[iter 7550] lr=9.23e-04 loss=0.699 motion=0.018 semantic=0.499 dice=0.182 | data 0.0s compute 27.7s
[iter 7600] lr=9.22e-04 loss=1.672 motion=0.027 semantic=0.645 dice=1.000 | data 0.0s compute 28.4s
[iter 7650] lr=9.21e-04 loss=1.618 motion=0.022 semantic=0.596 dice=1.000 | data 0.0s compute 29.4s
[iter 7700] lr=9.20e-04 loss=1.045 motion=0.021 semantic=0.650 dice=0.373 | data 0.0s compute 27.5s
[iter 7750] lr=9.19e-04 loss=1.542 motion=0.337 semantic=0.810 dice=0.394 | data 0.0s compute 27.6s
[iter 7800] lr=9.18e-04 loss=1.544 motion=0.042 semantic=0.502 dice=1.000 | data 0.0s compute 28.5s
[iter 7850] lr=9.17e-04 loss=1.363 motion=0.028 semantic=0.736 dice=0.599 | data 0.0s compute 27.2s
[iter 7900] lr=9.16e-04 loss=1.623 motion=0.009 semantic=0.614 dice=1.000 | data 0.0s compute 28.3s
[iter 7950] lr=9.15e-04 loss=1.649 motion=0.031 semantic=0.828 dice=0.790 | data 0.0s compute 28.0s
  [val @ 8000] moving_iou=0.2779 P=0.603 R=0.340 semantic_miou=0.2425
[iter 8000] lr=9.14e-04 loss=2.372 motion=0.575 semantic=0.804 dice=0.993 | data 0.0s compute 27.6s
[iter 8050] lr=9.13e-04 loss=1.548 motion=0.002 semantic=0.546 dice=1.000 | data 0.0s compute 27.8s
[iter 8100] lr=9.11e-04 loss=1.472 motion=0.006 semantic=0.466 dice=1.000 | data 0.0s compute 28.2s
[iter 8150] lr=9.10e-04 loss=1.458 motion=0.014 semantic=0.444 dice=1.000 | data 0.0s compute 27.7s
[iter 8200] lr=9.09e-04 loss=1.679 motion=0.058 semantic=0.622 dice=1.000 | data 0.0s compute 27.5s
[iter 8250] lr=9.08e-04 loss=1.633 motion=0.004 semantic=0.628 dice=1.000 | data 0.0s compute 28.3s
[iter 8300] lr=9.07e-04 loss=1.176 motion=0.001 semantic=0.622 dice=0.553 | data 0.0s compute 28.0s
[iter 8350] lr=9.06e-04 loss=1.633 motion=0.002 semantic=0.631 dice=1.000 | data 0.0s compute 29.8s
[iter 8400] lr=9.05e-04 loss=1.163 motion=0.167 semantic=0.735 dice=0.261 | data 0.0s compute 28.4s
[iter 8450] lr=9.03e-04 loss=1.575 motion=0.007 semantic=0.569 dice=0.999 | data 0.0s compute 28.6s
[iter 8500] lr=9.02e-04 loss=0.752 motion=0.008 semantic=0.661 dice=0.084 | data 0.0s compute 28.9s
[iter 8550] lr=9.01e-04 loss=1.384 motion=0.000 semantic=0.384 dice=1.000 | data 0.0s compute 28.6s
[iter 8600] lr=9.00e-04 loss=1.446 motion=0.010 semantic=0.436 dice=1.000 | data 0.0s compute 27.0s
[iter 8650] lr=8.99e-04 loss=1.492 motion=0.005 semantic=0.487 dice=1.000 | data 0.0s compute 28.6s
[iter 8700] lr=8.97e-04 loss=1.573 motion=0.013 semantic=0.560 dice=1.000 | data 0.0s compute 28.6s
[iter 8750] lr=8.96e-04 loss=1.505 motion=0.005 semantic=0.500 dice=1.000 | data 0.0s compute 27.7s
[iter 8800] lr=8.95e-04 loss=0.923 motion=0.074 semantic=0.460 dice=0.388 | data 0.0s compute 27.1s
[iter 8850] lr=8.94e-04 loss=0.535 motion=0.005 semantic=0.481 dice=0.048 | data 0.0s compute 27.6s
[iter 8900] lr=8.93e-04 loss=0.637 motion=0.007 semantic=0.485 dice=0.145 | data 0.0s compute 28.0s
[iter 8950] lr=8.91e-04 loss=1.561 motion=0.000 semantic=0.561 dice=1.000 | data 0.0s compute 28.0s
  [val @ 9000] moving_iou=0.2760 P=0.910 R=0.284 semantic_miou=0.2579
[iter 9000] lr=8.90e-04 loss=0.696 motion=0.010 semantic=0.456 dice=0.231 | data 0.0s compute 29.5s
[iter 9050] lr=8.89e-04 loss=1.539 motion=0.036 semantic=0.503 dice=1.000 | data 0.0s compute 28.1s
[iter 9100] lr=8.88e-04 loss=1.629 motion=0.043 semantic=0.587 dice=1.000 | data 0.0s compute 28.0s
[iter 9150] lr=8.86e-04 loss=1.584 motion=0.016 semantic=0.568 dice=1.000 | data 0.0s compute 29.4s
[iter 9200] lr=8.85e-04 loss=1.524 motion=0.003 semantic=0.521 dice=1.000 | data 0.0s compute 27.3s
[iter 9250] lr=8.84e-04 loss=1.152 motion=0.049 semantic=0.582 dice=0.521 | data 0.0s compute 28.1s
[iter 9300] lr=8.82e-04 loss=1.525 motion=0.001 semantic=0.524 dice=1.000 | data 0.0s compute 27.9s
[iter 9350] lr=8.81e-04 loss=1.643 motion=0.001 semantic=0.642 dice=1.000 | data 0.0s compute 27.9s
[iter 9400] lr=8.80e-04 loss=0.902 motion=0.057 semantic=0.472 dice=0.373 | data 0.0s compute 27.7s
[iter 9450] lr=8.79e-04 loss=1.699 motion=0.022 semantic=0.677 dice=1.000 | data 0.0s compute 27.6s
[iter 9500] lr=8.77e-04 loss=1.654 motion=0.011 semantic=0.643 dice=1.000 | data 0.0s compute 27.7s
[iter 9550] lr=8.76e-04 loss=1.098 motion=0.010 semantic=0.784 dice=0.303 | data 0.0s compute 27.3s
[iter 9600] lr=8.75e-04 loss=1.393 motion=0.012 semantic=0.409 dice=0.972 | data 1.7s compute 27.4s
[iter 9650] lr=8.73e-04 loss=0.784 motion=0.025 semantic=0.591 dice=0.168 | data 0.0s compute 27.5s
[iter 9700] lr=8.72e-04 loss=0.973 motion=0.209 semantic=0.582 dice=0.182 | data 0.0s compute 28.0s
[iter 9750] lr=8.71e-04 loss=0.782 motion=0.028 semantic=0.666 dice=0.088 | data 0.0s compute 28.2s
[iter 9800] lr=8.69e-04 loss=1.623 motion=0.001 semantic=0.622 dice=1.000 | data 0.0s compute 28.2s
[iter 9850] lr=8.68e-04 loss=0.944 motion=0.031 semantic=0.684 dice=0.229 | data 0.0s compute 27.9s
[iter 9900] lr=8.67e-04 loss=1.608 motion=0.059 semantic=0.549 dice=1.000 | data 0.0s compute 28.2s
[iter 9950] lr=8.65e-04 loss=1.691 motion=0.002 semantic=0.690 dice=1.000 | data 0.0s compute 28.1s
  [val @ 10000] moving_iou=0.2279 P=0.939 R=0.231 semantic_miou=0.2707
[iter 10000] lr=8.64e-04 loss=1.556 motion=0.023 semantic=0.536 dice=0.997 | data 0.0s compute 28.7s
[iter 10050] lr=8.63e-04 loss=0.864 motion=0.041 semantic=0.541 dice=0.282 | data 0.0s compute 27.3s
[iter 10100] lr=8.61e-04 loss=1.602 motion=0.000 semantic=0.602 dice=1.000 | data 0.0s compute 27.2s
[iter 10150] lr=8.60e-04 loss=1.562 motion=0.016 semantic=0.547 dice=1.000 | data 0.0s compute 27.4s
[iter 10200] lr=8.58e-04 loss=0.768 motion=0.065 semantic=0.533 dice=0.170 | data 0.0s compute 28.6s
[iter 10250] lr=8.57e-04 loss=1.545 motion=0.019 semantic=0.527 dice=1.000 | data 0.0s compute 27.3s
[iter 10300] lr=8.56e-04 loss=0.817 motion=0.017 semantic=0.729 dice=0.071 | data 0.0s compute 28.7s
[iter 10350] lr=8.54e-04 loss=1.831 motion=0.063 semantic=0.769 dice=0.999 | data 0.0s compute 27.4s
[iter 10400] lr=8.53e-04 loss=1.522 motion=0.015 semantic=0.509 dice=0.997 | data 0.0s compute 28.1s
[iter 10450] lr=8.51e-04 loss=1.461 motion=0.029 semantic=0.545 dice=0.887 | data 0.0s compute 29.2s
[iter 10500] lr=8.50e-04 loss=0.824 motion=0.038 semantic=0.544 dice=0.242 | data 0.0s compute 27.3s
[iter 10550] lr=8.49e-04 loss=1.494 motion=0.040 semantic=0.455 dice=1.000 | data 0.0s compute 27.5s
[iter 10600] lr=8.47e-04 loss=1.226 motion=0.380 semantic=0.543 dice=0.303 | data 0.0s compute 28.4s
[iter 10650] lr=8.46e-04 loss=0.890 motion=0.006 semantic=0.525 dice=0.360 | data 0.0s compute 27.2s
[iter 10700] lr=8.44e-04 loss=1.570 motion=0.000 semantic=0.570 dice=1.000 | data 0.0s compute 28.0s
[iter 10750] lr=8.43e-04 loss=1.426 motion=0.000 semantic=0.426 dice=1.000 | data 0.0s compute 27.4s
[iter 10800] lr=8.41e-04 loss=1.521 motion=0.000 semantic=0.521 dice=1.000 | data 0.0s compute 28.9s
[iter 10850] lr=8.40e-04 loss=0.674 motion=0.005 semantic=0.514 dice=0.155 | data 0.0s compute 27.7s
[iter 10900] lr=8.38e-04 loss=1.544 motion=0.000 semantic=0.544 dice=1.000 | data 0.0s compute 28.2s
[iter 10950] lr=8.37e-04 loss=0.935 motion=0.005 semantic=0.794 dice=0.136 | data 0.0s compute 27.7s
  [val @ 11000] moving_iou=0.2216 P=0.272 R=0.543 semantic_miou=0.2602
[iter 11000] lr=8.36e-04 loss=1.582 motion=0.003 semantic=0.579 dice=1.000 | data 0.0s compute 29.6s
[iter 11050] lr=8.34e-04 loss=0.792 motion=0.001 semantic=0.635 dice=0.156 | data 0.0s compute 27.2s
[iter 11100] lr=8.33e-04 loss=1.587 motion=0.045 semantic=0.567 dice=0.975 | data 0.0s compute 27.7s
[iter 11150] lr=8.31e-04 loss=1.440 motion=0.000 semantic=0.440 dice=1.000 | data 0.0s compute 28.9s
[iter 11200] lr=8.30e-04 loss=0.786 motion=0.008 semantic=0.591 dice=0.188 | data 0.0s compute 27.0s
[iter 11250] lr=8.28e-04 loss=1.627 motion=0.002 semantic=0.625 dice=1.000 | data 0.0s compute 28.6s
[iter 11300] lr=8.27e-04 loss=1.027 motion=0.144 semantic=0.571 dice=0.313 | data 0.0s compute 27.9s
[iter 11350] lr=8.25e-04 loss=0.931 motion=0.018 semantic=0.660 dice=0.252 | data 0.0s compute 27.5s
[iter 11400] lr=8.24e-04 loss=0.904 motion=0.007 semantic=0.433 dice=0.465 | data 0.0s compute 27.6s
[iter 11450] lr=8.22e-04 loss=1.389 motion=0.010 semantic=0.379 dice=1.000 | data 0.0s compute 28.3s
[iter 11500] lr=8.21e-04 loss=1.535 motion=0.000 semantic=0.535 dice=1.000 | data 0.0s compute 28.1s
[iter 11550] lr=8.19e-04 loss=1.530 motion=0.001 semantic=0.530 dice=1.000 | data 0.0s compute 28.0s
[iter 11600] lr=8.17e-04 loss=1.816 motion=0.004 semantic=0.812 dice=1.000 | data 0.0s compute 28.4s
[iter 11650] lr=8.16e-04 loss=1.655 motion=0.004 semantic=0.651 dice=1.000 | data 0.0s compute 28.3s
[iter 11700] lr=8.14e-04 loss=1.516 motion=0.000 semantic=0.516 dice=1.000 | data 0.0s compute 27.3s
[iter 11750] lr=8.13e-04 loss=1.450 motion=0.008 semantic=0.442 dice=1.000 | data 0.0s compute 30.3s
[iter 11800] lr=8.11e-04 loss=1.353 motion=0.001 semantic=0.353 dice=1.000 | data 0.0s compute 27.6s
[iter 11850] lr=8.10e-04 loss=1.020 motion=0.004 semantic=0.511 dice=0.505 | data 0.0s compute 27.4s
[iter 11900] lr=8.08e-04 loss=1.551 motion=0.009 semantic=0.542 dice=1.000 | data 0.0s compute 27.5s
[iter 11950] lr=8.07e-04 loss=1.559 motion=0.012 semantic=0.548 dice=1.000 | data 0.0s compute 28.2s
  [val @ 12000] moving_iou=0.3314 P=0.729 R=0.378 semantic_miou=0.2844
[iter 12000] lr=8.05e-04 loss=1.412 motion=0.002 semantic=0.410 dice=1.000 | data 0.0s compute 27.9s
[iter 12050] lr=8.03e-04 loss=0.747 motion=0.076 semantic=0.601 dice=0.071 | data 0.0s compute 27.7s
[iter 12100] lr=8.02e-04 loss=1.647 motion=0.006 semantic=0.641 dice=1.000 | data 0.0s compute 27.9s
[iter 12150] lr=8.00e-04 loss=1.410 motion=0.007 semantic=0.404 dice=1.000 | data 0.0s compute 28.1s
[iter 12200] lr=7.99e-04 loss=0.690 motion=0.011 semantic=0.464 dice=0.215 | data 0.0s compute 28.4s
[iter 12250] lr=7.97e-04 loss=1.448 motion=0.000 semantic=0.448 dice=1.000 | data 0.0s compute 28.3s
[iter 12300] lr=7.95e-04 loss=1.508 motion=0.007 semantic=0.502 dice=1.000 | data 0.0s compute 27.2s
[iter 12350] lr=7.94e-04 loss=1.602 motion=0.015 semantic=0.587 dice=1.000 | data 0.0s compute 27.8s
[iter 12400] lr=7.92e-04 loss=1.458 motion=0.001 semantic=0.457 dice=1.000 | data 0.0s compute 27.0s
[iter 12450] lr=7.91e-04 loss=1.533 motion=0.384 semantic=0.563 dice=0.586 | data 0.0s compute 29.6s
[iter 12500] lr=7.89e-04 loss=1.585 motion=0.004 semantic=0.581 dice=1.000 | data 0.0s compute 27.8s
[iter 12550] lr=7.87e-04 loss=1.547 motion=0.002 semantic=0.545 dice=1.000 | data 0.0s compute 27.3s
[iter 12600] lr=7.86e-04 loss=0.728 motion=0.011 semantic=0.450 dice=0.267 | data 0.0s compute 28.3s
[iter 12650] lr=7.84e-04 loss=1.513 motion=0.001 semantic=0.512 dice=1.000 | data 0.0s compute 28.0s
[iter 12700] lr=7.83e-04 loss=2.121 motion=0.093 semantic=1.049 dice=0.980 | data 0.0s compute 28.1s
[iter 12750] lr=7.81e-04 loss=1.772 motion=0.185 semantic=0.588 dice=0.999 | data 0.0s compute 28.3s
[iter 12800] lr=7.79e-04 loss=1.601 motion=0.001 semantic=0.601 dice=1.000 | data 0.0s compute 28.4s
[iter 12850] lr=7.78e-04 loss=1.130 motion=0.107 semantic=0.362 dice=0.661 | data 0.0s compute 28.1s
[iter 12900] lr=7.76e-04 loss=1.172 motion=0.051 semantic=0.713 dice=0.408 | data 0.0s compute 27.9s
[iter 12950] lr=7.74e-04 loss=1.458 motion=0.000 semantic=0.458 dice=1.000 | data 0.0s compute 28.1s
  [val @ 13000] moving_iou=0.2149 P=0.920 R=0.219 semantic_miou=0.2772
[iter 13000] lr=7.73e-04 loss=1.501 motion=0.000 semantic=0.501 dice=1.000 | data 0.0s compute 27.1s
[iter 13050] lr=7.71e-04 loss=1.470 motion=0.088 semantic=0.415 dice=0.967 | data 0.0s compute 27.9s
[iter 13100] lr=7.69e-04 loss=1.546 motion=0.002 semantic=0.544 dice=1.000 | data 0.0s compute 27.8s
[iter 13150] lr=7.68e-04 loss=1.023 motion=0.038 semantic=0.556 dice=0.430 | data 0.0s compute 28.1s
[iter 13200] lr=7.66e-04 loss=0.773 motion=0.033 semantic=0.543 dice=0.197 | data 0.0s compute 28.8s
[iter 13250] lr=7.64e-04 loss=1.393 motion=0.102 semantic=0.706 dice=0.585 | data 0.0s compute 26.9s
[iter 13300] lr=7.63e-04 loss=1.629 motion=0.001 semantic=0.629 dice=1.000 | data 0.0s compute 27.7s
[iter 13350] lr=7.61e-04 loss=1.358 motion=0.371 semantic=0.624 dice=0.362 | data 0.0s compute 27.6s
[iter 13400] lr=7.59e-04 loss=1.397 motion=0.000 semantic=0.397 dice=1.000 | data 0.0s compute 27.2s
[iter 13450] lr=7.57e-04 loss=0.875 motion=0.025 semantic=0.682 dice=0.168 | data 0.0s compute 27.6s
[iter 13500] lr=7.56e-04 loss=1.586 motion=0.014 semantic=0.572 dice=1.000 | data 0.0s compute 28.5s
[iter 13550] lr=7.54e-04 loss=0.732 motion=0.015 semantic=0.602 dice=0.114 | data 0.0s compute 28.1s
[iter 13600] lr=7.52e-04 loss=1.261 motion=0.015 semantic=0.470 dice=0.777 | data 0.0s compute 27.2s
[iter 13650] lr=7.51e-04 loss=1.403 motion=0.004 semantic=0.398 dice=1.000 | data 0.0s compute 29.4s
[iter 13700] lr=7.49e-04 loss=1.170 motion=0.026 semantic=0.685 dice=0.460 | data 0.0s compute 27.8s
[iter 13750] lr=7.47e-04 loss=1.522 motion=0.000 semantic=0.522 dice=1.000 | data 0.0s compute 28.0s
[iter 13800] lr=7.45e-04 loss=1.063 motion=0.348 semantic=0.478 dice=0.237 | data 0.0s compute 29.1s
[iter 13850] lr=7.44e-04 loss=0.634 motion=0.001 semantic=0.379 dice=0.254 | data 0.0s compute 28.3s
[iter 13900] lr=7.42e-04 loss=0.736 motion=0.006 semantic=0.438 dice=0.293 | data 0.0s compute 27.8s
[iter 13950] lr=7.40e-04 loss=1.638 motion=0.004 semantic=0.701 dice=0.933 | data 0.0s compute 28.1s
  [val @ 14000] moving_iou=0.3192 P=0.842 R=0.340 semantic_miou=0.2993
[iter 14000] lr=7.38e-04 loss=0.835 motion=0.008 semantic=0.524 dice=0.303 | data 0.0s compute 28.7s
[iter 14050] lr=7.37e-04 loss=1.441 motion=0.001 semantic=0.440 dice=1.000 | data 0.0s compute 28.0s
[iter 14100] lr=7.35e-04 loss=1.612 motion=0.226 semantic=0.402 dice=0.984 | data 0.0s compute 28.3s
[iter 14150] lr=7.33e-04 loss=1.463 motion=0.003 semantic=0.460 dice=1.000 | data 0.0s compute 27.0s
[iter 14200] lr=7.31e-04 loss=1.345 motion=0.000 semantic=0.345 dice=1.000 | data 0.0s compute 28.1s
[iter 14250] lr=7.30e-04 loss=1.502 motion=0.000 semantic=0.502 dice=1.000 | data 0.0s compute 28.1s
[iter 14300] lr=7.28e-04 loss=1.399 motion=0.001 semantic=0.398 dice=1.000 | data 0.0s compute 26.7s
[iter 14350] lr=7.26e-04 loss=0.467 motion=0.012 semantic=0.423 dice=0.032 | data 0.0s compute 28.7s
[iter 14400] lr=7.24e-04 loss=0.548 motion=0.003 semantic=0.473 dice=0.072 | data 0.0s compute 27.7s
[iter 14450] lr=7.23e-04 loss=1.033 motion=0.048 semantic=0.444 dice=0.542 | data 0.0s compute 28.2s
[iter 14500] lr=7.21e-04 loss=1.305 motion=0.267 semantic=0.508 dice=0.530 | data 0.0s compute 29.3s
[iter 14550] lr=7.19e-04 loss=0.701 motion=0.036 semantic=0.453 dice=0.212 | data 0.0s compute 27.5s
[iter 14600] lr=7.17e-04 loss=1.485 motion=0.000 semantic=0.485 dice=1.000 | data 0.0s compute 26.9s
[iter 14650] lr=7.15e-04 loss=1.541 motion=0.000 semantic=0.540 dice=1.000 | data 0.0s compute 28.7s
[iter 14700] lr=7.14e-04 loss=0.446 motion=0.021 semantic=0.336 dice=0.089 | data 0.0s compute 28.0s
[iter 14750] lr=7.12e-04 loss=1.181 motion=0.343 semantic=0.469 dice=0.369 | data 0.0s compute 28.1s
[iter 14800] lr=7.10e-04 loss=0.674 motion=0.023 semantic=0.411 dice=0.240 | data 0.0s compute 27.1s
[iter 14850] lr=7.08e-04 loss=0.809 motion=0.118 semantic=0.598 dice=0.093 | data 0.0s compute 26.8s
[iter 14900] lr=7.06e-04 loss=0.653 motion=0.003 semantic=0.566 dice=0.085 | data 0.0s compute 27.6s
[iter 14950] lr=7.05e-04 loss=1.493 motion=0.008 semantic=0.485 dice=1.000 | data 0.0s compute 27.5s
  [val @ 15000] moving_iou=0.3498 P=0.784 R=0.387 semantic_miou=0.2946
  [val @ 15000] new best -> best.pt (0.3498)
[iter 15000] lr=7.03e-04 loss=1.552 motion=0.001 semantic=0.550 dice=1.000 | data 0.0s compute 28.1s
[iter 15050] lr=7.01e-04 loss=0.952 motion=0.126 semantic=0.666 dice=0.160 | data 0.0s compute 28.9s
[iter 15100] lr=6.99e-04 loss=1.044 motion=0.020 semantic=0.594 dice=0.430 | data 0.0s compute 28.0s
[iter 15150] lr=6.97e-04 loss=1.341 motion=0.005 semantic=0.336 dice=1.000 | data 0.0s compute 26.8s
[iter 15200] lr=6.95e-04 loss=1.475 motion=0.019 semantic=0.456 dice=1.000 | data 0.0s compute 28.6s
[iter 15250] lr=6.94e-04 loss=1.377 motion=0.021 semantic=0.360 dice=0.996 | data 0.0s compute 27.7s
[iter 15300] lr=6.92e-04 loss=0.626 motion=0.020 semantic=0.500 dice=0.105 | data 0.0s compute 29.1s
[iter 15350] lr=6.90e-04 loss=0.494 motion=0.008 semantic=0.462 dice=0.025 | data 0.0s compute 27.6s
[iter 15400] lr=6.88e-04 loss=1.209 motion=0.296 semantic=0.388 dice=0.526 | data 0.0s compute 27.6s
[iter 15450] lr=6.86e-04 loss=1.443 motion=0.000 semantic=0.443 dice=1.000 | data 0.0s compute 27.5s
[iter 15500] lr=6.84e-04 loss=1.586 motion=0.009 semantic=0.576 dice=1.000 | data 0.0s compute 27.6s
[iter 15550] lr=6.83e-04 loss=1.690 motion=0.008 semantic=0.683 dice=1.000 | data 0.0s compute 26.7s
[iter 15600] lr=6.81e-04 loss=1.414 motion=0.019 semantic=0.397 dice=0.999 | data 0.0s compute 28.2s
[iter 15650] lr=6.79e-04 loss=0.521 motion=0.007 semantic=0.466 dice=0.048 | data 0.0s compute 28.5s
[iter 15700] lr=6.77e-04 loss=1.517 motion=0.031 semantic=0.486 dice=1.000 | data 0.0s compute 28.0s
[iter 15750] lr=6.75e-04 loss=1.511 motion=0.036 semantic=0.476 dice=1.000 | data 0.0s compute 27.5s
[iter 15800] lr=6.73e-04 loss=1.344 motion=0.022 semantic=0.519 dice=0.803 | data 0.0s compute 28.3s
[iter 15850] lr=6.71e-04 loss=1.275 motion=0.001 semantic=0.274 dice=0.999 | data 0.0s compute 26.6s
[iter 15900] lr=6.70e-04 loss=0.945 motion=0.004 semantic=0.665 dice=0.276 | data 0.0s compute 30.2s
[iter 15950] lr=6.68e-04 loss=0.850 motion=0.148 semantic=0.498 dice=0.204 | data 0.0s compute 27.2s
  [val @ 16000] moving_iou=0.3448 P=0.716 R=0.400 semantic_miou=0.3046
[iter 16000] lr=6.66e-04 loss=1.498 motion=0.001 semantic=0.497 dice=1.000 | data 0.0s compute 28.0s
[iter 16050] lr=6.64e-04 loss=1.345 motion=0.001 semantic=0.344 dice=1.000 | data 0.0s compute 28.5s
[iter 16100] lr=6.62e-04 loss=1.873 motion=0.005 semantic=0.867 dice=1.000 | data 0.0s compute 29.4s
[iter 16150] lr=6.60e-04 loss=0.397 motion=0.002 semantic=0.356 dice=0.040 | data 0.0s compute 28.3s
[iter 16200] lr=6.58e-04 loss=1.504 motion=0.014 semantic=0.490 dice=1.000 | data 0.0s compute 27.5s
[iter 16250] lr=6.56e-04 loss=0.500 motion=0.005 semantic=0.349 dice=0.146 | data 0.0s compute 26.4s
[iter 16300] lr=6.55e-04 loss=1.437 motion=0.003 semantic=0.460 dice=0.974 | data 0.0s compute 27.5s
[iter 16350] lr=6.53e-04 loss=0.674 motion=0.085 semantic=0.471 dice=0.118 | data 0.0s compute 27.6s
[iter 16400] lr=6.51e-04 loss=1.481 motion=0.006 semantic=0.475 dice=1.000 | data 0.0s compute 28.3s
[iter 16450] lr=6.49e-04 loss=0.865 motion=0.024 semantic=0.377 dice=0.464 | data 0.0s compute 27.4s
[iter 16500] lr=6.47e-04 loss=1.499 motion=0.003 semantic=0.497 dice=1.000 | data 0.0s compute 27.1s
[iter 16550] lr=6.45e-04 loss=1.515 motion=0.007 semantic=0.507 dice=1.000 | data 0.0s compute 27.4s
[iter 16600] lr=6.43e-04 loss=1.023 motion=0.098 semantic=0.476 dice=0.449 | data 0.0s compute 27.7s
[iter 16650] lr=6.41e-04 loss=1.473 motion=0.018 semantic=0.659 dice=0.797 | data 0.0s compute 27.5s
[iter 16700] lr=6.39e-04 loss=0.441 motion=0.010 semantic=0.361 dice=0.070 | data 0.0s compute 30.1s
[iter 16750] lr=6.37e-04 loss=1.391 motion=0.000 semantic=0.391 dice=1.000 | data 0.0s compute 27.7s
[iter 16800] lr=6.35e-04 loss=1.238 motion=0.015 semantic=0.428 dice=0.795 | data 0.0s compute 26.8s
[iter 16850] lr=6.34e-04 loss=0.764 motion=0.011 semantic=0.464 dice=0.290 | data 0.0s compute 29.1s
[iter 16900] lr=6.32e-04 loss=0.513 motion=0.018 semantic=0.277 dice=0.217 | data 0.0s compute 27.3s
[iter 16950] lr=6.30e-04 loss=0.787 motion=0.031 semantic=0.696 dice=0.060 | data 0.0s compute 28.7s
  [val @ 17000] moving_iou=0.3446 P=0.622 R=0.436 semantic_miou=0.2966
[iter 17000] lr=6.28e-04 loss=0.572 motion=0.007 semantic=0.504 dice=0.061 | data 0.0s compute 27.7s
[iter 17050] lr=6.26e-04 loss=0.723 motion=0.015 semantic=0.653 dice=0.055 | data 0.0s compute 27.9s
[iter 17100] lr=6.24e-04 loss=1.002 motion=0.032 semantic=0.537 dice=0.433 | data 0.0s compute 27.5s
[iter 17150] lr=6.22e-04 loss=1.517 motion=0.001 semantic=0.516 dice=1.000 | data 0.0s compute 28.1s
[iter 17200] lr=6.20e-04 loss=0.498 motion=0.010 semantic=0.423 dice=0.065 | data 0.0s compute 29.8s
[iter 17250] lr=6.18e-04 loss=1.569 motion=0.009 semantic=0.560 dice=1.000 | data 0.0s compute 28.1s
[iter 17300] lr=6.16e-04 loss=1.486 motion=0.001 semantic=0.484 dice=1.000 | data 0.0s compute 26.6s
[iter 17350] lr=6.14e-04 loss=1.314 motion=0.019 semantic=0.409 dice=0.887 | data 0.0s compute 27.2s
[iter 17400] lr=6.12e-04 loss=1.466 motion=0.016 semantic=0.450 dice=1.000 | data 0.0s compute 27.2s
[iter 17450] lr=6.10e-04 loss=1.594 motion=0.007 semantic=0.587 dice=1.000 | data 0.0s compute 28.3s
[iter 17500] lr=6.08e-04 loss=1.112 motion=0.011 semantic=0.327 dice=0.774 | data 0.0s compute 27.6s
[iter 17550] lr=6.07e-04 loss=1.481 motion=0.007 semantic=0.474 dice=1.000 | data 0.0s compute 27.8s
[iter 17600] lr=6.05e-04 loss=0.779 motion=0.010 semantic=0.604 dice=0.165 | data 0.0s compute 27.4s
[iter 17650] lr=6.03e-04 loss=0.848 motion=0.016 semantic=0.627 dice=0.205 | data 0.0s compute 27.0s
[iter 17700] lr=6.01e-04 loss=1.381 motion=0.382 semantic=0.599 dice=0.399 | data 0.0s compute 26.6s
[iter 17750] lr=5.99e-04 loss=1.385 motion=0.000 semantic=0.385 dice=1.000 | data 0.0s compute 29.1s
[iter 17800] lr=5.97e-04 loss=0.797 motion=0.006 semantic=0.362 dice=0.430 | data 0.0s compute 26.7s
[iter 17850] lr=5.95e-04 loss=1.383 motion=0.001 semantic=0.382 dice=1.000 | data 0.0s compute 27.7s
[iter 17900] lr=5.93e-04 loss=1.195 motion=0.009 semantic=0.435 dice=0.752 | data 0.0s compute 27.0s
[iter 17950] lr=5.91e-04 loss=1.400 motion=0.000 semantic=0.400 dice=1.000 | data 0.0s compute 28.1s
  [val @ 18000] moving_iou=0.3612 P=0.780 R=0.402 semantic_miou=0.3031
  [val @ 18000] new best -> best.pt (0.3612)
[iter 18000] lr=5.89e-04 loss=0.617 motion=0.000 semantic=0.516 dice=0.102 | data 0.0s compute 28.9s
[iter 18050] lr=5.87e-04 loss=1.510 motion=0.004 semantic=0.507 dice=1.000 | data 0.0s compute 26.9s
[iter 18100] lr=5.85e-04 loss=0.996 motion=0.023 semantic=0.440 dice=0.533 | data 0.0s compute 27.8s
[iter 18150] lr=5.83e-04 loss=0.825 motion=0.032 semantic=0.512 dice=0.281 | data 0.0s compute 27.7s
[iter 18200] lr=5.81e-04 loss=0.495 motion=0.014 semantic=0.419 dice=0.062 | data 0.0s compute 27.3s
[iter 18250] lr=5.79e-04 loss=1.694 motion=0.217 semantic=0.600 dice=0.877 | data 0.0s compute 29.6s
[iter 18300] lr=5.77e-04 loss=0.814 motion=0.018 semantic=0.510 dice=0.286 | data 0.0s compute 28.0s
[iter 18350] lr=5.75e-04 loss=1.473 motion=0.000 semantic=0.473 dice=1.000 | data 0.0s compute 27.9s
[iter 18400] lr=5.73e-04 loss=0.872 motion=0.083 semantic=0.647 dice=0.142 | data 0.0s compute 29.1s
[iter 18450] lr=5.71e-04 loss=1.523 motion=0.429 semantic=0.653 dice=0.441 | data 0.0s compute 27.5s
[iter 18500] lr=5.69e-04 loss=1.529 motion=0.008 semantic=0.521 dice=1.000 | data 0.0s compute 28.6s
[iter 18550] lr=5.67e-04 loss=0.811 motion=0.013 semantic=0.403 dice=0.394 | data 0.0s compute 27.9s
[iter 18600] lr=5.65e-04 loss=1.481 motion=0.001 semantic=0.480 dice=1.000 | data 0.0s compute 27.9s
[iter 18650] lr=5.63e-04 loss=1.623 motion=0.008 semantic=0.616 dice=0.999 | data 0.0s compute 29.3s
[iter 18700] lr=5.61e-04 loss=1.364 motion=0.000 semantic=0.364 dice=1.000 | data 0.0s compute 27.6s
[iter 18750] lr=5.60e-04 loss=0.985 motion=0.006 semantic=0.421 dice=0.558 | data 0.0s compute 28.2s
[iter 18800] lr=5.58e-04 loss=0.664 motion=0.018 semantic=0.446 dice=0.199 | data 0.0s compute 29.2s
[iter 18850] lr=5.56e-04 loss=1.129 motion=0.006 semantic=0.465 dice=0.657 | data 0.0s compute 27.7s
[iter 18900] lr=5.54e-04 loss=0.810 motion=0.023 semantic=0.681 dice=0.105 | data 0.0s compute 28.1s
[iter 18950] lr=5.52e-04 loss=0.517 motion=0.007 semantic=0.401 dice=0.110 | data 0.0s compute 28.2s
  [val @ 19000] moving_iou=0.3304 P=0.699 R=0.385 semantic_miou=0.3130
[iter 19000] lr=5.50e-04 loss=0.561 motion=0.001 semantic=0.394 dice=0.166 | data 0.0s compute 27.8s
[iter 19050] lr=5.48e-04 loss=0.944 motion=0.024 semantic=0.528 dice=0.391 | data 0.0s compute 28.0s
[iter 19100] lr=5.46e-04 loss=1.439 motion=0.000 semantic=0.439 dice=1.000 | data 0.0s compute 28.4s
[iter 19150] lr=5.44e-04 loss=0.688 motion=0.114 semantic=0.415 dice=0.160 | data 1.9s compute 27.4s
[iter 19200] lr=5.42e-04 loss=0.909 motion=0.020 semantic=0.594 dice=0.295 | data 0.0s compute 27.7s
[iter 19250] lr=5.40e-04 loss=1.691 motion=0.042 semantic=0.649 dice=1.000 | data 0.0s compute 27.3s
[iter 19300] lr=5.38e-04 loss=1.421 motion=0.001 semantic=0.420 dice=1.000 | data 0.0s compute 28.0s
[iter 19350] lr=5.36e-04 loss=0.629 motion=0.029 semantic=0.346 dice=0.254 | data 0.0s compute 27.2s
[iter 19400] lr=5.34e-04 loss=0.839 motion=0.159 semantic=0.422 dice=0.257 | data 0.0s compute 27.4s
[iter 19450] lr=5.32e-04 loss=1.575 motion=0.005 semantic=0.570 dice=1.000 | data 0.0s compute 28.4s
[iter 19500] lr=5.30e-04 loss=1.092 motion=0.009 semantic=0.317 dice=0.767 | data 0.0s compute 29.3s
[iter 19550] lr=5.28e-04 loss=0.634 motion=0.026 semantic=0.436 dice=0.172 | data 0.0s compute 26.5s
[iter 19600] lr=5.26e-04 loss=0.625 motion=0.010 semantic=0.587 dice=0.028 | data 0.0s compute 28.7s
[iter 19650] lr=5.24e-04 loss=1.452 motion=0.004 semantic=0.448 dice=1.000 | data 0.0s compute 28.7s
[iter 19700] lr=5.22e-04 loss=0.530 motion=0.012 semantic=0.440 dice=0.079 | data 0.0s compute 27.3s
[iter 19750] lr=5.20e-04 loss=1.319 motion=0.000 semantic=0.319 dice=1.000 | data 0.0s compute 27.6s
[iter 19800] lr=5.18e-04 loss=0.638 motion=0.003 semantic=0.401 dice=0.234 | data 0.0s compute 28.3s
[iter 19850] lr=5.16e-04 loss=1.411 motion=0.004 semantic=0.408 dice=0.999 | data 0.0s compute 28.1s
[iter 19900] lr=5.14e-04 loss=0.533 motion=0.003 semantic=0.356 dice=0.174 | data 0.0s compute 28.3s
[iter 19950] lr=5.12e-04 loss=1.426 motion=0.001 semantic=0.425 dice=1.000 | data 0.0s compute 28.0s
  [val @ 20000] moving_iou=0.3081 P=0.663 R=0.365 semantic_miou=0.3038
[iter 20000] lr=5.10e-04 loss=1.524 motion=0.019 semantic=0.505 dice=1.000 | data 0.0s compute 27.3s
[iter 20050] lr=5.08e-04 loss=1.386 motion=0.016 semantic=0.371 dice=1.000 | data 0.0s compute 27.4s
[iter 20100] lr=5.06e-04 loss=0.942 motion=0.050 semantic=0.798 dice=0.093 | data 0.0s compute 27.3s
[iter 20150] lr=5.04e-04 loss=1.437 motion=0.000 semantic=0.437 dice=1.000 | data 0.0s compute 27.6s
[iter 20200] lr=5.02e-04 loss=1.301 motion=0.000 semantic=0.301 dice=1.000 | data 0.0s compute 27.7s
[iter 20250] lr=5.00e-04 loss=0.998 motion=0.064 semantic=0.512 dice=0.422 | data 0.0s compute 27.8s
[iter 20300] lr=4.98e-04 loss=0.709 motion=0.003 semantic=0.423 dice=0.282 | data 0.0s compute 27.8s
[iter 20350] lr=4.96e-04 loss=0.576 motion=0.010 semantic=0.442 dice=0.123 | data 0.0s compute 29.9s
[iter 20400] lr=4.94e-04 loss=1.416 motion=0.002 semantic=0.414 dice=1.000 | data 0.0s compute 27.4s
[iter 20450] lr=4.92e-04 loss=1.477 motion=0.206 semantic=0.613 dice=0.658 | data 0.0s compute 28.8s
[iter 20500] lr=4.90e-04 loss=1.424 motion=0.001 semantic=0.422 dice=1.000 | data 0.0s compute 27.7s
[iter 20550] lr=4.88e-04 loss=1.415 motion=0.002 semantic=0.412 dice=1.000 | data 0.0s compute 27.8s
[iter 20600] lr=4.86e-04 loss=0.958 motion=0.031 semantic=0.508 dice=0.419 | data 0.0s compute 27.5s
[iter 20650] lr=4.84e-04 loss=0.926 motion=0.021 semantic=0.671 dice=0.235 | data 0.0s compute 27.7s
[iter 20700] lr=4.82e-04 loss=1.476 motion=0.000 semantic=0.476 dice=1.000 | data 0.0s compute 28.5s
[iter 20750] lr=4.80e-04 loss=0.623 motion=0.044 semantic=0.348 dice=0.230 | data 0.0s compute 28.0s
[iter 20800] lr=4.78e-04 loss=1.544 motion=0.029 semantic=0.524 dice=0.991 | data 0.0s compute 27.6s
[iter 20850] lr=4.76e-04 loss=1.246 motion=0.403 semantic=0.552 dice=0.291 | data 0.0s compute 27.2s
[iter 20900] lr=4.74e-04 loss=1.359 motion=0.001 semantic=0.358 dice=1.000 | data 0.0s compute 28.4s
[iter 20950] lr=4.72e-04 loss=1.935 motion=0.269 semantic=0.666 dice=1.000 | data 0.0s compute 27.3s
  [val @ 21000] moving_iou=0.3350 P=0.876 R=0.352 semantic_miou=0.3208
[iter 21000] lr=4.70e-04 loss=1.472 motion=0.000 semantic=0.472 dice=1.000 | data 0.0s compute 29.8s
[iter 21050] lr=4.68e-04 loss=0.739 motion=0.023 semantic=0.559 dice=0.157 | data 0.0s compute 27.4s
[iter 21100] lr=4.66e-04 loss=1.461 motion=0.001 semantic=0.460 dice=1.000 | data -2.0s compute 30.1s
[iter 21150] lr=4.64e-04 loss=1.463 motion=0.000 semantic=0.463 dice=1.000 | data 0.0s compute 28.2s
[iter 21200] lr=4.62e-04 loss=1.363 motion=0.015 semantic=0.700 dice=0.648 | data 0.0s compute 28.2s
[iter 21250] lr=4.60e-04 loss=1.419 motion=0.001 semantic=0.418 dice=1.000 | data 0.0s compute 29.6s
[iter 21300] lr=4.58e-04 loss=0.617 motion=0.003 semantic=0.490 dice=0.125 | data 0.0s compute 27.7s
[iter 21350] lr=4.56e-04 loss=1.408 motion=0.158 semantic=0.548 dice=0.703 | data 0.0s compute 27.9s
[iter 21400] lr=4.54e-04 loss=1.101 motion=0.028 semantic=0.620 dice=0.453 | data 0.0s compute 27.8s
[iter 21450] lr=4.52e-04 loss=0.372 motion=0.034 semantic=0.260 dice=0.079 | data 0.0s compute 27.1s
[iter 21500] lr=4.50e-04 loss=0.533 motion=0.085 semantic=0.368 dice=0.080 | data 0.0s compute 27.4s
[iter 21550] lr=4.48e-04 loss=1.409 motion=0.000 semantic=0.409 dice=1.000 | data 0.0s compute 27.8s
[iter 21600] lr=4.46e-04 loss=0.751 motion=0.015 semantic=0.451 dice=0.285 | data 0.0s compute 28.5s
[iter 21650] lr=4.44e-04 loss=0.588 motion=0.023 semantic=0.316 dice=0.248 | data 0.0s compute 27.4s
[iter 21700] lr=4.42e-04 loss=1.509 motion=0.001 semantic=0.507 dice=1.000 | data 0.0s compute 27.8s
[iter 21750] lr=4.40e-04 loss=1.491 motion=0.000 semantic=0.491 dice=1.000 | data 0.0s compute 28.0s
[iter 21800] lr=4.39e-04 loss=0.584 motion=0.024 semantic=0.536 dice=0.024 | data 0.0s compute 27.9s
[iter 21850] lr=4.37e-04 loss=0.501 motion=0.011 semantic=0.436 dice=0.054 | data 0.0s compute 29.2s
[iter 21900] lr=4.35e-04 loss=1.380 motion=0.004 semantic=0.376 dice=1.000 | data 0.0s compute 27.9s
[iter 21950] lr=4.33e-04 loss=0.691 motion=0.021 semantic=0.581 dice=0.088 | data 0.0s compute 27.4s
  [val @ 22000] moving_iou=0.3352 P=0.840 R=0.358 semantic_miou=0.3147
[iter 22000] lr=4.31e-04 loss=1.357 motion=0.000 semantic=0.357 dice=1.000 | data 0.0s compute 27.3s
[iter 22050] lr=4.29e-04 loss=0.551 motion=0.011 semantic=0.395 dice=0.145 | data 0.0s compute 27.7s
[iter 22100] lr=4.27e-04 loss=1.469 motion=0.147 semantic=0.707 dice=0.615 | data 0.0s compute 29.2s
[iter 22150] lr=4.25e-04 loss=0.930 motion=0.138 semantic=0.575 dice=0.217 | data 0.0s compute 26.4s
[iter 22200] lr=4.23e-04 loss=0.495 motion=0.049 semantic=0.399 dice=0.046 | data 0.0s compute 27.1s
[iter 22250] lr=4.21e-04 loss=1.519 motion=0.000 semantic=0.519 dice=1.000 | data 0.0s compute 28.0s
[iter 22300] lr=4.19e-04 loss=1.461 motion=0.042 semantic=0.419 dice=1.000 | data 0.0s compute 27.4s
[iter 22350] lr=4.17e-04 loss=0.503 motion=0.033 semantic=0.322 dice=0.148 | data 0.0s compute 28.3s
[iter 22400] lr=4.15e-04 loss=0.868 motion=0.074 semantic=0.629 dice=0.165 | data 0.0s compute 28.0s
[iter 22450] lr=4.13e-04 loss=1.501 motion=0.001 semantic=0.500 dice=1.000 | data 0.0s compute 28.3s
[iter 22500] lr=4.11e-04 loss=0.570 motion=0.025 semantic=0.509 dice=0.036 | data 0.0s compute 27.5s
[iter 22550] lr=4.09e-04 loss=0.787 motion=0.013 semantic=0.623 dice=0.150 | data 0.0s compute 27.5s
[iter 22600] lr=4.07e-04 loss=1.529 motion=0.032 semantic=0.500 dice=0.998 | data 0.0s compute 28.3s
[iter 22650] lr=4.05e-04 loss=0.792 motion=0.126 semantic=0.452 dice=0.214 | data 0.0s compute 27.4s
[iter 22700] lr=4.03e-04 loss=0.635 motion=0.073 semantic=0.441 dice=0.121 | data 0.0s compute 28.8s
[iter 22750] lr=4.01e-04 loss=0.483 motion=0.018 semantic=0.397 dice=0.068 | data 0.0s compute 30.1s
[iter 22800] lr=3.99e-04 loss=1.289 motion=0.009 semantic=0.453 dice=0.828 | data 0.0s compute 27.5s
[iter 22850] lr=3.97e-04 loss=0.626 motion=0.051 semantic=0.355 dice=0.219 | data 0.0s compute 29.1s
[iter 22900] lr=3.95e-04 loss=0.600 motion=0.000 semantic=0.561 dice=0.039 | data 0.0s compute 28.4s
[iter 22950] lr=3.93e-04 loss=1.414 motion=0.000 semantic=0.414 dice=1.000 | data 0.0s compute 27.4s
  [val @ 23000] moving_iou=0.3602 P=0.631 R=0.456 semantic_miou=0.3104
[iter 23000] lr=3.92e-04 loss=1.373 motion=0.000 semantic=0.373 dice=1.000 | data 0.0s compute 27.4s
[iter 23050] lr=3.90e-04 loss=0.414 motion=0.002 semantic=0.300 dice=0.113 | data 0.0s compute 29.4s
[iter 23100] lr=3.88e-04 loss=0.373 motion=0.005 semantic=0.330 dice=0.038 | data 0.0s compute 27.5s
[iter 23150] lr=3.86e-04 loss=1.459 motion=0.000 semantic=0.459 dice=1.000 | data 0.0s compute 26.9s
[iter 23200] lr=3.84e-04 loss=0.686 motion=0.032 semantic=0.597 dice=0.058 | data 0.0s compute 27.9s
[iter 23250] lr=3.82e-04 loss=0.442 motion=0.020 semantic=0.352 dice=0.070 | data 0.0s compute 27.9s
[iter 23300] lr=3.80e-04 loss=0.586 motion=0.056 semantic=0.449 dice=0.081 | data 0.0s compute 27.9s
[iter 23350] lr=3.78e-04 loss=0.885 motion=0.022 semantic=0.498 dice=0.364 | data 0.0s compute 28.7s
[iter 23400] lr=3.76e-04 loss=1.334 motion=0.006 semantic=0.438 dice=0.890 | data 0.0s compute 27.9s
[iter 23450] lr=3.74e-04 loss=0.485 motion=0.054 semantic=0.364 dice=0.066 | data 0.0s compute 28.3s
[iter 23500] lr=3.72e-04 loss=1.469 motion=0.001 semantic=0.468 dice=1.000 | data 0.0s compute 27.8s
[iter 23550] lr=3.70e-04 loss=0.742 motion=0.008 semantic=0.629 dice=0.105 | data 0.0s compute 28.8s
[iter 23600] lr=3.68e-04 loss=1.098 motion=0.004 semantic=0.475 dice=0.619 | data 0.0s compute 27.8s
[iter 23650] lr=3.66e-04 loss=1.330 motion=0.000 semantic=0.330 dice=1.000 | data 0.0s compute 27.4s
[iter 23700] lr=3.65e-04 loss=0.774 motion=0.017 semantic=0.572 dice=0.185 | data 0.0s compute 28.2s
[iter 23750] lr=3.63e-04 loss=1.386 motion=0.000 semantic=0.386 dice=1.000 | data 0.0s compute 28.0s
[iter 23800] lr=3.61e-04 loss=1.521 motion=0.000 semantic=0.521 dice=1.000 | data 0.0s compute 29.3s
[iter 23850] lr=3.59e-04 loss=1.366 motion=0.001 semantic=0.365 dice=1.000 | data 0.0s compute 27.8s
[iter 23900] lr=3.57e-04 loss=1.491 motion=0.000 semantic=0.491 dice=1.000 | data 0.0s compute 27.6s
[iter 23950] lr=3.55e-04 loss=0.586 motion=0.019 semantic=0.517 dice=0.050 | data 0.0s compute 28.3s
  [val @ 24000] moving_iou=0.3851 P=0.820 R=0.421 semantic_miou=0.3335
  [val @ 24000] new best -> best.pt (0.3851)
[iter 24000] lr=3.53e-04 loss=1.315 motion=0.003 semantic=0.562 dice=0.751 | data 0.0s compute 28.6s
[iter 24050] lr=3.51e-04 loss=0.801 motion=0.120 semantic=0.433 dice=0.248 | data 0.0s compute 27.9s
[iter 24100] lr=3.49e-04 loss=0.643 motion=0.015 semantic=0.587 dice=0.040 | data 0.0s compute 29.5s
[iter 24150] lr=3.47e-04 loss=0.373 motion=0.016 semantic=0.300 dice=0.057 | data 0.0s compute 27.2s
[iter 24200] lr=3.45e-04 loss=0.580 motion=0.074 semantic=0.428 dice=0.077 | data 0.0s compute 28.1s
[iter 24250] lr=3.44e-04 loss=0.631 motion=0.022 semantic=0.413 dice=0.196 | data 0.0s compute 27.4s
[iter 24300] lr=3.42e-04 loss=1.286 motion=0.000 semantic=0.286 dice=1.000 | data 0.0s compute 27.1s
[iter 24350] lr=3.40e-04 loss=1.564 motion=0.004 semantic=0.561 dice=1.000 | data 0.0s compute 29.0s
[iter 24400] lr=3.38e-04 loss=0.745 motion=0.062 semantic=0.544 dice=0.138 | data 0.0s compute 28.9s
[iter 24450] lr=3.36e-04 loss=0.592 motion=0.024 semantic=0.473 dice=0.095 | data 0.0s compute 27.7s
[iter 24500] lr=3.34e-04 loss=1.544 motion=0.027 semantic=0.517 dice=1.000 | data 0.0s compute 27.9s
[iter 24550] lr=3.32e-04 loss=1.074 motion=0.002 semantic=0.482 dice=0.590 | data 0.0s compute 27.6s
[iter 24600] lr=3.30e-04 loss=0.568 motion=0.031 semantic=0.454 dice=0.083 | data 0.0s compute 27.9s
[iter 24650] lr=3.29e-04 loss=0.512 motion=0.005 semantic=0.478 dice=0.029 | data 0.0s compute 26.9s
[iter 24700] lr=3.27e-04 loss=0.863 motion=0.144 semantic=0.574 dice=0.145 | data 0.0s compute 26.8s
[iter 24750] lr=3.25e-04 loss=1.414 motion=0.000 semantic=0.414 dice=1.000 | data 0.0s compute 30.4s
[iter 24800] lr=3.23e-04 loss=0.950 motion=0.162 semantic=0.427 dice=0.361 | data 0.0s compute 28.4s
[iter 24850] lr=3.21e-04 loss=0.716 motion=0.024 semantic=0.488 dice=0.204 | data 0.0s compute 27.6s
[iter 24900] lr=3.19e-04 loss=1.406 motion=0.000 semantic=0.406 dice=1.000 | data 0.0s compute 27.6s
[iter 24950] lr=3.17e-04 loss=1.474 motion=0.225 semantic=0.552 dice=0.697 | data 0.0s compute 28.7s
  [val @ 25000] moving_iou=0.3602 P=0.872 R=0.380 semantic_miou=0.3197
[iter 25000] lr=3.16e-04 loss=1.295 motion=0.000 semantic=0.295 dice=1.000 | data 0.0s compute 27.2s
[iter 25050] lr=3.14e-04 loss=0.842 motion=0.215 semantic=0.415 dice=0.212 | data 0.0s compute 28.4s
[iter 25100] lr=3.12e-04 loss=1.437 motion=0.005 semantic=0.432 dice=1.000 | data 0.0s compute 29.2s
[iter 25150] lr=3.10e-04 loss=0.844 motion=0.033 semantic=0.726 dice=0.085 | data 0.0s compute 28.0s
[iter 25200] lr=3.08e-04 loss=1.420 motion=0.001 semantic=0.419 dice=1.000 | data 0.0s compute 28.4s
[iter 25250] lr=3.06e-04 loss=0.758 motion=0.060 semantic=0.585 dice=0.112 | data 0.0s compute 29.3s
[iter 25300] lr=3.05e-04 loss=1.502 motion=0.003 semantic=0.499 dice=1.000 | data 0.0s compute 27.3s
[iter 25350] lr=3.03e-04 loss=1.357 motion=0.002 semantic=0.355 dice=1.000 | data 0.0s compute 27.6s
[iter 25400] lr=3.01e-04 loss=1.312 motion=0.047 semantic=0.599 dice=0.666 | data 0.0s compute 28.8s
[iter 25450] lr=2.99e-04 loss=0.601 motion=0.007 semantic=0.510 dice=0.083 | data 0.0s compute 28.2s
[iter 25500] lr=2.97e-04 loss=0.568 motion=0.000 semantic=0.457 dice=0.111 | data 0.0s compute 27.5s
[iter 25550] lr=2.95e-04 loss=1.450 motion=0.000 semantic=0.450 dice=1.000 | data 0.0s compute 28.3s
[iter 25600] lr=2.94e-04 loss=1.489 motion=0.011 semantic=0.478 dice=1.000 | data 0.0s compute 28.5s
[iter 25650] lr=2.92e-04 loss=1.479 motion=0.000 semantic=0.479 dice=1.000 | data 0.0s compute 28.2s
[iter 25700] lr=2.90e-04 loss=1.571 motion=0.014 semantic=0.558 dice=1.000 | data 0.0s compute 28.3s
[iter 25750] lr=2.88e-04 loss=1.315 motion=0.000 semantic=0.315 dice=1.000 | data 0.0s compute 26.8s
[iter 25800] lr=2.86e-04 loss=1.118 motion=0.352 semantic=0.376 dice=0.390 | data 0.0s compute 27.7s
[iter 25850] lr=2.85e-04 loss=1.399 motion=0.003 semantic=0.396 dice=1.000 | data 0.0s compute 30.8s
[iter 25900] lr=2.83e-04 loss=1.517 motion=0.000 semantic=0.516 dice=1.000 | data 0.0s compute 28.1s
[iter 25950] lr=2.81e-04 loss=0.822 motion=0.001 semantic=0.460 dice=0.361 | data 0.0s compute 28.4s
  [val @ 26000] moving_iou=0.3446 P=0.878 R=0.362 semantic_miou=0.3216
[iter 26000] lr=2.79e-04 loss=1.346 motion=0.008 semantic=0.338 dice=1.000 | data 0.0s compute 27.8s
[iter 26050] lr=2.77e-04 loss=0.521 motion=0.016 semantic=0.376 dice=0.129 | data 0.0s compute 27.6s
[iter 26100] lr=2.76e-04 loss=0.563 motion=0.044 semantic=0.431 dice=0.088 | data 0.0s compute 27.5s
[iter 26150] lr=2.74e-04 loss=1.360 motion=0.019 semantic=0.343 dice=0.999 | data 0.0s compute 28.5s
[iter 26200] lr=2.72e-04 loss=0.443 motion=0.019 semantic=0.390 dice=0.034 | data 0.0s compute 28.4s
[iter 26250] lr=2.70e-04 loss=0.692 motion=0.029 semantic=0.424 dice=0.238 | data 0.0s compute 28.7s
[iter 26300] lr=2.69e-04 loss=1.398 motion=0.002 semantic=0.395 dice=1.000 | data 0.0s compute 30.7s
[iter 26350] lr=2.67e-04 loss=0.744 motion=0.023 semantic=0.417 dice=0.304 | data 0.0s compute 28.3s
[iter 26400] lr=2.65e-04 loss=0.619 motion=0.002 semantic=0.583 dice=0.033 | data 0.0s compute 27.5s
[iter 26450] lr=2.63e-04 loss=1.239 motion=0.272 semantic=0.677 dice=0.290 | data 0.0s compute 28.4s
[iter 26500] lr=2.62e-04 loss=0.472 motion=0.018 semantic=0.392 dice=0.063 | data 0.0s compute 28.7s
[iter 26550] lr=2.60e-04 loss=0.460 motion=0.011 semantic=0.384 dice=0.066 | data 0.0s compute 28.1s
[iter 26600] lr=2.58e-04 loss=0.699 motion=0.007 semantic=0.378 dice=0.314 | data 0.0s compute 28.4s
[iter 26650] lr=2.56e-04 loss=1.398 motion=0.003 semantic=0.395 dice=1.000 | data 0.0s compute 27.7s
[iter 26700] lr=2.55e-04 loss=1.366 motion=0.000 semantic=0.366 dice=1.000 | data 0.0s compute 29.1s
[iter 26750] lr=2.53e-04 loss=0.462 motion=0.014 semantic=0.352 dice=0.096 | data 0.0s compute 28.0s
