/home/suba/MinkowskiEngine/MinkowskiEngine/__init__.py:36: UserWarning: The environment variable `OMP_NUM_THREADS` not set. MinkowskiEngine will automatically set `OMP_NUM_THREADS=16`. If you want to set `OMP_NUM_THREADS` manually, please export it on the command line before running a python script. e.g. `export OMP_NUM_THREADS=12; python your_program.py`. It is recommended to set it below 24.
  warnings.warn(
[iter 0] lr=2.00e-06 loss=4.656 motion=0.663 semantic=3.001 dice=0.993 | data 2.0s compute 2.1s
[iter 50] lr=1.02e-04 loss=3.886 motion=0.339 semantic=2.549 dice=0.999 | data 0.0s compute 34.1s
[iter 100] lr=2.02e-04 loss=2.619 motion=0.034 semantic=1.585 dice=1.000 | data 0.0s compute 32.8s
[iter 150] lr=3.02e-04 loss=2.078 motion=0.021 semantic=1.057 dice=1.000 | data 0.0s compute 32.8s
[iter 200] lr=4.02e-04 loss=2.079 motion=0.076 semantic=1.017 dice=0.986 | data 0.0s compute 33.4s
[iter 250] lr=5.02e-04 loss=2.092 motion=0.147 semantic=0.963 dice=0.982 | data 0.0s compute 30.2s
[iter 300] lr=6.02e-04 loss=1.780 motion=0.001 semantic=0.779 dice=1.000 | data 0.0s compute 32.6s
[iter 350] lr=7.02e-04 loss=2.149 motion=0.001 semantic=1.149 dice=1.000 | data 0.0s compute 32.2s
[iter 400] lr=8.02e-04 loss=1.934 motion=0.000 semantic=0.934 dice=1.000 | data 0.0s compute 33.0s
[iter 450] lr=9.02e-04 loss=1.858 motion=0.000 semantic=0.858 dice=1.000 | data 0.0s compute 32.3s
[iter 500] lr=1.00e-03 loss=0.947 motion=0.021 semantic=0.807 dice=0.118 | data 0.0s compute 33.0s
[iter 550] lr=1.00e-03 loss=0.927 motion=0.017 semantic=0.846 dice=0.064 | data 0.0s compute 33.3s
[iter 600] lr=1.00e-03 loss=1.755 motion=0.091 semantic=0.917 dice=0.746 | data 0.0s compute 33.9s
[iter 650] lr=1.00e-03 loss=1.734 motion=0.000 semantic=0.733 dice=1.000 | data 0.0s compute 32.6s
[iter 700] lr=1.00e-03 loss=2.073 motion=0.001 semantic=1.072 dice=1.000 | data 0.0s compute 32.4s
[iter 750] lr=1.00e-03 loss=1.411 motion=0.084 semantic=0.798 dice=0.529 | data 0.0s compute 33.1s
[iter 800] lr=1.00e-03 loss=0.889 motion=0.002 semantic=0.804 dice=0.083 | data 0.0s compute 31.5s
[iter 850] lr=1.00e-03 loss=1.782 motion=0.047 semantic=0.736 dice=0.999 | data 0.0s compute 33.7s
[iter 900] lr=1.00e-03 loss=1.099 motion=0.014 semantic=1.057 dice=0.028 | data 0.0s compute 32.7s
[iter 950] lr=1.00e-03 loss=2.077 motion=0.046 semantic=1.338 dice=0.694 | data 0.0s compute 32.2s
  [val @ 1000] moving_iou=0.3085 P=0.501 R=0.445 semantic_miou=0.2028
  [val @ 1000] new best -> best.pt (0.3085)
[iter 1000] lr=1.00e-03 loss=1.779 motion=0.000 semantic=0.779 dice=1.000 | data 0.0s compute 33.1s
[iter 1050] lr=1.00e-03 loss=1.398 motion=0.036 semantic=0.805 dice=0.557 | data 0.0s compute 32.9s
[iter 1100] lr=9.99e-04 loss=1.402 motion=0.034 semantic=0.728 dice=0.640 | data 0.0s compute 32.5s
[iter 1150] lr=9.99e-04 loss=1.095 motion=0.003 semantic=0.838 dice=0.253 | data 0.0s compute 29.7s
[iter 1200] lr=9.99e-04 loss=1.377 motion=0.015 semantic=0.582 dice=0.780 | data 0.0s compute 32.7s
[iter 1250] lr=9.99e-04 loss=1.269 motion=0.018 semantic=1.106 dice=0.144 | data 0.0s compute 31.8s
[iter 1300] lr=9.99e-04 loss=1.589 motion=0.000 semantic=0.589 dice=1.000 | data 0.0s compute 32.0s
[iter 1350] lr=9.99e-04 loss=1.634 motion=0.081 semantic=0.721 dice=0.832 | data 0.0s compute 32.4s
[iter 1400] lr=9.99e-04 loss=1.645 motion=0.000 semantic=0.645 dice=1.000 | data 0.0s compute 32.8s
[iter 1450] lr=9.99e-04 loss=1.653 motion=0.000 semantic=0.653 dice=1.000 | data 0.0s compute 33.2s
[iter 1500] lr=9.98e-04 loss=1.726 motion=0.009 semantic=0.740 dice=0.977 | data 0.0s compute 32.0s
[iter 1550] lr=9.98e-04 loss=2.180 motion=0.451 semantic=0.739 dice=0.990 | data 0.0s compute 32.6s
[iter 1600] lr=9.98e-04 loss=1.489 motion=0.133 semantic=0.879 dice=0.478 | data 0.0s compute 33.1s
[iter 1650] lr=9.98e-04 loss=1.630 motion=0.011 semantic=0.955 dice=0.663 | data 0.0s compute 32.9s
[iter 1700] lr=9.98e-04 loss=0.855 motion=0.005 semantic=0.581 dice=0.269 | data 0.0s compute 32.5s
[iter 1750] lr=9.98e-04 loss=1.926 motion=0.010 semantic=0.918 dice=0.999 | data 0.0s compute 33.5s
[iter 1800] lr=9.97e-04 loss=1.471 motion=0.000 semantic=0.471 dice=1.000 | data 0.0s compute 31.2s
[iter 1850] lr=9.97e-04 loss=1.405 motion=0.340 semantic=0.770 dice=0.295 | data 0.0s compute 32.4s
[iter 1900] lr=9.97e-04 loss=1.018 motion=0.006 semantic=0.605 dice=0.406 | data 0.0s compute 32.9s
[iter 1950] lr=9.97e-04 loss=0.727 motion=0.001 semantic=0.608 dice=0.117 | data 0.0s compute 32.9s
  [val @ 2000] moving_iou=0.4231 P=0.699 R=0.517 semantic_miou=0.2363
  [val @ 2000] new best -> best.pt (0.4231)
[iter 2000] lr=9.96e-04 loss=1.504 motion=0.000 semantic=0.504 dice=1.000 | data 0.0s compute 31.6s
[iter 2050] lr=9.96e-04 loss=1.528 motion=0.001 semantic=0.542 dice=0.985 | data 0.0s compute 31.7s
[iter 2100] lr=9.96e-04 loss=1.379 motion=0.050 semantic=0.869 dice=0.460 | data 0.0s compute 31.5s
[iter 2150] lr=9.96e-04 loss=0.833 motion=0.002 semantic=0.752 dice=0.079 | data 0.0s compute 31.9s
[iter 2200] lr=9.95e-04 loss=1.038 motion=0.022 semantic=0.956 dice=0.060 | data 0.0s compute 32.5s
[iter 2250] lr=9.95e-04 loss=1.821 motion=0.000 semantic=0.820 dice=1.000 | data 0.0s compute 31.6s
[iter 2300] lr=9.95e-04 loss=0.777 motion=0.015 semantic=0.685 dice=0.077 | data 0.0s compute 32.1s
[iter 2350] lr=9.95e-04 loss=1.593 motion=0.000 semantic=0.593 dice=1.000 | data 0.0s compute 32.8s
[iter 2400] lr=9.94e-04 loss=1.262 motion=0.004 semantic=0.846 dice=0.412 | data 0.0s compute 32.1s
[iter 2450] lr=9.94e-04 loss=1.065 motion=0.008 semantic=0.494 dice=0.562 | data 0.0s compute 32.4s
[iter 2500] lr=9.94e-04 loss=1.898 motion=0.331 semantic=1.122 dice=0.445 | data 0.0s compute 33.6s
[iter 2550] lr=9.93e-04 loss=1.656 motion=0.000 semantic=0.655 dice=1.000 | data 0.0s compute 33.3s
[iter 2600] lr=9.93e-04 loss=1.822 motion=0.000 semantic=0.822 dice=1.000 | data 0.0s compute 33.2s
[iter 2650] lr=9.93e-04 loss=1.721 motion=0.003 semantic=0.718 dice=1.000 | data 0.0s compute 32.3s
[iter 2700] lr=9.92e-04 loss=0.913 motion=0.009 semantic=0.771 dice=0.133 | data 0.0s compute 32.8s
[iter 2750] lr=9.92e-04 loss=0.853 motion=0.012 semantic=0.637 dice=0.204 | data 0.0s compute 31.3s
[iter 2800] lr=9.92e-04 loss=0.730 motion=0.012 semantic=0.588 dice=0.129 | data 0.0s compute 33.7s
[iter 2850] lr=9.91e-04 loss=1.604 motion=0.000 semantic=0.604 dice=1.000 | data 0.0s compute 31.6s
[iter 2900] lr=9.91e-04 loss=1.597 motion=0.016 semantic=0.581 dice=1.000 | data 0.0s compute 32.0s
[iter 2950] lr=9.91e-04 loss=1.590 motion=0.000 semantic=0.590 dice=1.000 | data 0.0s compute 32.9s
  [val @ 3000] moving_iou=0.4322 P=0.821 R=0.477 semantic_miou=0.2549
  [val @ 3000] new best -> best.pt (0.4322)
[iter 3000] lr=9.90e-04 loss=0.723 motion=0.004 semantic=0.519 dice=0.200 | data 0.0s compute 33.2s
[iter 3050] lr=9.90e-04 loss=1.640 motion=0.001 semantic=0.640 dice=1.000 | data 0.0s compute 32.4s
[iter 3100] lr=9.89e-04 loss=0.969 motion=0.063 semantic=0.770 dice=0.136 | data 0.0s compute 30.7s
[iter 3150] lr=9.89e-04 loss=1.551 motion=0.002 semantic=0.549 dice=1.000 | data 0.0s compute 32.6s
[iter 3200] lr=9.89e-04 loss=1.128 motion=0.027 semantic=0.812 dice=0.289 | data 0.0s compute 31.6s
[iter 3250] lr=9.88e-04 loss=0.787 motion=0.026 semantic=0.565 dice=0.195 | data 0.0s compute 32.6s
[iter 3300] lr=9.88e-04 loss=1.645 motion=0.002 semantic=0.644 dice=1.000 | data 0.0s compute 32.5s
[iter 3350] lr=9.87e-04 loss=0.697 motion=0.002 semantic=0.613 dice=0.082 | data 0.0s compute 33.1s
[iter 3400] lr=9.87e-04 loss=1.198 motion=0.145 semantic=0.589 dice=0.465 | data 0.0s compute 33.5s
[iter 3450] lr=9.86e-04 loss=0.718 motion=0.003 semantic=0.655 dice=0.060 | data 0.0s compute 32.7s
[iter 3500] lr=9.86e-04 loss=0.870 motion=0.003 semantic=0.829 dice=0.039 | data 0.0s compute 32.9s
[iter 3550] lr=9.85e-04 loss=0.893 motion=0.061 semantic=0.710 dice=0.122 | data 0.0s compute 33.0s
[iter 3600] lr=9.85e-04 loss=0.710 motion=0.026 semantic=0.571 dice=0.114 | data 0.0s compute 33.1s
[iter 3650] lr=9.84e-04 loss=1.446 motion=0.005 semantic=0.441 dice=1.000 | data 0.0s compute 31.9s
[iter 3700] lr=9.84e-04 loss=0.986 motion=0.012 semantic=0.608 dice=0.366 | data 0.0s compute 30.7s
[iter 3750] lr=9.83e-04 loss=0.710 motion=0.013 semantic=0.635 dice=0.062 | data 0.0s compute 34.2s
[iter 3800] lr=9.83e-04 loss=1.517 motion=0.008 semantic=0.509 dice=1.000 | data 0.0s compute 32.5s
[iter 3850] lr=9.82e-04 loss=1.517 motion=0.001 semantic=0.516 dice=1.000 | data 0.0s compute 33.5s
[iter 3900] lr=9.82e-04 loss=0.539 motion=0.008 semantic=0.469 dice=0.062 | data 0.0s compute 32.5s
[iter 3950] lr=9.81e-04 loss=0.707 motion=0.008 semantic=0.404 dice=0.295 | data 0.0s compute 33.3s
  [val @ 4000] moving_iou=0.4639 P=0.776 R=0.536 semantic_miou=0.2690
  [val @ 4000] new best -> best.pt (0.4639)
[iter 4000] lr=9.81e-04 loss=0.881 motion=0.019 semantic=0.806 dice=0.057 | data 0.0s compute 33.1s
[iter 4050] lr=9.80e-04 loss=0.671 motion=0.013 semantic=0.627 dice=0.032 | data 0.0s compute 33.4s
[iter 4100] lr=9.80e-04 loss=0.862 motion=0.017 semantic=0.463 dice=0.382 | data 0.0s compute 32.6s
[iter 4150] lr=9.79e-04 loss=1.246 motion=0.017 semantic=0.820 dice=0.410 | data 0.0s compute 32.9s
[iter 4200] lr=9.79e-04 loss=1.594 motion=0.000 semantic=0.594 dice=1.000 | data 0.0s compute 33.2s
[iter 4250] lr=9.78e-04 loss=0.751 motion=0.004 semantic=0.689 dice=0.058 | data 0.0s compute 33.0s
[iter 4300] lr=9.77e-04 loss=1.306 motion=0.004 semantic=0.566 dice=0.736 | data 0.0s compute 33.1s
[iter 4350] lr=9.77e-04 loss=0.775 motion=0.005 semantic=0.658 dice=0.112 | data 0.0s compute 32.6s
[iter 4400] lr=9.76e-04 loss=0.719 motion=0.006 semantic=0.616 dice=0.097 | data 0.0s compute 32.8s
[iter 4450] lr=9.76e-04 loss=1.529 motion=0.000 semantic=0.529 dice=1.000 | data 0.0s compute 32.4s
[iter 4500] lr=9.75e-04 loss=0.559 motion=0.008 semantic=0.452 dice=0.098 | data 0.0s compute 32.9s
[iter 4550] lr=9.74e-04 loss=1.437 motion=0.000 semantic=0.437 dice=1.000 | data 0.0s compute 32.0s
[iter 4600] lr=9.74e-04 loss=1.628 motion=0.000 semantic=0.628 dice=1.000 | data 0.0s compute 33.8s
[iter 4650] lr=9.73e-04 loss=0.648 motion=0.002 semantic=0.610 dice=0.035 | data 0.0s compute 32.8s
[iter 4700] lr=9.72e-04 loss=1.454 motion=0.001 semantic=0.453 dice=1.000 | data 0.0s compute 34.0s
[iter 4750] lr=9.72e-04 loss=1.427 motion=0.002 semantic=0.425 dice=1.000 | data 0.0s compute 33.1s
[iter 4800] lr=9.71e-04 loss=1.170 motion=0.007 semantic=0.788 dice=0.375 | data 0.0s compute 32.9s
[iter 4850] lr=9.70e-04 loss=0.673 motion=0.003 semantic=0.487 dice=0.183 | data 0.0s compute 33.1s
[iter 4900] lr=9.70e-04 loss=1.590 motion=0.001 semantic=0.589 dice=1.000 | data 0.0s compute 33.2s
[iter 4950] lr=9.69e-04 loss=0.836 motion=0.005 semantic=0.596 dice=0.235 | data 0.0s compute 33.2s
  [val @ 5000] moving_iou=0.4770 P=0.721 R=0.585 semantic_miou=0.2753
  [val @ 5000] new best -> best.pt (0.4770)
[iter 5000] lr=9.68e-04 loss=0.943 motion=0.004 semantic=0.545 dice=0.395 | data 0.0s compute 30.5s
[iter 5050] lr=9.68e-04 loss=1.369 motion=0.000 semantic=0.369 dice=1.000 | data 0.0s compute 30.5s
[iter 5100] lr=9.67e-04 loss=1.605 motion=0.094 semantic=0.511 dice=1.000 | data 0.0s compute 32.8s
[iter 5150] lr=9.66e-04 loss=0.470 motion=0.013 semantic=0.390 dice=0.067 | data 0.0s compute 33.3s
[iter 5200] lr=9.65e-04 loss=1.699 motion=0.248 semantic=0.452 dice=0.999 | data 0.0s compute 33.6s
[iter 5250] lr=9.65e-04 loss=1.703 motion=0.000 semantic=0.703 dice=1.000 | data 0.0s compute 33.1s
[iter 5300] lr=9.64e-04 loss=1.275 motion=0.019 semantic=0.484 dice=0.772 | data 0.0s compute 33.2s
[iter 5350] lr=9.63e-04 loss=0.590 motion=0.003 semantic=0.546 dice=0.040 | data 0.0s compute 33.9s
[iter 5400] lr=9.63e-04 loss=1.424 motion=0.000 semantic=0.424 dice=1.000 | data 0.0s compute 32.7s
[iter 5450] lr=9.62e-04 loss=1.491 motion=0.000 semantic=0.491 dice=1.000 | data 0.0s compute 33.6s
[iter 5500] lr=9.61e-04 loss=0.578 motion=0.002 semantic=0.539 dice=0.036 | data 0.0s compute 31.8s
[iter 5550] lr=9.60e-04 loss=0.794 motion=0.011 semantic=0.596 dice=0.186 | data 0.0s compute 34.2s
[iter 5600] lr=9.59e-04 loss=1.729 motion=0.000 semantic=0.729 dice=1.000 | data 0.0s compute 32.8s
[iter 5650] lr=9.59e-04 loss=1.521 motion=0.000 semantic=0.521 dice=1.000 | data 0.0s compute 32.7s
[iter 5700] lr=9.58e-04 loss=1.493 motion=0.000 semantic=0.492 dice=1.000 | data 0.0s compute 32.6s
[iter 5750] lr=9.57e-04 loss=1.448 motion=0.001 semantic=0.447 dice=1.000 | data 0.0s compute 33.5s
[iter 5800] lr=9.56e-04 loss=0.793 motion=0.006 semantic=0.726 dice=0.061 | data 0.0s compute 33.1s
[iter 5850] lr=9.55e-04 loss=1.405 motion=0.002 semantic=0.403 dice=1.000 | data 0.0s compute 33.6s
[iter 5900] lr=9.55e-04 loss=1.529 motion=0.001 semantic=0.528 dice=1.000 | data 0.0s compute 32.2s
[iter 5950] lr=9.54e-04 loss=2.177 motion=0.799 semantic=0.749 dice=0.630 | data 0.0s compute 33.3s
  [val @ 6000] moving_iou=0.4775 P=0.898 R=0.505 semantic_miou=0.2934
  [val @ 6000] new best -> best.pt (0.4775)
[iter 6000] lr=9.53e-04 loss=0.596 motion=0.010 semantic=0.509 dice=0.078 | data 0.0s compute 33.1s
[iter 6050] lr=9.52e-04 loss=1.577 motion=0.000 semantic=0.577 dice=1.000 | data 0.0s compute 33.3s
[iter 6100] lr=9.51e-04 loss=1.429 motion=0.001 semantic=0.428 dice=1.000 | data 0.0s compute 33.4s
[iter 6150] lr=9.50e-04 loss=1.480 motion=0.000 semantic=0.480 dice=1.000 | data 0.0s compute 33.6s
[iter 6200] lr=9.49e-04 loss=0.666 motion=0.021 semantic=0.484 dice=0.161 | data 0.0s compute 32.9s
[iter 6250] lr=9.49e-04 loss=1.242 motion=0.041 semantic=0.357 dice=0.844 | data 0.0s compute 33.3s
[iter 6300] lr=9.48e-04 loss=0.930 motion=0.003 semantic=0.648 dice=0.279 | data 0.0s compute 31.6s
[iter 6350] lr=9.47e-04 loss=0.439 motion=0.001 semantic=0.402 dice=0.036 | data 0.0s compute 33.8s
[iter 6400] lr=9.46e-04 loss=1.201 motion=0.085 semantic=0.967 dice=0.149 | data 0.0s compute 34.1s
[iter 6450] lr=9.45e-04 loss=1.345 motion=0.000 semantic=0.345 dice=1.000 | data 0.0s compute 33.1s
[iter 6500] lr=9.44e-04 loss=0.794 motion=0.067 semantic=0.463 dice=0.265 | data 0.0s compute 33.4s
[iter 6550] lr=9.43e-04 loss=0.664 motion=0.005 semantic=0.607 dice=0.053 | data 0.0s compute 33.0s
[iter 6600] lr=9.42e-04 loss=1.450 motion=0.000 semantic=0.450 dice=1.000 | data 0.0s compute 33.0s
[iter 6650] lr=9.41e-04 loss=1.446 motion=0.001 semantic=0.445 dice=1.000 | data 0.0s compute 33.6s
[iter 6700] lr=9.40e-04 loss=1.624 motion=0.000 semantic=0.624 dice=1.000 | data 0.0s compute 32.9s
[iter 6750] lr=9.39e-04 loss=1.378 motion=0.002 semantic=0.377 dice=1.000 | data 0.0s compute 33.3s
[iter 6800] lr=9.39e-04 loss=1.203 motion=0.017 semantic=0.673 dice=0.514 | data 0.0s compute 30.4s
[iter 6850] lr=9.38e-04 loss=1.042 motion=0.147 semantic=0.371 dice=0.524 | data 0.0s compute 32.9s
[iter 6900] lr=9.37e-04 loss=0.561 motion=0.029 semantic=0.395 dice=0.137 | data 0.0s compute 31.5s
[iter 6950] lr=9.36e-04 loss=0.832 motion=0.005 semantic=0.341 dice=0.486 | data 0.0s compute 33.1s
  [val @ 7000] moving_iou=0.4703 P=0.724 R=0.573 semantic_miou=0.2909
[iter 7000] lr=9.35e-04 loss=0.693 motion=0.034 semantic=0.565 dice=0.094 | data 0.0s compute 33.2s
[iter 7050] lr=9.34e-04 loss=1.367 motion=0.005 semantic=0.363 dice=1.000 | data 0.0s compute 32.2s
[iter 7100] lr=9.33e-04 loss=0.800 motion=0.001 semantic=0.723 dice=0.076 | data 0.0s compute 33.6s
[iter 7150] lr=9.32e-04 loss=1.461 motion=0.156 semantic=0.896 dice=0.409 | data 0.0s compute 33.5s
[iter 7200] lr=9.31e-04 loss=0.458 motion=0.001 semantic=0.416 dice=0.040 | data 0.0s compute 31.9s
[iter 7250] lr=9.30e-04 loss=1.533 motion=0.010 semantic=0.523 dice=1.000 | data 0.0s compute 33.5s
[iter 7300] lr=9.29e-04 loss=1.497 motion=0.005 semantic=0.492 dice=1.000 | data 0.0s compute 33.9s
[iter 7350] lr=9.28e-04 loss=1.420 motion=0.000 semantic=0.420 dice=1.000 | data 0.0s compute 32.3s
[iter 7400] lr=9.27e-04 loss=1.639 motion=0.000 semantic=0.639 dice=1.000 | data 0.0s compute 33.2s
[iter 7450] lr=9.26e-04 loss=0.782 motion=0.011 semantic=0.577 dice=0.193 | data 0.0s compute 35.1s
[iter 7500] lr=9.24e-04 loss=1.291 motion=0.000 semantic=0.291 dice=1.000 | data 0.0s compute 32.9s
[iter 7550] lr=9.23e-04 loss=1.536 motion=0.000 semantic=0.536 dice=1.000 | data 0.0s compute 33.2s
[iter 7600] lr=9.22e-04 loss=1.545 motion=0.000 semantic=0.545 dice=1.000 | data 0.0s compute 32.7s
[iter 7650] lr=9.21e-04 loss=0.579 motion=0.017 semantic=0.363 dice=0.199 | data 0.0s compute 30.4s
[iter 7700] lr=9.20e-04 loss=0.794 motion=0.009 semantic=0.612 dice=0.172 | data 0.0s compute 32.7s
[iter 7750] lr=9.19e-04 loss=0.446 motion=0.004 semantic=0.386 dice=0.055 | data 0.0s compute 33.2s
[iter 7800] lr=9.18e-04 loss=0.903 motion=0.000 semantic=0.602 dice=0.301 | data 0.0s compute 32.4s
[iter 7850] lr=9.17e-04 loss=1.535 motion=0.002 semantic=0.533 dice=1.000 | data 0.0s compute 32.7s
[iter 7900] lr=9.16e-04 loss=1.172 motion=0.295 semantic=0.671 dice=0.206 | data 0.0s compute 33.4s
[iter 7950] lr=9.15e-04 loss=1.190 motion=0.022 semantic=0.687 dice=0.480 | data 0.0s compute 34.4s
  [val @ 8000] moving_iou=0.5342 P=0.842 R=0.594 semantic_miou=0.2979
  [val @ 8000] new best -> best.pt (0.5342)
[iter 8000] lr=9.14e-04 loss=0.568 motion=0.002 semantic=0.512 dice=0.054 | data 0.0s compute 32.7s
[iter 8050] lr=9.13e-04 loss=0.499 motion=0.010 semantic=0.426 dice=0.063 | data 0.0s compute 33.9s
[iter 8100] lr=9.11e-04 loss=0.634 motion=0.029 semantic=0.471 dice=0.133 | data 0.0s compute 34.3s
[iter 8150] lr=9.10e-04 loss=0.527 motion=0.006 semantic=0.479 dice=0.043 | data 0.0s compute 33.1s
[iter 8200] lr=9.09e-04 loss=1.477 motion=0.009 semantic=0.468 dice=1.000 | data 0.0s compute 33.7s
[iter 8250] lr=9.08e-04 loss=0.814 motion=0.001 semantic=0.398 dice=0.414 | data 0.0s compute 32.9s
[iter 8300] lr=9.07e-04 loss=1.423 motion=0.000 semantic=0.423 dice=1.000 | data 0.0s compute 33.0s
[iter 8350] lr=9.06e-04 loss=0.519 motion=0.004 semantic=0.406 dice=0.109 | data 0.0s compute 33.8s
[iter 8400] lr=9.05e-04 loss=0.699 motion=0.009 semantic=0.669 dice=0.021 | data 0.0s compute 30.2s
[iter 8450] lr=9.03e-04 loss=1.674 motion=0.001 semantic=0.673 dice=1.000 | data 0.0s compute 33.0s
[iter 8500] lr=9.02e-04 loss=1.636 motion=0.008 semantic=0.629 dice=1.000 | data 0.0s compute 32.8s
[iter 8550] lr=9.01e-04 loss=1.463 motion=0.000 semantic=0.462 dice=1.000 | data 0.0s compute 32.9s
[iter 8600] lr=9.00e-04 loss=1.495 motion=0.000 semantic=0.495 dice=1.000 | data 0.0s compute 33.2s
[iter 8650] lr=8.99e-04 loss=1.514 motion=0.000 semantic=0.514 dice=1.000 | data 0.0s compute 32.4s
[iter 8700] lr=8.97e-04 loss=0.383 motion=0.010 semantic=0.320 dice=0.053 | data 0.0s compute 32.7s
[iter 8750] lr=8.96e-04 loss=0.678 motion=0.041 semantic=0.511 dice=0.126 | data 0.0s compute 33.3s
[iter 8800] lr=8.95e-04 loss=1.453 motion=0.000 semantic=0.453 dice=1.000 | data 0.0s compute 33.1s
[iter 8850] lr=8.94e-04 loss=0.614 motion=0.030 semantic=0.414 dice=0.169 | data 0.0s compute 33.7s
[iter 8900] lr=8.93e-04 loss=1.483 motion=0.006 semantic=0.477 dice=1.000 | data 0.0s compute 30.3s
[iter 8950] lr=8.91e-04 loss=1.329 motion=0.000 semantic=0.329 dice=1.000 | data 0.0s compute 32.1s
  [val @ 9000] moving_iou=0.5200 P=0.791 R=0.603 semantic_miou=0.2998
[iter 9000] lr=8.90e-04 loss=0.546 motion=0.048 semantic=0.426 dice=0.072 | data 0.0s compute 33.0s
[iter 9050] lr=8.89e-04 loss=0.642 motion=0.079 semantic=0.451 dice=0.112 | data 0.0s compute 32.3s
[iter 9100] lr=8.88e-04 loss=1.830 motion=0.000 semantic=0.830 dice=1.000 | data 0.0s compute 30.2s
[iter 9150] lr=8.86e-04 loss=1.576 motion=0.001 semantic=0.575 dice=1.000 | data 0.0s compute 33.8s
[iter 9200] lr=8.85e-04 loss=1.516 motion=0.005 semantic=0.528 dice=0.984 | data 0.0s compute 33.0s
[iter 9250] lr=8.84e-04 loss=1.383 motion=0.000 semantic=0.382 dice=1.000 | data 0.0s compute 33.2s
[iter 9300] lr=8.82e-04 loss=0.793 motion=0.001 semantic=0.387 dice=0.405 | data 0.0s compute 32.5s
[iter 9350] lr=8.81e-04 loss=1.487 motion=0.002 semantic=0.485 dice=1.000 | data 0.0s compute 32.8s
[iter 9400] lr=8.80e-04 loss=0.815 motion=0.015 semantic=0.347 dice=0.453 | data 0.0s compute 33.8s
[iter 9450] lr=8.79e-04 loss=0.669 motion=0.002 semantic=0.343 dice=0.324 | data 0.0s compute 33.4s
[iter 9500] lr=8.77e-04 loss=1.547 motion=0.000 semantic=0.547 dice=1.000 | data 0.0s compute 33.1s
[iter 9550] lr=8.76e-04 loss=1.501 motion=0.000 semantic=0.501 dice=1.000 | data 0.0s compute 32.9s
[iter 9600] lr=8.75e-04 loss=0.621 motion=0.014 semantic=0.413 dice=0.193 | data 2.3s compute 31.2s
[iter 9650] lr=8.73e-04 loss=1.687 motion=0.001 semantic=0.686 dice=1.000 | data 0.0s compute 34.0s
[iter 9700] lr=8.72e-04 loss=0.604 motion=0.012 semantic=0.545 dice=0.047 | data 0.0s compute 33.3s
[iter 9750] lr=8.71e-04 loss=1.662 motion=0.000 semantic=0.662 dice=1.000 | data 0.0s compute 33.7s
[iter 9800] lr=8.69e-04 loss=1.590 motion=0.000 semantic=0.590 dice=1.000 | data 0.0s compute 33.7s
[iter 9850] lr=8.68e-04 loss=1.388 motion=0.000 semantic=0.388 dice=1.000 | data 0.0s compute 32.2s
[iter 9900] lr=8.67e-04 loss=1.475 motion=0.055 semantic=0.421 dice=0.999 | data 0.0s compute 33.1s
[iter 9950] lr=8.65e-04 loss=1.615 motion=0.000 semantic=0.615 dice=1.000 | data 0.0s compute 33.8s
  [val @ 10000] moving_iou=0.5419 P=0.874 R=0.588 semantic_miou=0.3287
  [val @ 10000] new best -> best.pt (0.5419)
[iter 10000] lr=8.64e-04 loss=0.465 motion=0.002 semantic=0.435 dice=0.027 | data 0.0s compute 31.4s
[iter 10050] lr=8.63e-04 loss=1.487 motion=0.002 semantic=0.485 dice=1.000 | data 0.0s compute 33.1s
[iter 10100] lr=8.61e-04 loss=1.567 motion=0.373 semantic=0.676 dice=0.518 | data 0.0s compute 32.4s
[iter 10150] lr=8.60e-04 loss=0.371 motion=0.002 semantic=0.340 dice=0.029 | data 0.0s compute 33.0s
[iter 10200] lr=8.58e-04 loss=0.715 motion=0.026 semantic=0.559 dice=0.130 | data 0.0s compute 33.5s
[iter 10250] lr=8.57e-04 loss=1.372 motion=0.000 semantic=0.372 dice=1.000 | data 0.0s compute 30.3s
[iter 10300] lr=8.56e-04 loss=0.516 motion=0.001 semantic=0.494 dice=0.021 | data 0.0s compute 33.9s
[iter 10350] lr=8.54e-04 loss=1.470 motion=0.000 semantic=0.470 dice=1.000 | data 0.0s compute 32.8s
[iter 10400] lr=8.53e-04 loss=0.668 motion=0.081 semantic=0.507 dice=0.080 | data 0.0s compute 32.5s
[iter 10450] lr=8.51e-04 loss=0.404 motion=0.000 semantic=0.369 dice=0.035 | data 0.0s compute 31.5s
[iter 10500] lr=8.50e-04 loss=1.393 motion=0.000 semantic=0.393 dice=1.000 | data 0.0s compute 33.4s
[iter 10550] lr=8.49e-04 loss=1.453 motion=0.000 semantic=0.453 dice=1.000 | data 0.0s compute 33.4s
[iter 10600] lr=8.47e-04 loss=0.539 motion=0.002 semantic=0.521 dice=0.016 | data 0.0s compute 33.4s
[iter 10650] lr=8.46e-04 loss=0.498 motion=0.002 semantic=0.467 dice=0.029 | data 0.0s compute 32.4s
[iter 10700] lr=8.44e-04 loss=1.534 motion=0.000 semantic=0.534 dice=1.000 | data 0.0s compute 33.5s
[iter 10750] lr=8.43e-04 loss=0.822 motion=0.017 semantic=0.630 dice=0.175 | data 0.0s compute 31.1s
[iter 10800] lr=8.41e-04 loss=0.639 motion=0.005 semantic=0.604 dice=0.031 | data 0.0s compute 33.5s
[iter 10850] lr=8.40e-04 loss=0.714 motion=0.018 semantic=0.545 dice=0.152 | data 0.0s compute 33.0s
[iter 10900] lr=8.38e-04 loss=1.278 motion=0.000 semantic=0.278 dice=1.000 | data 0.0s compute 32.4s
[iter 10950] lr=8.37e-04 loss=0.489 motion=0.000 semantic=0.426 dice=0.062 | data 0.0s compute 33.5s
  [val @ 11000] moving_iou=0.5098 P=0.747 R=0.616 semantic_miou=0.3205
[iter 11000] lr=8.36e-04 loss=0.773 motion=0.004 semantic=0.526 dice=0.243 | data 0.0s compute 32.8s
[iter 11050] lr=8.34e-04 loss=1.332 motion=0.000 semantic=0.332 dice=1.000 | data 0.0s compute 33.0s
[iter 11100] lr=8.33e-04 loss=0.806 motion=0.105 semantic=0.516 dice=0.185 | data 0.0s compute 33.3s
[iter 11150] lr=8.31e-04 loss=1.473 motion=0.034 semantic=0.476 dice=0.963 | data 0.0s compute 32.4s
[iter 11200] lr=8.30e-04 loss=1.469 motion=0.016 semantic=0.452 dice=1.000 | data 0.0s compute 32.7s
[iter 11250] lr=8.28e-04 loss=0.542 motion=0.003 semantic=0.438 dice=0.101 | data 0.0s compute 32.7s
[iter 11300] lr=8.27e-04 loss=0.586 motion=0.019 semantic=0.457 dice=0.110 | data 0.0s compute 33.0s
[iter 11350] lr=8.25e-04 loss=1.518 motion=0.000 semantic=0.518 dice=1.000 | data 0.0s compute 32.4s
[iter 11400] lr=8.24e-04 loss=1.155 motion=0.126 semantic=0.834 dice=0.195 | data 0.0s compute 31.9s
[iter 11450] lr=8.22e-04 loss=1.438 motion=0.001 semantic=0.437 dice=1.000 | data 0.0s compute 32.4s
[iter 11500] lr=8.21e-04 loss=1.305 motion=0.006 semantic=0.349 dice=0.949 | data 0.0s compute 32.2s
[iter 11550] lr=8.19e-04 loss=0.586 motion=0.013 semantic=0.459 dice=0.114 | data 0.0s compute 32.2s
[iter 11600] lr=8.17e-04 loss=0.690 motion=0.009 semantic=0.386 dice=0.295 | data 0.0s compute 32.5s
[iter 11650] lr=8.16e-04 loss=0.362 motion=0.000 semantic=0.354 dice=0.007 | data 0.0s compute 32.2s
[iter 11700] lr=8.14e-04 loss=1.452 motion=0.000 semantic=0.452 dice=1.000 | data 0.0s compute 30.6s
[iter 11750] lr=8.13e-04 loss=0.552 motion=0.014 semantic=0.448 dice=0.090 | data 0.0s compute 33.1s
[iter 11800] lr=8.11e-04 loss=1.425 motion=0.000 semantic=0.425 dice=1.000 | data 0.0s compute 32.3s
[iter 11850] lr=8.10e-04 loss=0.838 motion=0.011 semantic=0.789 dice=0.039 | data 0.0s compute 32.6s
[iter 11900] lr=8.08e-04 loss=0.437 motion=0.010 semantic=0.404 dice=0.023 | data 0.0s compute 33.9s
[iter 11950] lr=8.07e-04 loss=1.548 motion=0.001 semantic=0.546 dice=1.000 | data 0.0s compute 31.0s
  [val @ 12000] moving_iou=0.5546 P=0.865 R=0.607 semantic_miou=0.3258
  [val @ 12000] new best -> best.pt (0.5546)
[iter 12000] lr=8.05e-04 loss=0.624 motion=0.022 semantic=0.559 dice=0.043 | data 0.0s compute 32.6s
[iter 12050] lr=8.03e-04 loss=1.400 motion=0.000 semantic=0.400 dice=1.000 | data 0.0s compute 32.7s
[iter 12100] lr=8.02e-04 loss=0.750 motion=0.021 semantic=0.659 dice=0.070 | data 0.0s compute 32.2s
[iter 12150] lr=8.00e-04 loss=1.608 motion=0.001 semantic=0.607 dice=1.000 | data 0.0s compute 32.5s
[iter 12200] lr=7.99e-04 loss=1.354 motion=0.000 semantic=0.354 dice=1.000 | data 0.0s compute 30.1s
[iter 12250] lr=7.97e-04 loss=0.439 motion=0.044 semantic=0.308 dice=0.088 | data 0.0s compute 34.1s
[iter 12300] lr=7.95e-04 loss=0.676 motion=0.002 semantic=0.583 dice=0.091 | data 0.0s compute 31.7s
[iter 12350] lr=7.94e-04 loss=1.293 motion=0.000 semantic=0.293 dice=1.000 | data 0.0s compute 31.8s
[iter 12400] lr=7.92e-04 loss=1.376 motion=0.002 semantic=0.448 dice=0.925 | data 0.0s compute 32.4s
[iter 12450] lr=7.91e-04 loss=0.611 motion=0.008 semantic=0.478 dice=0.125 | data 0.0s compute 33.9s
[iter 12500] lr=7.89e-04 loss=0.453 motion=0.001 semantic=0.375 dice=0.078 | data 0.0s compute 33.9s
[iter 12550] lr=7.87e-04 loss=0.587 motion=0.044 semantic=0.456 dice=0.086 | data 0.0s compute 32.3s
[iter 12600] lr=7.86e-04 loss=1.454 motion=0.000 semantic=0.454 dice=1.000 | data 0.0s compute 34.1s
[iter 12650] lr=7.84e-04 loss=1.321 motion=0.019 semantic=0.890 dice=0.412 | data 0.0s compute 33.5s
[iter 12700] lr=7.83e-04 loss=0.736 motion=0.011 semantic=0.640 dice=0.085 | data 0.0s compute 30.1s
[iter 12750] lr=7.81e-04 loss=0.605 motion=0.001 semantic=0.575 dice=0.030 | data 0.0s compute 33.0s
[iter 12800] lr=7.79e-04 loss=0.679 motion=0.000 semantic=0.627 dice=0.051 | data 0.0s compute 33.9s
[iter 12850] lr=7.78e-04 loss=1.349 motion=0.000 semantic=0.349 dice=1.000 | data 0.0s compute 33.4s
[iter 12900] lr=7.76e-04 loss=1.477 motion=0.001 semantic=0.488 dice=0.988 | data 0.0s compute 32.5s
[iter 12950] lr=7.74e-04 loss=0.452 motion=0.016 semantic=0.395 dice=0.041 | data 0.0s compute 32.8s
  [val @ 13000] moving_iou=0.5598 P=0.903 R=0.596 semantic_miou=0.3320
  [val @ 13000] new best -> best.pt (0.5598)
[iter 13000] lr=7.73e-04 loss=0.382 motion=0.018 semantic=0.319 dice=0.046 | data 0.0s compute 33.4s
[iter 13050] lr=7.71e-04 loss=0.452 motion=0.009 semantic=0.387 dice=0.056 | data 0.0s compute 33.3s
[iter 13100] lr=7.69e-04 loss=0.608 motion=0.005 semantic=0.498 dice=0.105 | data 0.0s compute 32.4s
[iter 13150] lr=7.68e-04 loss=0.353 motion=0.000 semantic=0.341 dice=0.011 | data 0.0s compute 30.9s
[iter 13200] lr=7.66e-04 loss=0.617 motion=0.001 semantic=0.609 dice=0.006 | data 0.0s compute 32.2s
[iter 13250] lr=7.64e-04 loss=1.416 motion=0.001 semantic=0.415 dice=1.000 | data 0.0s compute 32.3s
[iter 13300] lr=7.63e-04 loss=1.377 motion=0.000 semantic=0.377 dice=1.000 | data 0.0s compute 32.6s
[iter 13350] lr=7.61e-04 loss=1.273 motion=0.000 semantic=0.273 dice=1.000 | data 0.0s compute 32.6s
[iter 13400] lr=7.59e-04 loss=1.278 motion=0.006 semantic=0.315 dice=0.956 | data 0.0s compute 34.1s
[iter 13450] lr=7.57e-04 loss=1.315 motion=0.001 semantic=0.314 dice=1.000 | data 0.0s compute 32.5s
[iter 13500] lr=7.56e-04 loss=1.500 motion=0.007 semantic=0.494 dice=0.999 | data 0.0s compute 32.6s
[iter 13550] lr=7.54e-04 loss=0.568 motion=0.006 semantic=0.276 dice=0.286 | data 0.0s compute 31.6s
[iter 13600] lr=7.52e-04 loss=0.845 motion=0.206 semantic=0.414 dice=0.225 | data 0.0s compute 32.9s
[iter 13650] lr=7.51e-04 loss=1.323 motion=0.000 semantic=0.323 dice=1.000 | data 0.0s compute 32.6s
[iter 13700] lr=7.49e-04 loss=0.421 motion=0.005 semantic=0.369 dice=0.046 | data 0.0s compute 30.1s
[iter 13750] lr=7.47e-04 loss=0.765 motion=0.004 semantic=0.602 dice=0.160 | data 0.0s compute 32.4s
[iter 13800] lr=7.45e-04 loss=1.290 motion=0.000 semantic=0.290 dice=1.000 | data 0.0s compute 32.4s
[iter 13850] lr=7.44e-04 loss=0.455 motion=0.004 semantic=0.308 dice=0.143 | data 0.0s compute 33.3s
[iter 13900] lr=7.42e-04 loss=1.383 motion=0.003 semantic=0.380 dice=1.000 | data 0.0s compute 32.6s
[iter 13950] lr=7.40e-04 loss=0.462 motion=0.005 semantic=0.402 dice=0.056 | data 0.0s compute 32.7s
  [val @ 14000] moving_iou=0.5353 P=0.796 R=0.620 semantic_miou=0.3224
[iter 14000] lr=7.38e-04 loss=0.474 motion=0.004 semantic=0.446 dice=0.024 | data 0.0s compute 33.4s
[iter 14050] lr=7.37e-04 loss=0.489 motion=0.009 semantic=0.452 dice=0.029 | data 0.0s compute 32.7s
[iter 14100] lr=7.35e-04 loss=1.470 motion=0.000 semantic=0.470 dice=1.000 | data 0.0s compute 32.2s
[iter 14150] lr=7.33e-04 loss=1.542 motion=0.001 semantic=0.541 dice=1.000 | data 0.0s compute 32.2s
[iter 14200] lr=7.31e-04 loss=0.670 motion=0.053 semantic=0.413 dice=0.204 | data 0.0s compute 33.2s
[iter 14250] lr=7.30e-04 loss=0.451 motion=0.002 semantic=0.364 dice=0.085 | data 0.0s compute 33.3s
[iter 14300] lr=7.28e-04 loss=0.617 motion=0.003 semantic=0.386 dice=0.227 | data 0.0s compute 33.9s
[iter 14350] lr=7.26e-04 loss=0.634 motion=0.021 semantic=0.475 dice=0.137 | data 0.0s compute 33.1s
[iter 14400] lr=7.24e-04 loss=1.315 motion=0.000 semantic=0.315 dice=1.000 | data 0.0s compute 33.0s
[iter 14450] lr=7.23e-04 loss=0.590 motion=0.004 semantic=0.456 dice=0.130 | data 0.0s compute 30.9s
[iter 14500] lr=7.21e-04 loss=0.558 motion=0.005 semantic=0.450 dice=0.102 | data 0.0s compute 32.9s
[iter 14550] lr=7.19e-04 loss=1.878 motion=0.383 semantic=0.495 dice=1.000 | data 0.0s compute 32.8s
[iter 14600] lr=7.17e-04 loss=1.059 motion=0.003 semantic=0.526 dice=0.530 | data 0.0s compute 32.3s
[iter 14650] lr=7.15e-04 loss=0.420 motion=0.002 semantic=0.363 dice=0.054 | data 0.0s compute 32.2s
[iter 14700] lr=7.14e-04 loss=1.503 motion=0.000 semantic=0.503 dice=1.000 | data 0.0s compute 33.1s
[iter 14750] lr=7.12e-04 loss=1.446 motion=0.000 semantic=0.445 dice=1.000 | data 0.0s compute 33.5s
[iter 14800] lr=7.10e-04 loss=1.356 motion=0.000 semantic=0.356 dice=1.000 | data 0.0s compute 33.6s
[iter 14850] lr=7.08e-04 loss=1.925 motion=0.561 semantic=0.387 dice=0.977 | data 0.0s compute 32.5s
[iter 14900] lr=7.06e-04 loss=0.499 motion=0.036 semantic=0.374 dice=0.088 | data 0.0s compute 33.2s
[iter 14950] lr=7.05e-04 loss=1.323 motion=0.000 semantic=0.323 dice=1.000 | data 0.0s compute 30.3s
  [val @ 15000] moving_iou=0.5453 P=0.874 R=0.592 semantic_miou=0.3440
[iter 15000] lr=7.03e-04 loss=0.456 motion=0.003 semantic=0.386 dice=0.067 | data 0.0s compute 33.2s
[iter 15050] lr=7.01e-04 loss=1.344 motion=0.005 semantic=0.339 dice=1.000 | data 0.0s compute 34.0s
[iter 15100] lr=6.99e-04 loss=1.497 motion=0.000 semantic=0.497 dice=1.000 | data 0.0s compute 32.0s
[iter 15150] lr=6.97e-04 loss=0.970 motion=0.002 semantic=0.492 dice=0.476 | data 0.0s compute 30.7s
[iter 15200] lr=6.95e-04 loss=1.464 motion=0.143 semantic=0.840 dice=0.480 | data 0.0s compute 33.0s
[iter 15250] lr=6.94e-04 loss=0.562 motion=0.007 semantic=0.507 dice=0.048 | data 0.0s compute 33.2s
[iter 15300] lr=6.92e-04 loss=1.434 motion=0.000 semantic=0.434 dice=1.000 | data 0.0s compute 32.9s
[iter 15350] lr=6.90e-04 loss=1.357 motion=0.000 semantic=0.357 dice=1.000 | data 0.0s compute 32.8s
[iter 15400] lr=6.88e-04 loss=1.376 motion=0.000 semantic=0.376 dice=1.000 | data 0.0s compute 33.2s
[iter 15450] lr=6.86e-04 loss=0.607 motion=0.010 semantic=0.536 dice=0.062 | data 0.0s compute 33.6s
[iter 15500] lr=6.84e-04 loss=1.404 motion=0.001 semantic=0.403 dice=1.000 | data 0.0s compute 32.9s
[iter 15550] lr=6.83e-04 loss=1.566 motion=0.001 semantic=0.565 dice=1.000 | data 0.0s compute 32.8s
[iter 15600] lr=6.81e-04 loss=1.325 motion=0.000 semantic=0.325 dice=1.000 | data 0.0s compute 30.8s
[iter 15650] lr=6.79e-04 loss=0.504 motion=0.002 semantic=0.379 dice=0.124 | data 0.0s compute 32.4s
[iter 15700] lr=6.77e-04 loss=1.028 motion=0.007 semantic=0.434 dice=0.588 | data 0.0s compute 33.4s
[iter 15750] lr=6.75e-04 loss=1.291 motion=0.000 semantic=0.290 dice=1.000 | data 0.0s compute 32.8s
[iter 15800] lr=6.73e-04 loss=0.486 motion=0.005 semantic=0.393 dice=0.089 | data 0.0s compute 32.9s
[iter 15850] lr=6.71e-04 loss=0.669 motion=0.003 semantic=0.585 dice=0.082 | data 0.0s compute 33.0s
[iter 15900] lr=6.70e-04 loss=1.595 motion=0.000 semantic=0.595 dice=1.000 | data 0.0s compute 32.7s
[iter 15950] lr=6.68e-04 loss=1.456 motion=0.000 semantic=0.456 dice=1.000 | data 0.0s compute 34.0s
  [val @ 16000] moving_iou=0.5715 P=0.845 R=0.638 semantic_miou=0.3516
  [val @ 16000] new best -> best.pt (0.5715)
[iter 16000] lr=6.66e-04 loss=1.405 motion=0.000 semantic=0.405 dice=1.000 | data 0.0s compute 33.2s
[iter 16050] lr=6.64e-04 loss=0.740 motion=0.139 semantic=0.471 dice=0.130 | data 0.0s compute 33.4s
[iter 16100] lr=6.62e-04 loss=1.334 motion=0.000 semantic=0.334 dice=1.000 | data 0.0s compute 31.5s
[iter 16150] lr=6.60e-04 loss=0.983 motion=0.015 semantic=0.340 dice=0.628 | data 0.0s compute 32.6s
[iter 16200] lr=6.58e-04 loss=0.543 motion=0.006 semantic=0.504 dice=0.033 | data 0.0s compute 32.3s
[iter 16250] lr=6.56e-04 loss=1.400 motion=0.000 semantic=0.400 dice=1.000 | data 0.0s compute 32.5s
[iter 16300] lr=6.55e-04 loss=0.356 motion=0.001 semantic=0.257 dice=0.098 | data 0.0s compute 32.6s
[iter 16350] lr=6.53e-04 loss=0.701 motion=0.015 semantic=0.643 dice=0.044 | data 0.0s compute 32.9s
[iter 16400] lr=6.51e-04 loss=1.273 motion=0.000 semantic=0.273 dice=1.000 | data 0.0s compute 33.7s
[iter 16450] lr=6.49e-04 loss=1.344 motion=0.000 semantic=0.344 dice=1.000 | data 0.0s compute 33.4s
[iter 16500] lr=6.47e-04 loss=0.622 motion=0.011 semantic=0.461 dice=0.150 | data 0.0s compute 33.1s
[iter 16550] lr=6.45e-04 loss=1.261 motion=0.001 semantic=0.259 dice=1.000 | data 0.0s compute 31.3s
[iter 16600] lr=6.43e-04 loss=0.610 motion=0.002 semantic=0.548 dice=0.060 | data 0.0s compute 32.7s
[iter 16650] lr=6.41e-04 loss=0.833 motion=0.007 semantic=0.345 dice=0.480 | data 0.0s compute 32.6s
[iter 16700] lr=6.39e-04 loss=0.476 motion=0.000 semantic=0.445 dice=0.031 | data 0.0s compute 33.2s
[iter 16750] lr=6.37e-04 loss=0.347 motion=0.004 semantic=0.307 dice=0.035 | data 0.0s compute 34.3s
[iter 16800] lr=6.35e-04 loss=0.578 motion=0.000 semantic=0.445 dice=0.133 | data 0.0s compute 31.9s
[iter 16850] lr=6.34e-04 loss=1.376 motion=0.010 semantic=0.366 dice=1.000 | data 0.0s compute 33.9s
[iter 16900] lr=6.32e-04 loss=0.352 motion=0.001 semantic=0.340 dice=0.011 | data 0.0s compute 32.9s
[iter 16950] lr=6.30e-04 loss=0.420 motion=0.008 semantic=0.391 dice=0.022 | data 0.0s compute 33.6s
  [val @ 17000] moving_iou=0.5637 P=0.785 R=0.667 semantic_miou=0.3459
[iter 17000] lr=6.28e-04 loss=0.447 motion=0.002 semantic=0.308 dice=0.137 | data 0.0s compute 32.6s
[iter 17050] lr=6.26e-04 loss=1.256 motion=0.000 semantic=0.255 dice=1.000 | data 0.0s compute 32.6s
[iter 17100] lr=6.24e-04 loss=0.332 motion=0.000 semantic=0.326 dice=0.006 | data 0.0s compute 32.5s
[iter 17150] lr=6.22e-04 loss=0.458 motion=0.000 semantic=0.447 dice=0.011 | data 0.0s compute 32.3s
[iter 17200] lr=6.20e-04 loss=1.377 motion=0.000 semantic=0.377 dice=1.000 | data 0.0s compute 32.4s
[iter 17250] lr=6.18e-04 loss=0.938 motion=0.077 semantic=0.435 dice=0.425 | data 0.0s compute 32.9s
[iter 17300] lr=6.16e-04 loss=1.464 motion=0.000 semantic=0.464 dice=1.000 | data 0.0s compute 32.2s
[iter 17350] lr=6.14e-04 loss=0.907 motion=0.045 semantic=0.727 dice=0.135 | data 0.0s compute 32.7s
[iter 17400] lr=6.12e-04 loss=0.376 motion=0.003 semantic=0.333 dice=0.040 | data 0.0s compute 31.9s
[iter 17450] lr=6.10e-04 loss=0.818 motion=0.008 semantic=0.500 dice=0.310 | data 0.0s compute 32.8s
[iter 17500] lr=6.08e-04 loss=1.193 motion=0.151 semantic=0.373 dice=0.669 | data 0.0s compute 32.2s
[iter 17550] lr=6.07e-04 loss=1.416 motion=0.000 semantic=0.416 dice=1.000 | data 0.0s compute 32.8s
[iter 17600] lr=6.05e-04 loss=0.503 motion=0.004 semantic=0.460 dice=0.039 | data 0.0s compute 32.0s
[iter 17650] lr=6.03e-04 loss=1.368 motion=0.000 semantic=0.368 dice=1.000 | data 0.0s compute 32.3s
[iter 17700] lr=6.01e-04 loss=0.349 motion=0.003 semantic=0.331 dice=0.015 | data 0.0s compute 33.0s
[iter 17750] lr=5.99e-04 loss=0.418 motion=0.005 semantic=0.359 dice=0.054 | data 0.0s compute 32.7s
[iter 17800] lr=5.97e-04 loss=0.396 motion=0.007 semantic=0.359 dice=0.030 | data 0.0s compute 32.9s
[iter 17850] lr=5.95e-04 loss=1.371 motion=0.000 semantic=0.371 dice=1.000 | data 0.0s compute 34.7s
[iter 17900] lr=5.93e-04 loss=1.429 motion=0.001 semantic=0.427 dice=1.000 | data 0.0s compute 32.8s
[iter 17950] lr=5.91e-04 loss=0.345 motion=0.002 semantic=0.291 dice=0.052 | data 0.0s compute 33.4s
  [val @ 18000] moving_iou=0.5640 P=0.865 R=0.618 semantic_miou=0.3361
[iter 18000] lr=5.89e-04 loss=0.403 motion=0.021 semantic=0.308 dice=0.074 | data 0.0s compute 33.2s
[iter 18050] lr=5.87e-04 loss=0.735 motion=0.004 semantic=0.435 dice=0.297 | data 0.0s compute 34.7s
[iter 18100] lr=5.85e-04 loss=1.351 motion=0.001 semantic=0.350 dice=1.000 | data 0.0s compute 33.2s
[iter 18150] lr=5.83e-04 loss=1.464 motion=0.000 semantic=0.464 dice=1.000 | data 0.0s compute 31.3s
[iter 18200] lr=5.81e-04 loss=0.372 motion=0.007 semantic=0.338 dice=0.027 | data 0.0s compute 32.9s
[iter 18250] lr=5.79e-04 loss=0.447 motion=0.003 semantic=0.406 dice=0.038 | data 0.0s compute 33.2s
[iter 18300] lr=5.77e-04 loss=0.917 motion=0.073 semantic=0.376 dice=0.468 | data 0.0s compute 32.3s
[iter 18350] lr=5.75e-04 loss=1.330 motion=0.007 semantic=0.323 dice=1.000 | data 0.0s compute 32.5s
[iter 18400] lr=5.73e-04 loss=1.323 motion=0.000 semantic=0.323 dice=1.000 | data 0.0s compute 33.2s
[iter 18450] lr=5.71e-04 loss=1.432 motion=0.000 semantic=0.432 dice=1.000 | data 0.0s compute 32.2s
[iter 18500] lr=5.69e-04 loss=1.303 motion=0.000 semantic=0.303 dice=1.000 | data 0.0s compute 33.9s
[iter 18550] lr=5.67e-04 loss=1.350 motion=0.000 semantic=0.350 dice=1.000 | data 0.0s compute 31.8s
[iter 18600] lr=5.65e-04 loss=1.435 motion=0.000 semantic=0.435 dice=1.000 | data 0.0s compute 34.3s
[iter 18650] lr=5.63e-04 loss=1.446 motion=0.002 semantic=0.445 dice=1.000 | data 0.0s compute 30.2s
[iter 18700] lr=5.61e-04 loss=0.372 motion=0.000 semantic=0.340 dice=0.032 | data 0.0s compute 32.5s
[iter 18750] lr=5.60e-04 loss=1.480 motion=0.002 semantic=0.478 dice=1.000 | data 0.0s compute 33.5s
[iter 18800] lr=5.58e-04 loss=0.588 motion=0.012 semantic=0.535 dice=0.041 | data 0.0s compute 32.7s
[iter 18850] lr=5.56e-04 loss=1.575 motion=0.000 semantic=0.575 dice=1.000 | data 0.0s compute 33.2s
[iter 18900] lr=5.54e-04 loss=1.387 motion=0.000 semantic=0.387 dice=1.000 | data 0.0s compute 32.9s
[iter 18950] lr=5.52e-04 loss=1.605 motion=0.005 semantic=0.601 dice=1.000 | data 0.0s compute 33.1s
  [val @ 19000] moving_iou=0.5657 P=0.939 R=0.587 semantic_miou=0.3484
[iter 19000] lr=5.50e-04 loss=0.699 motion=0.002 semantic=0.629 dice=0.069 | data 0.0s compute 33.3s
[iter 19050] lr=5.48e-04 loss=0.511 motion=0.003 semantic=0.487 dice=0.020 | data 0.0s compute 33.0s
[iter 19100] lr=5.46e-04 loss=0.335 motion=0.000 semantic=0.330 dice=0.006 | data 0.0s compute 33.5s
[iter 19150] lr=5.44e-04 loss=0.380 motion=0.017 semantic=0.292 dice=0.071 | data 1.1s compute 34.0s
[iter 19200] lr=5.42e-04 loss=1.315 motion=0.000 semantic=0.315 dice=1.000 | data 0.0s compute 33.5s
[iter 19250] lr=5.40e-04 loss=0.448 motion=0.005 semantic=0.380 dice=0.064 | data 0.0s compute 30.2s
[iter 19300] lr=5.38e-04 loss=1.368 motion=0.000 semantic=0.368 dice=1.000 | data 0.0s compute 33.7s
[iter 19350] lr=5.36e-04 loss=0.445 motion=0.000 semantic=0.440 dice=0.005 | data 0.0s compute 32.3s
[iter 19400] lr=5.34e-04 loss=1.393 motion=0.000 semantic=0.393 dice=1.000 | data 0.0s compute 33.2s
[iter 19450] lr=5.32e-04 loss=0.532 motion=0.007 semantic=0.502 dice=0.022 | data 0.0s compute 33.4s
[iter 19500] lr=5.30e-04 loss=1.486 motion=0.001 semantic=0.485 dice=1.000 | data 0.0s compute 32.9s
[iter 19550] lr=5.28e-04 loss=1.437 motion=0.000 semantic=0.437 dice=1.000 | data 0.0s compute 33.7s
[iter 19600] lr=5.26e-04 loss=0.570 motion=0.030 semantic=0.402 dice=0.137 | data 0.0s compute 33.0s
[iter 19650] lr=5.24e-04 loss=0.337 motion=0.006 semantic=0.288 dice=0.043 | data 0.0s compute 32.8s
[iter 19700] lr=5.22e-04 loss=1.514 motion=0.000 semantic=0.514 dice=1.000 | data 0.0s compute 31.2s
[iter 19750] lr=5.20e-04 loss=1.446 motion=0.000 semantic=0.446 dice=1.000 | data 0.0s compute 33.5s
[iter 19800] lr=5.18e-04 loss=0.277 motion=0.000 semantic=0.265 dice=0.012 | data 0.0s compute 32.3s
[iter 19850] lr=5.16e-04 loss=1.412 motion=0.000 semantic=0.412 dice=1.000 | data 0.0s compute 32.4s
[iter 19900] lr=5.14e-04 loss=0.667 motion=0.000 semantic=0.528 dice=0.138 | data 0.0s compute 32.8s
[iter 19950] lr=5.12e-04 loss=0.789 motion=0.004 semantic=0.645 dice=0.140 | data 0.0s compute 32.8s
  [val @ 20000] moving_iou=0.5548 P=0.946 R=0.573 semantic_miou=0.3621
[iter 20000] lr=5.10e-04 loss=1.353 motion=0.000 semantic=0.353 dice=1.000 | data 0.0s compute 31.6s
[iter 20050] lr=5.08e-04 loss=0.432 motion=0.016 semantic=0.371 dice=0.044 | data 0.0s compute 32.5s
[iter 20100] lr=5.06e-04 loss=0.504 motion=0.003 semantic=0.465 dice=0.036 | data 0.0s compute 33.6s
[iter 20150] lr=5.04e-04 loss=0.578 motion=0.048 semantic=0.319 dice=0.211 | data 0.0s compute 32.0s
[iter 20200] lr=5.02e-04 loss=0.310 motion=0.000 semantic=0.214 dice=0.096 | data 0.0s compute 33.1s
[iter 20250] lr=5.00e-04 loss=1.508 motion=0.000 semantic=0.508 dice=1.000 | data 0.0s compute 32.8s
[iter 20300] lr=4.98e-04 loss=0.412 motion=0.003 semantic=0.356 dice=0.053 | data 0.0s compute 32.2s
[iter 20350] lr=4.96e-04 loss=0.578 motion=0.000 semantic=0.419 dice=0.159 | data 0.0s compute 33.3s
[iter 20400] lr=4.94e-04 loss=1.327 motion=0.000 semantic=0.327 dice=1.000 | data 0.0s compute 30.4s
[iter 20450] lr=4.92e-04 loss=1.447 motion=0.001 semantic=0.446 dice=1.000 | data 0.0s compute 32.9s
[iter 20500] lr=4.90e-04 loss=1.373 motion=0.000 semantic=0.372 dice=1.000 | data 0.0s compute 32.2s
[iter 20550] lr=4.88e-04 loss=1.441 motion=0.000 semantic=0.441 dice=1.000 | data 0.0s compute 33.9s
[iter 20600] lr=4.86e-04 loss=1.392 motion=0.000 semantic=0.392 dice=1.000 | data 0.0s compute 33.1s
[iter 20650] lr=4.84e-04 loss=1.303 motion=0.000 semantic=0.303 dice=1.000 | data 0.0s compute 32.3s
[iter 20700] lr=4.82e-04 loss=0.414 motion=0.003 semantic=0.367 dice=0.044 | data 0.0s compute 34.2s
[iter 20750] lr=4.80e-04 loss=1.358 motion=0.000 semantic=0.358 dice=1.000 | data 0.0s compute 33.4s
[iter 20800] lr=4.78e-04 loss=0.390 motion=0.000 semantic=0.365 dice=0.024 | data 0.0s compute 33.4s
[iter 20850] lr=4.76e-04 loss=0.915 motion=0.007 semantic=0.356 dice=0.553 | data 0.0s compute 30.4s
[iter 20900] lr=4.74e-04 loss=0.359 motion=0.010 semantic=0.316 dice=0.033 | data 0.0s compute 34.2s
[iter 20950] lr=4.72e-04 loss=0.570 motion=0.006 semantic=0.490 dice=0.074 | data 0.0s compute 32.0s
  [val @ 21000] moving_iou=0.5628 P=0.812 R=0.647 semantic_miou=0.3739
[iter 21000] lr=4.70e-04 loss=1.363 motion=0.000 semantic=0.363 dice=1.000 | data 0.0s compute 33.7s
[iter 21050] lr=4.68e-04 loss=1.275 motion=0.000 semantic=0.275 dice=1.000 | data 0.0s compute 32.7s
[iter 21100] lr=4.66e-04 loss=1.447 motion=0.000 semantic=0.447 dice=1.000 | data 0.0s compute 31.8s
[iter 21150] lr=4.64e-04 loss=0.354 motion=0.002 semantic=0.339 dice=0.014 | data 0.0s compute 33.7s
[iter 21200] lr=4.62e-04 loss=0.407 motion=0.004 semantic=0.354 dice=0.049 | data 0.0s compute 35.7s
[iter 21250] lr=4.60e-04 loss=1.261 motion=0.000 semantic=0.261 dice=1.000 | data 0.0s compute 32.6s
[iter 21300] lr=4.58e-04 loss=0.462 motion=0.001 semantic=0.441 dice=0.020 | data 0.0s compute 33.3s
[iter 21350] lr=4.56e-04 loss=0.873 motion=0.068 semantic=0.356 dice=0.450 | data 0.0s compute 30.3s
[iter 21400] lr=4.54e-04 loss=0.649 motion=0.004 semantic=0.311 dice=0.334 | data 0.0s compute 32.4s
[iter 21450] lr=4.52e-04 loss=1.325 motion=0.000 semantic=0.325 dice=1.000 | data 0.0s compute 32.3s
[iter 21500] lr=4.50e-04 loss=0.433 motion=0.001 semantic=0.378 dice=0.054 | data 0.0s compute 33.5s
[iter 21550] lr=4.48e-04 loss=1.414 motion=0.000 semantic=0.414 dice=1.000 | data 0.0s compute 32.1s
[iter 21600] lr=4.46e-04 loss=0.452 motion=0.005 semantic=0.412 dice=0.034 | data 0.0s compute 33.7s
[iter 21650] lr=4.44e-04 loss=0.430 motion=0.006 semantic=0.363 dice=0.061 | data 0.0s compute 33.4s
[iter 21700] lr=4.42e-04 loss=0.563 motion=0.000 semantic=0.497 dice=0.066 | data 0.0s compute 32.4s
[iter 21750] lr=4.40e-04 loss=0.828 motion=0.023 semantic=0.530 dice=0.274 | data 0.0s compute 33.2s
[iter 21800] lr=4.39e-04 loss=1.368 motion=0.110 semantic=0.258 dice=1.000 | data 0.0s compute 32.4s
[iter 21850] lr=4.37e-04 loss=1.486 motion=0.000 semantic=0.486 dice=1.000 | data 0.0s compute 30.1s
[iter 21900] lr=4.35e-04 loss=0.341 motion=0.002 semantic=0.332 dice=0.007 | data 0.0s compute 32.6s
[iter 21950] lr=4.33e-04 loss=0.295 motion=0.000 semantic=0.268 dice=0.026 | data 0.0s compute 32.6s
  [val @ 22000] moving_iou=0.5900 P=0.894 R=0.634 semantic_miou=0.3638
  [val @ 22000] new best -> best.pt (0.5900)
[iter 22000] lr=4.31e-04 loss=1.395 motion=0.004 semantic=0.392 dice=1.000 | data 0.0s compute 32.9s
[iter 22050] lr=4.29e-04 loss=1.339 motion=0.000 semantic=0.339 dice=1.000 | data 0.0s compute 32.7s
[iter 22100] lr=4.27e-04 loss=0.477 motion=0.012 semantic=0.396 dice=0.068 | data 0.0s compute 33.0s
[iter 22150] lr=4.25e-04 loss=1.320 motion=0.009 semantic=0.311 dice=1.000 | data 0.0s compute 32.6s
[iter 22200] lr=4.23e-04 loss=0.423 motion=0.017 semantic=0.308 dice=0.098 | data 0.0s compute 32.7s
[iter 22250] lr=4.21e-04 loss=0.514 motion=0.001 semantic=0.506 dice=0.007 | data 0.0s compute 33.6s
[iter 22300] lr=4.19e-04 loss=1.344 motion=0.000 semantic=0.344 dice=1.000 | data 0.0s compute 33.2s
[iter 22350] lr=4.17e-04 loss=0.505 motion=0.001 semantic=0.481 dice=0.024 | data 0.0s compute 33.1s
[iter 22400] lr=4.15e-04 loss=1.332 motion=0.000 semantic=0.332 dice=1.000 | data 0.0s compute 32.6s
[iter 22450] lr=4.13e-04 loss=1.257 motion=0.000 semantic=0.257 dice=1.000 | data 0.0s compute 32.4s
[iter 22500] lr=4.11e-04 loss=1.263 motion=0.000 semantic=0.263 dice=1.000 | data 0.0s compute 31.5s
[iter 22550] lr=4.09e-04 loss=1.501 motion=0.000 semantic=0.501 dice=1.000 | data 0.0s compute 33.6s
[iter 22600] lr=4.07e-04 loss=0.512 motion=0.004 semantic=0.249 dice=0.260 | data 0.0s compute 33.8s
[iter 22650] lr=4.05e-04 loss=0.279 motion=0.004 semantic=0.225 dice=0.050 | data 0.0s compute 32.9s
[iter 22700] lr=4.03e-04 loss=0.499 motion=0.008 semantic=0.356 dice=0.135 | data 0.0s compute 33.6s
[iter 22750] lr=4.01e-04 loss=0.558 motion=0.005 semantic=0.527 dice=0.026 | data 0.0s compute 33.8s
[iter 22800] lr=3.99e-04 loss=1.427 motion=0.000 semantic=0.427 dice=1.000 | data 0.0s compute 33.6s
[iter 22850] lr=3.97e-04 loss=1.277 motion=0.000 semantic=0.277 dice=1.000 | data 0.0s compute 32.6s
[iter 22900] lr=3.95e-04 loss=0.316 motion=0.001 semantic=0.287 dice=0.028 | data 0.0s compute 32.8s
[iter 22950] lr=3.93e-04 loss=1.342 motion=0.000 semantic=0.342 dice=1.000 | data 0.0s compute 30.5s
  [val @ 23000] moving_iou=0.5951 P=0.927 R=0.624 semantic_miou=0.3705
  [val @ 23000] new best -> best.pt (0.5951)
[iter 23000] lr=3.92e-04 loss=1.359 motion=0.002 semantic=0.358 dice=0.999 | data 0.0s compute 32.8s
[iter 23050] lr=3.90e-04 loss=1.342 motion=0.000 semantic=0.342 dice=1.000 | data 0.0s compute 32.8s
[iter 23100] lr=3.88e-04 loss=0.244 motion=0.000 semantic=0.216 dice=0.028 | data 0.0s compute 30.2s
[iter 23150] lr=3.86e-04 loss=1.378 motion=0.004 semantic=0.374 dice=1.000 | data 0.0s compute 34.3s
[iter 23200] lr=3.84e-04 loss=1.308 motion=0.000 semantic=0.308 dice=1.000 | data 0.0s compute 32.5s
[iter 23250] lr=3.82e-04 loss=0.348 motion=0.000 semantic=0.271 dice=0.077 | data 0.0s compute 32.9s
[iter 23300] lr=3.80e-04 loss=0.551 motion=0.006 semantic=0.487 dice=0.059 | data 0.0s compute 33.3s
[iter 23350] lr=3.78e-04 loss=0.364 motion=0.005 semantic=0.305 dice=0.054 | data 0.0s compute 33.9s
[iter 23400] lr=3.76e-04 loss=1.328 motion=0.000 semantic=0.328 dice=1.000 | data 0.0s compute 33.8s
[iter 23450] lr=3.74e-04 loss=1.253 motion=0.000 semantic=0.253 dice=1.000 | data 0.0s compute 34.3s
[iter 23500] lr=3.72e-04 loss=1.425 motion=0.000 semantic=0.425 dice=1.000 | data 0.0s compute 31.0s
[iter 23550] lr=3.70e-04 loss=0.444 motion=0.005 semantic=0.430 dice=0.009 | data 0.0s compute 32.8s
[iter 23600] lr=3.68e-04 loss=1.292 motion=0.000 semantic=0.292 dice=1.000 | data 0.0s compute 33.6s
[iter 23650] lr=3.66e-04 loss=0.350 motion=0.012 semantic=0.303 dice=0.035 | data 0.0s compute 32.4s
[iter 23700] lr=3.65e-04 loss=0.363 motion=0.000 semantic=0.345 dice=0.019 | data 0.0s compute 32.3s
[iter 23750] lr=3.63e-04 loss=0.367 motion=0.042 semantic=0.282 dice=0.042 | data 0.0s compute 32.4s
[iter 23800] lr=3.61e-04 loss=0.563 motion=0.014 semantic=0.480 dice=0.070 | data 0.0s compute 33.3s
[iter 23850] lr=3.59e-04 loss=0.390 motion=0.011 semantic=0.316 dice=0.063 | data 0.0s compute 33.1s
[iter 23900] lr=3.57e-04 loss=1.365 motion=0.001 semantic=0.364 dice=1.000 | data 0.0s compute 32.4s
[iter 23950] lr=3.55e-04 loss=0.480 motion=0.005 semantic=0.339 dice=0.135 | data 0.0s compute 30.6s
  [val @ 24000] moving_iou=0.5862 P=0.895 R=0.630 semantic_miou=0.3745
[iter 24000] lr=3.53e-04 loss=1.043 motion=0.029 semantic=0.363 dice=0.651 | data 0.0s compute 34.0s
[iter 24050] lr=3.51e-04 loss=1.360 motion=0.000 semantic=0.360 dice=1.000 | data 0.0s compute 33.2s
[iter 24100] lr=3.49e-04 loss=0.623 motion=0.005 semantic=0.258 dice=0.360 | data 0.0s compute 32.6s
[iter 24150] lr=3.47e-04 loss=0.527 motion=0.003 semantic=0.505 dice=0.019 | data 0.0s compute 34.2s
[iter 24200] lr=3.45e-04 loss=0.765 motion=0.005 semantic=0.352 dice=0.407 | data 0.0s compute 33.1s
[iter 24250] lr=3.44e-04 loss=0.593 motion=0.001 semantic=0.545 dice=0.047 | data 0.0s compute 32.9s
[iter 24300] lr=3.42e-04 loss=0.454 motion=0.008 semantic=0.394 dice=0.052 | data 0.0s compute 33.4s
[iter 24350] lr=3.40e-04 loss=0.495 motion=0.047 semantic=0.352 dice=0.097 | data 0.0s compute 32.8s
[iter 24400] lr=3.38e-04 loss=0.485 motion=0.009 semantic=0.338 dice=0.139 | data 0.0s compute 32.8s
[iter 24450] lr=3.36e-04 loss=0.782 motion=0.001 semantic=0.456 dice=0.326 | data 0.0s compute 32.4s
[iter 24500] lr=3.34e-04 loss=0.574 motion=0.008 semantic=0.324 dice=0.241 | data 0.0s compute 32.8s
[iter 24550] lr=3.32e-04 loss=0.444 motion=0.012 semantic=0.419 dice=0.013 | data 0.0s compute 33.1s
[iter 24600] lr=3.30e-04 loss=0.657 motion=0.001 semantic=0.633 dice=0.023 | data 0.0s compute 33.0s
[iter 24650] lr=3.29e-04 loss=1.281 motion=0.000 semantic=0.281 dice=1.000 | data 0.0s compute 33.1s
[iter 24700] lr=3.27e-04 loss=1.511 motion=0.000 semantic=0.510 dice=1.000 | data 0.0s compute 33.1s
[iter 24750] lr=3.25e-04 loss=0.483 motion=0.026 semantic=0.390 dice=0.067 | data 0.0s compute 32.1s
[iter 24800] lr=3.23e-04 loss=0.336 motion=0.002 semantic=0.306 dice=0.027 | data 0.0s compute 32.1s
[iter 24850] lr=3.21e-04 loss=0.334 motion=0.008 semantic=0.308 dice=0.018 | data 0.0s compute 33.0s
[iter 24900] lr=3.19e-04 loss=1.371 motion=0.000 semantic=0.371 dice=1.000 | data 0.0s compute 33.3s
[iter 24950] lr=3.17e-04 loss=1.476 motion=0.002 semantic=0.474 dice=1.000 | data 0.0s compute 33.1s
  [val @ 25000] moving_iou=0.5917 P=0.872 R=0.648 semantic_miou=0.3718
[iter 25000] lr=3.16e-04 loss=0.541 motion=0.007 semantic=0.366 dice=0.168 | data 0.0s compute 32.8s
[iter 25050] lr=3.14e-04 loss=1.232 motion=0.000 semantic=0.232 dice=1.000 | data 0.0s compute 32.9s
[iter 25100] lr=3.12e-04 loss=0.398 motion=0.000 semantic=0.354 dice=0.043 | data 0.0s compute 33.0s
[iter 25150] lr=3.10e-04 loss=1.223 motion=0.089 semantic=0.419 dice=0.715 | data 0.0s compute 32.4s
[iter 25200] lr=3.08e-04 loss=0.437 motion=0.006 semantic=0.363 dice=0.068 | data 0.0s compute 32.4s
[iter 25250] lr=3.06e-04 loss=0.535 motion=0.002 semantic=0.506 dice=0.026 | data 0.0s compute 32.6s
[iter 25300] lr=3.05e-04 loss=0.458 motion=0.002 semantic=0.411 dice=0.045 | data 0.0s compute 31.8s
[iter 25350] lr=3.03e-04 loss=1.317 motion=0.000 semantic=0.317 dice=1.000 | data 0.0s compute 33.4s
[iter 25400] lr=3.01e-04 loss=1.389 motion=0.000 semantic=0.389 dice=1.000 | data 0.0s compute 32.2s
[iter 25450] lr=2.99e-04 loss=0.309 motion=0.001 semantic=0.295 dice=0.013 | data 0.0s compute 32.6s
[iter 25500] lr=2.97e-04 loss=0.552 motion=0.014 semantic=0.493 dice=0.045 | data 0.0s compute 33.1s
[iter 25550] lr=2.95e-04 loss=0.728 motion=0.014 semantic=0.540 dice=0.174 | data 0.0s compute 32.8s
[iter 25600] lr=2.94e-04 loss=0.364 motion=0.003 semantic=0.324 dice=0.037 | data 0.0s compute 31.5s
[iter 25650] lr=2.92e-04 loss=1.432 motion=0.000 semantic=0.431 dice=1.000 | data 0.0s compute 33.1s
[iter 25700] lr=2.90e-04 loss=0.355 motion=0.004 semantic=0.317 dice=0.033 | data 0.0s compute 32.6s
[iter 25750] lr=2.88e-04 loss=0.638 motion=0.002 semantic=0.439 dice=0.197 | data 0.0s compute 32.7s
[iter 25800] lr=2.86e-04 loss=1.306 motion=0.000 semantic=0.306 dice=1.000 | data 0.0s compute 33.5s
[iter 25850] lr=2.85e-04 loss=0.543 motion=0.012 semantic=0.375 dice=0.156 | data 0.0s compute 32.3s
[iter 25900] lr=2.83e-04 loss=1.505 motion=0.000 semantic=0.505 dice=1.000 | data 0.0s compute 33.2s
[iter 25950] lr=2.81e-04 loss=0.370 motion=0.009 semantic=0.298 dice=0.063 | data 0.1s compute 33.1s
  [val @ 26000] moving_iou=0.5920 P=0.943 R=0.614 semantic_miou=0.3703
[iter 26000] lr=2.79e-04 loss=0.491 motion=0.010 semantic=0.450 dice=0.031 | data 0.0s compute 32.9s
[iter 26050] lr=2.77e-04 loss=0.689 motion=0.055 semantic=0.449 dice=0.185 | data 0.0s compute 33.3s
[iter 26100] lr=2.76e-04 loss=1.346 motion=0.006 semantic=0.340 dice=1.000 | data 0.0s compute 32.8s
[iter 26150] lr=2.74e-04 loss=1.304 motion=0.000 semantic=0.304 dice=1.000 | data 0.0s compute 32.5s
[iter 26200] lr=2.72e-04 loss=0.733 motion=0.022 semantic=0.538 dice=0.173 | data 0.0s compute 32.5s
[iter 26250] lr=2.70e-04 loss=0.363 motion=0.019 semantic=0.286 dice=0.058 | data 0.0s compute 32.8s
[iter 26300] lr=2.69e-04 loss=0.517 motion=0.001 semantic=0.339 dice=0.178 | data 0.0s compute 32.5s
[iter 26350] lr=2.67e-04 loss=1.292 motion=0.000 semantic=0.292 dice=1.000 | data 0.0s compute 32.7s
[iter 26400] lr=2.65e-04 loss=0.671 motion=0.001 semantic=0.337 dice=0.333 | data 0.0s compute 33.1s
[iter 26450] lr=2.63e-04 loss=0.494 motion=0.005 semantic=0.465 dice=0.023 | data 0.0s compute 32.1s
[iter 26500] lr=2.62e-04 loss=1.354 motion=0.000 semantic=0.354 dice=1.000 | data 0.0s compute 32.9s
[iter 26550] lr=2.60e-04 loss=1.320 motion=0.000 semantic=0.320 dice=1.000 | data 0.0s compute 32.1s
[iter 26600] lr=2.58e-04 loss=0.376 motion=0.000 semantic=0.306 dice=0.070 | data 0.0s compute 32.6s
[iter 26650] lr=2.56e-04 loss=1.626 motion=0.000 semantic=0.626 dice=1.000 | data 0.0s compute 33.1s
[iter 26700] lr=2.55e-04 loss=1.364 motion=0.000 semantic=0.364 dice=1.000 | data 0.0s compute 32.9s
[iter 26750] lr=2.53e-04 loss=0.433 motion=0.007 semantic=0.334 dice=0.091 | data 0.0s compute 33.0s
[iter 26800] lr=2.51e-04 loss=0.548 motion=0.008 semantic=0.479 dice=0.061 | data 0.0s compute 33.1s
[iter 26850] lr=2.49e-04 loss=0.452 motion=0.001 semantic=0.430 dice=0.021 | data 0.0s compute 33.1s
[iter 26900] lr=2.48e-04 loss=1.301 motion=0.000 semantic=0.300 dice=1.000 | data 0.0s compute 32.2s
[iter 26950] lr=2.46e-04 loss=0.254 motion=0.000 semantic=0.231 dice=0.023 | data 0.0s compute 33.4s
  [val @ 27000] moving_iou=0.5935 P=0.891 R=0.640 semantic_miou=0.3775
[iter 27000] lr=2.44e-04 loss=0.664 motion=0.001 semantic=0.523 dice=0.139 | data 0.0s compute 32.1s
[iter 27050] lr=2.43e-04 loss=1.279 motion=0.010 semantic=0.269 dice=1.000 | data 0.0s compute 32.2s
[iter 27100] lr=2.41e-04 loss=1.236 motion=0.002 semantic=0.235 dice=1.000 | data 0.0s compute 32.5s
[iter 27150] lr=2.39e-04 loss=0.472 motion=0.011 semantic=0.422 dice=0.039 | data 0.0s compute 32.5s
[iter 27200] lr=2.37e-04 loss=0.550 motion=0.003 semantic=0.523 dice=0.024 | data 0.0s compute 34.6s
[iter 27250] lr=2.36e-04 loss=0.558 motion=0.021 semantic=0.489 dice=0.049 | data 0.0s compute 32.9s
[iter 27300] lr=2.34e-04 loss=1.377 motion=0.000 semantic=0.377 dice=1.000 | data 0.0s compute 32.4s
[iter 27350] lr=2.32e-04 loss=0.442 motion=0.029 semantic=0.337 dice=0.076 | data 0.0s compute 32.0s
[iter 27400] lr=2.31e-04 loss=1.337 motion=0.000 semantic=0.337 dice=1.000 | data 0.0s compute 32.2s
[iter 27450] lr=2.29e-04 loss=0.355 motion=0.000 semantic=0.330 dice=0.025 | data 0.0s compute 32.7s
[iter 27500] lr=2.27e-04 loss=1.304 motion=0.009 semantic=0.295 dice=1.000 | data 0.0s compute 32.6s
[iter 27550] lr=2.26e-04 loss=0.379 motion=0.000 semantic=0.256 dice=0.122 | data 0.0s compute 33.0s
[iter 27600] lr=2.24e-04 loss=0.393 motion=0.001 semantic=0.340 dice=0.052 | data 0.0s compute 32.9s
[iter 27650] lr=2.22e-04 loss=0.540 motion=0.004 semantic=0.314 dice=0.222 | data 0.0s compute 32.9s
[iter 27700] lr=2.21e-04 loss=0.476 motion=0.008 semantic=0.433 dice=0.034 | data 0.0s compute 33.4s
[iter 27750] lr=2.19e-04 loss=0.348 motion=0.001 semantic=0.336 dice=0.011 | data 0.0s compute 32.3s
[iter 27800] lr=2.17e-04 loss=0.529 motion=0.008 semantic=0.440 dice=0.081 | data 0.0s compute 32.2s
[iter 27850] lr=2.16e-04 loss=1.176 motion=0.021 semantic=0.344 dice=0.811 | data 0.0s compute 33.4s
[iter 27900] lr=2.14e-04 loss=0.412 motion=0.000 semantic=0.373 dice=0.039 | data 0.0s compute 33.2s
[iter 27950] lr=2.13e-04 loss=1.415 motion=0.004 semantic=0.515 dice=0.896 | data 0.0s compute 32.3s
  [val @ 28000] moving_iou=0.6136 P=0.913 R=0.652 semantic_miou=0.3869
  [val @ 28000] new best -> best.pt (0.6136)
[iter 28000] lr=2.11e-04 loss=0.914 motion=0.105 semantic=0.669 dice=0.140 | data 0.0s compute 33.8s
[iter 28050] lr=2.09e-04 loss=0.350 motion=0.007 semantic=0.321 dice=0.022 | data 0.0s compute 32.7s
[iter 28100] lr=2.08e-04 loss=1.410 motion=0.000 semantic=0.410 dice=1.000 | data 0.0s compute 32.2s
[iter 28150] lr=2.06e-04 loss=0.476 motion=0.000 semantic=0.423 dice=0.052 | data 0.0s compute 33.6s
[iter 28200] lr=2.05e-04 loss=0.354 motion=0.004 semantic=0.259 dice=0.090 | data 0.0s compute 33.5s
[iter 28250] lr=2.03e-04 loss=0.442 motion=0.005 semantic=0.394 dice=0.043 | data 0.1s compute 33.2s
[iter 28300] lr=2.01e-04 loss=0.434 motion=0.003 semantic=0.376 dice=0.055 | data 0.0s compute 32.6s
[iter 28350] lr=2.00e-04 loss=0.516 motion=0.055 semantic=0.315 dice=0.146 | data 0.0s compute 31.5s
[iter 28400] lr=1.98e-04 loss=1.584 motion=0.000 semantic=0.584 dice=1.000 | data 0.0s compute 33.0s
[iter 28450] lr=1.97e-04 loss=0.414 motion=0.001 semantic=0.377 dice=0.036 | data 0.0s compute 31.8s
[iter 28500] lr=1.95e-04 loss=0.473 motion=0.011 semantic=0.273 dice=0.190 | data 0.0s compute 31.4s
[iter 28550] lr=1.93e-04 loss=0.426 motion=0.000 semantic=0.366 dice=0.060 | data 0.0s compute 32.5s
[iter 28600] lr=1.92e-04 loss=0.501 motion=0.003 semantic=0.410 dice=0.088 | data 0.0s compute 32.5s
[iter 28650] lr=1.90e-04 loss=0.351 motion=0.007 semantic=0.324 dice=0.019 | data 0.0s compute 33.1s
[iter 28700] lr=1.89e-04 loss=0.253 motion=0.001 semantic=0.231 dice=0.021 | data 1.8s compute 33.0s
[iter 28750] lr=1.87e-04 loss=1.337 motion=0.000 semantic=0.337 dice=1.000 | data 0.0s compute 32.6s
[iter 28800] lr=1.86e-04 loss=1.238 motion=0.000 semantic=0.238 dice=1.000 | data 0.0s compute 33.6s
[iter 28850] lr=1.84e-04 loss=0.340 motion=0.001 semantic=0.299 dice=0.040 | data 0.0s compute 32.6s
[iter 28900] lr=1.83e-04 loss=0.691 motion=0.001 semantic=0.447 dice=0.243 | data 0.0s compute 32.5s
[iter 28950] lr=1.81e-04 loss=0.276 motion=0.000 semantic=0.262 dice=0.014 | data 0.0s compute 32.3s
  [val @ 29000] moving_iou=0.6177 P=0.912 R=0.657 semantic_miou=0.3819
  [val @ 29000] new best -> best.pt (0.6177)
[iter 29000] lr=1.79e-04 loss=1.332 motion=0.000 semantic=0.332 dice=1.000 | data 0.0s compute 32.9s
[iter 29050] lr=1.78e-04 loss=0.375 motion=0.004 semantic=0.360 dice=0.010 | data 0.0s compute 33.9s
[iter 29100] lr=1.76e-04 loss=1.362 motion=0.000 semantic=0.362 dice=1.000 | data 0.0s compute 32.1s
[iter 29150] lr=1.75e-04 loss=1.388 motion=0.000 semantic=0.388 dice=1.000 | data 0.0s compute 33.3s
[iter 29200] lr=1.73e-04 loss=0.392 motion=0.013 semantic=0.351 dice=0.028 | data 0.0s compute 32.8s
[iter 29250] lr=1.72e-04 loss=1.263 motion=0.000 semantic=0.263 dice=1.000 | data 0.0s compute 32.1s
[iter 29300] lr=1.70e-04 loss=0.403 motion=0.015 semantic=0.365 dice=0.023 | data 0.0s compute 34.2s
[iter 29350] lr=1.69e-04 loss=1.280 motion=0.000 semantic=0.280 dice=1.000 | data 0.0s compute 33.5s
[iter 29400] lr=1.67e-04 loss=1.250 motion=0.000 semantic=0.250 dice=1.000 | data 0.0s compute 33.1s
[iter 29450] lr=1.66e-04 loss=1.397 motion=0.000 semantic=0.397 dice=1.000 | data 0.0s compute 32.3s
[iter 29500] lr=1.64e-04 loss=1.389 motion=0.000 semantic=0.389 dice=1.000 | data 0.0s compute 33.5s
[iter 29550] lr=1.63e-04 loss=0.345 motion=0.007 semantic=0.304 dice=0.034 | data 0.0s compute 32.4s
[iter 29600] lr=1.62e-04 loss=0.262 motion=0.012 semantic=0.215 dice=0.034 | data 0.0s compute 33.1s
[iter 29650] lr=1.60e-04 loss=1.318 motion=0.000 semantic=0.318 dice=1.000 | data 0.0s compute 32.4s
[iter 29700] lr=1.59e-04 loss=0.494 motion=0.000 semantic=0.465 dice=0.030 | data 0.0s compute 32.2s
[iter 29750] lr=1.57e-04 loss=0.484 motion=0.000 semantic=0.416 dice=0.068 | data 0.0s compute 31.7s
[iter 29800] lr=1.56e-04 loss=0.348 motion=0.004 semantic=0.310 dice=0.034 | data 0.0s compute 33.3s
[iter 29850] lr=1.54e-04 loss=1.365 motion=0.001 semantic=0.363 dice=1.000 | data 0.0s compute 32.6s
[iter 29900] lr=1.53e-04 loss=1.308 motion=0.000 semantic=0.308 dice=1.000 | data 0.0s compute 32.3s
[iter 29950] lr=1.51e-04 loss=0.381 motion=0.010 semantic=0.348 dice=0.023 | data 0.0s compute 32.9s
  [val @ 30000] moving_iou=0.6015 P=0.908 R=0.641 semantic_miou=0.3775
[iter 30000] lr=1.50e-04 loss=0.718 motion=0.006 semantic=0.442 dice=0.271 | data 0.0s compute 33.0s
[iter 30050] lr=1.49e-04 loss=0.301 motion=0.000 semantic=0.283 dice=0.018 | data 0.0s compute 33.8s
[iter 30100] lr=1.47e-04 loss=0.494 motion=0.001 semantic=0.444 dice=0.049 | data 0.0s compute 32.8s
[iter 30150] lr=1.46e-04 loss=0.474 motion=0.002 semantic=0.330 dice=0.142 | data 0.0s compute 32.7s
[iter 30200] lr=1.44e-04 loss=0.496 motion=0.003 semantic=0.469 dice=0.024 | data 0.0s compute 34.3s
[iter 30250] lr=1.43e-04 loss=0.241 motion=0.004 semantic=0.209 dice=0.028 | data 0.0s compute 33.5s
[iter 30300] lr=1.42e-04 loss=1.294 motion=0.000 semantic=0.294 dice=1.000 | data 0.0s compute 33.9s
[iter 30350] lr=1.40e-04 loss=0.505 motion=0.090 semantic=0.334 dice=0.081 | data 0.0s compute 34.1s
[iter 30400] lr=1.39e-04 loss=0.347 motion=0.000 semantic=0.294 dice=0.052 | data 0.0s compute 33.4s
[iter 30450] lr=1.37e-04 loss=1.405 motion=0.000 semantic=0.405 dice=1.000 | data 0.0s compute 32.4s
[iter 30500] lr=1.36e-04 loss=1.264 motion=0.000 semantic=0.264 dice=1.000 | data 0.0s compute 33.4s
[iter 30550] lr=1.35e-04 loss=0.507 motion=0.007 semantic=0.472 dice=0.028 | data 0.0s compute 33.0s
[iter 30600] lr=1.33e-04 loss=0.476 motion=0.007 semantic=0.412 dice=0.057 | data 0.0s compute 33.1s
[iter 30650] lr=1.32e-04 loss=1.411 motion=0.040 semantic=0.370 dice=1.000 | data 0.0s compute 32.6s
[iter 30700] lr=1.31e-04 loss=0.736 motion=0.026 semantic=0.405 dice=0.305 | data 0.0s compute 33.7s
[iter 30750] lr=1.29e-04 loss=1.343 motion=0.000 semantic=0.343 dice=1.000 | data 0.0s compute 32.3s
[iter 30800] lr=1.28e-04 loss=1.285 motion=0.000 semantic=0.285 dice=1.000 | data 0.0s compute 32.8s
[iter 30850] lr=1.27e-04 loss=0.579 motion=0.003 semantic=0.521 dice=0.056 | data 0.0s compute 33.9s
[iter 30900] lr=1.25e-04 loss=1.484 motion=0.000 semantic=0.484 dice=1.000 | data 0.0s compute 33.1s
[iter 30950] lr=1.24e-04 loss=1.344 motion=0.000 semantic=0.344 dice=1.000 | data 0.0s compute 32.3s
  [val @ 31000] moving_iou=0.6120 P=0.907 R=0.653 semantic_miou=0.3856
[iter 31000] lr=1.23e-04 loss=0.528 motion=0.037 semantic=0.379 dice=0.111 | data 0.1s compute 33.4s
[iter 31050] lr=1.21e-04 loss=1.207 motion=0.000 semantic=0.207 dice=1.000 | data 0.0s compute 33.2s
[iter 31100] lr=1.20e-04 loss=0.338 motion=0.006 semantic=0.314 dice=0.019 | data 0.0s compute 33.0s
[iter 31150] lr=1.19e-04 loss=0.427 motion=0.003 semantic=0.366 dice=0.058 | data 0.0s compute 33.1s
[iter 31200] lr=1.18e-04 loss=0.457 motion=0.038 semantic=0.380 dice=0.038 | data 0.0s compute 33.2s
[iter 31250] lr=1.16e-04 loss=0.428 motion=0.011 semantic=0.352 dice=0.064 | data 0.0s compute 33.8s
[iter 31300] lr=1.15e-04 loss=0.381 motion=0.015 semantic=0.331 dice=0.035 | data 0.0s compute 33.2s
[iter 31350] lr=1.14e-04 loss=0.208 motion=0.003 semantic=0.170 dice=0.034 | data 0.0s compute 32.3s
[iter 31400] lr=1.12e-04 loss=1.239 motion=0.000 semantic=0.239 dice=1.000 | data 0.0s compute 34.0s
[iter 31450] lr=1.11e-04 loss=0.307 motion=0.002 semantic=0.282 dice=0.024 | data 0.0s compute 32.6s
[iter 31500] lr=1.10e-04 loss=1.230 motion=0.000 semantic=0.230 dice=1.000 | data 0.0s compute 34.3s
[iter 31550] lr=1.09e-04 loss=1.441 motion=0.000 semantic=0.441 dice=1.000 | data 0.0s compute 34.3s
[iter 31600] lr=1.07e-04 loss=0.308 motion=0.000 semantic=0.282 dice=0.026 | data 0.0s compute 33.9s
[iter 31650] lr=1.06e-04 loss=1.372 motion=0.000 semantic=0.372 dice=1.000 | data 0.0s compute 32.7s
[iter 31700] lr=1.05e-04 loss=0.298 motion=0.003 semantic=0.250 dice=0.044 | data 0.0s compute 33.8s
[iter 31750] lr=1.04e-04 loss=0.455 motion=0.005 semantic=0.414 dice=0.036 | data 0.0s compute 32.5s
[iter 31800] lr=1.03e-04 loss=0.669 motion=0.003 semantic=0.570 dice=0.096 | data 0.0s compute 32.6s
[iter 31850] lr=1.01e-04 loss=1.465 motion=0.000 semantic=0.465 dice=1.000 | data 0.0s compute 32.8s
[iter 31900] lr=1.00e-04 loss=0.479 motion=0.004 semantic=0.448 dice=0.027 | data 0.0s compute 32.9s
[iter 31950] lr=9.90e-05 loss=0.385 motion=0.002 semantic=0.245 dice=0.138 | data 0.0s compute 31.5s
  [val @ 32000] moving_iou=0.6145 P=0.918 R=0.650 semantic_miou=0.3874
[iter 32000] lr=9.78e-05 loss=1.430 motion=0.000 semantic=0.430 dice=1.000 | data 0.0s compute 34.8s
[iter 32050] lr=9.67e-05 loss=0.585 motion=0.019 semantic=0.391 dice=0.175 | data 0.0s compute 33.5s
[iter 32100] lr=9.55e-05 loss=1.512 motion=0.000 semantic=0.512 dice=1.000 | data 0.0s compute 32.3s
[iter 32150] lr=9.43e-05 loss=0.600 motion=0.034 semantic=0.387 dice=0.179 | data 0.0s compute 33.0s
[iter 32200] lr=9.32e-05 loss=0.579 motion=0.053 semantic=0.442 dice=0.084 | data 0.0s compute 33.9s
[iter 32250] lr=9.20e-05 loss=1.417 motion=0.000 semantic=0.417 dice=1.000 | data 0.0s compute 32.8s
[iter 32300] lr=9.09e-05 loss=0.420 motion=0.001 semantic=0.365 dice=0.054 | data 0.0s compute 32.3s
[iter 32350] lr=8.97e-05 loss=0.279 motion=0.002 semantic=0.253 dice=0.024 | data 0.0s compute 33.2s
[iter 32400] lr=8.86e-05 loss=1.258 motion=0.000 semantic=0.258 dice=1.000 | data 0.0s compute 32.9s
[iter 32450] lr=8.75e-05 loss=1.353 motion=0.000 semantic=0.353 dice=1.000 | data 0.0s compute 33.0s
[iter 32500] lr=8.63e-05 loss=0.526 motion=0.004 semantic=0.335 dice=0.188 | data 0.0s compute 33.6s
[iter 32550] lr=8.52e-05 loss=1.396 motion=0.001 semantic=0.395 dice=1.000 | data 0.0s compute 32.9s
[iter 32600] lr=8.41e-05 loss=1.174 motion=0.002 semantic=0.172 dice=1.000 | data 0.0s compute 33.6s
[iter 32650] lr=8.30e-05 loss=0.286 motion=0.000 semantic=0.265 dice=0.020 | data 0.0s compute 32.5s
[iter 32700] lr=8.19e-05 loss=0.857 motion=0.003 semantic=0.306 dice=0.547 | data 0.0s compute 33.3s
[iter 32750] lr=8.08e-05 loss=1.372 motion=0.001 semantic=0.371 dice=1.000 | data 0.0s compute 33.4s
[iter 32800] lr=7.98e-05 loss=0.353 motion=0.007 semantic=0.324 dice=0.021 | data 0.0s compute 33.3s
[iter 32850] lr=7.87e-05 loss=1.300 motion=0.000 semantic=0.300 dice=1.000 | data 0.0s compute 33.0s
[iter 32900] lr=7.76e-05 loss=1.288 motion=0.001 semantic=0.287 dice=1.000 | data 0.0s compute 33.6s
[iter 32950] lr=7.66e-05 loss=1.299 motion=0.012 semantic=0.340 dice=0.946 | data 0.0s compute 31.5s
  [val @ 33000] moving_iou=0.6071 P=0.923 R=0.640 semantic_miou=0.3896
[iter 33000] lr=7.55e-05 loss=1.424 motion=0.000 semantic=0.424 dice=1.000 | data 0.0s compute 32.7s
[iter 33050] lr=7.45e-05 loss=0.332 motion=0.009 semantic=0.272 dice=0.050 | data 0.0s compute 32.0s
[iter 33100] lr=7.34e-05 loss=0.609 motion=0.003 semantic=0.350 dice=0.255 | data 0.0s compute 33.0s
[iter 33150] lr=7.24e-05 loss=0.445 motion=0.001 semantic=0.367 dice=0.077 | data 0.0s compute 32.3s
[iter 33200] lr=7.14e-05 loss=0.325 motion=0.001 semantic=0.286 dice=0.038 | data 0.0s compute 33.1s
[iter 33250] lr=7.03e-05 loss=0.360 motion=0.001 semantic=0.277 dice=0.082 | data 0.0s compute 33.3s
[iter 33300] lr=6.93e-05 loss=1.281 motion=0.000 semantic=0.281 dice=1.000 | data 0.0s compute 33.6s
[iter 33350] lr=6.83e-05 loss=1.320 motion=0.001 semantic=0.320 dice=1.000 | data 0.0s compute 33.0s
[iter 33400] lr=6.73e-05 loss=0.399 motion=0.019 semantic=0.316 dice=0.065 | data 0.0s compute 32.7s
[iter 33450] lr=6.63e-05 loss=1.379 motion=0.000 semantic=0.379 dice=1.000 | data 0.0s compute 33.2s
[iter 33500] lr=6.53e-05 loss=0.483 motion=0.004 semantic=0.362 dice=0.117 | data 0.0s compute 33.5s
[iter 33550] lr=6.44e-05 loss=1.259 motion=0.000 semantic=0.259 dice=1.000 | data 0.0s compute 31.7s
[iter 33600] lr=6.34e-05 loss=0.315 motion=0.002 semantic=0.276 dice=0.037 | data 0.0s compute 33.7s
[iter 33650] lr=6.24e-05 loss=1.284 motion=0.000 semantic=0.284 dice=1.000 | data 0.0s compute 33.2s
[iter 33700] lr=6.15e-05 loss=1.397 motion=0.001 semantic=0.397 dice=1.000 | data 0.0s compute 33.4s
[iter 33750] lr=6.05e-05 loss=1.512 motion=0.007 semantic=0.505 dice=1.000 | data 0.0s compute 32.6s
[iter 33800] lr=5.96e-05 loss=0.360 motion=0.003 semantic=0.332 dice=0.026 | data 0.0s compute 32.1s
[iter 33850] lr=5.86e-05 loss=0.550 motion=0.007 semantic=0.344 dice=0.199 | data 0.0s compute 33.7s
[iter 33900] lr=5.77e-05 loss=0.596 motion=0.003 semantic=0.377 dice=0.216 | data 0.0s compute 32.5s
[iter 33950] lr=5.68e-05 loss=0.304 motion=0.014 semantic=0.223 dice=0.066 | data 0.0s compute 32.5s
  [val @ 34000] moving_iou=0.6235 P=0.907 R=0.666 semantic_miou=0.3908
  [val @ 34000] new best -> best.pt (0.6235)
[iter 34000] lr=5.59e-05 loss=0.362 motion=0.002 semantic=0.348 dice=0.012 | data 0.0s compute 33.0s
[iter 34050] lr=5.49e-05 loss=0.462 motion=0.000 semantic=0.453 dice=0.009 | data 0.0s compute 33.3s
[iter 34100] lr=5.40e-05 loss=0.439 motion=0.013 semantic=0.343 dice=0.083 | data 0.0s compute 32.9s
[iter 34150] lr=5.32e-05 loss=1.270 motion=0.000 semantic=0.270 dice=1.000 | data 0.0s compute 32.3s
[iter 34200] lr=5.23e-05 loss=0.319 motion=0.001 semantic=0.272 dice=0.047 | data 0.0s compute 33.6s
[iter 34250] lr=5.14e-05 loss=0.574 motion=0.020 semantic=0.486 dice=0.068 | data 0.0s compute 33.2s
[iter 34300] lr=5.05e-05 loss=0.720 motion=0.008 semantic=0.361 dice=0.351 | data 0.0s compute 33.3s
[iter 34350] lr=4.96e-05 loss=0.333 motion=0.010 semantic=0.308 dice=0.016 | data 0.0s compute 33.2s
[iter 34400] lr=4.88e-05 loss=0.518 motion=0.014 semantic=0.432 dice=0.072 | data 0.0s compute 32.2s
[iter 34450] lr=4.79e-05 loss=0.350 motion=0.022 semantic=0.272 dice=0.055 | data 0.0s compute 32.4s
[iter 34500] lr=4.71e-05 loss=1.455 motion=0.000 semantic=0.455 dice=1.000 | data 0.0s compute 33.1s
[iter 34550] lr=4.62e-05 loss=0.306 motion=0.005 semantic=0.284 dice=0.017 | data 0.0s compute 33.6s
[iter 34600] lr=4.54e-05 loss=0.400 motion=0.009 semantic=0.369 dice=0.022 | data 0.0s compute 32.6s
[iter 34650] lr=4.46e-05 loss=1.409 motion=0.000 semantic=0.409 dice=1.000 | data 0.0s compute 32.3s
[iter 34700] lr=4.38e-05 loss=0.349 motion=0.012 semantic=0.244 dice=0.092 | data 0.0s compute 33.7s
[iter 34750] lr=4.30e-05 loss=1.437 motion=0.000 semantic=0.437 dice=1.000 | data 0.0s compute 31.8s
[iter 34800] lr=4.22e-05 loss=1.231 motion=0.000 semantic=0.231 dice=1.000 | data 0.0s compute 33.7s
[iter 34850] lr=4.14e-05 loss=0.479 motion=0.008 semantic=0.422 dice=0.048 | data 0.0s compute 33.4s
[iter 34900] lr=4.06e-05 loss=1.358 motion=0.002 semantic=0.356 dice=1.000 | data 0.0s compute 33.3s
[iter 34950] lr=3.98e-05 loss=0.391 motion=0.012 semantic=0.326 dice=0.053 | data 0.0s compute 33.3s
  [val @ 35000] moving_iou=0.6183 P=0.927 R=0.650 semantic_miou=0.3932
[iter 35000] lr=3.90e-05 loss=1.302 motion=0.000 semantic=0.302 dice=1.000 | data 0.0s compute 32.6s
[iter 35050] lr=3.83e-05 loss=1.352 motion=0.000 semantic=0.352 dice=1.000 | data 0.0s compute 33.3s
[iter 35100] lr=3.75e-05 loss=1.277 motion=0.032 semantic=0.268 dice=0.977 | data 0.0s compute 32.5s
[iter 35150] lr=3.67e-05 loss=0.614 motion=0.004 semantic=0.415 dice=0.196 | data 0.0s compute 32.9s
[iter 35200] lr=3.60e-05 loss=0.423 motion=0.003 semantic=0.379 dice=0.042 | data 0.0s compute 33.2s
[iter 35250] lr=3.53e-05 loss=0.425 motion=0.000 semantic=0.341 dice=0.084 | data 0.0s compute 32.3s
[iter 35300] lr=3.45e-05 loss=0.683 motion=0.169 semantic=0.365 dice=0.149 | data 0.0s compute 32.1s
[iter 35350] lr=3.38e-05 loss=0.796 motion=0.012 semantic=0.675 dice=0.109 | data 0.0s compute 32.6s
[iter 35400] lr=3.31e-05 loss=1.331 motion=0.000 semantic=0.331 dice=1.000 | data 0.0s compute 32.7s
[iter 35450] lr=3.24e-05 loss=1.263 motion=0.000 semantic=0.262 dice=1.000 | data 0.0s compute 33.4s
[iter 35500] lr=3.17e-05 loss=0.383 motion=0.000 semantic=0.316 dice=0.067 | data 0.0s compute 33.5s
[iter 35550] lr=3.10e-05 loss=0.401 motion=0.001 semantic=0.386 dice=0.014 | data 0.0s compute 33.9s
[iter 35600] lr=3.03e-05 loss=0.306 motion=0.000 semantic=0.290 dice=0.016 | data 0.0s compute 32.7s
[iter 35650] lr=2.96e-05 loss=0.723 motion=0.001 semantic=0.289 dice=0.433 | data 0.0s compute 33.0s
[iter 35700] lr=2.90e-05 loss=0.489 motion=0.003 semantic=0.320 dice=0.166 | data 0.0s compute 32.2s
[iter 35750] lr=2.83e-05 loss=1.300 motion=0.003 semantic=0.348 dice=0.949 | data 0.0s compute 33.5s
[iter 35800] lr=2.76e-05 loss=1.242 motion=0.000 semantic=0.242 dice=1.000 | data 0.0s compute 34.0s
[iter 35850] lr=2.70e-05 loss=0.313 motion=0.000 semantic=0.298 dice=0.015 | data 0.0s compute 32.5s
[iter 35900] lr=2.63e-05 loss=1.287 motion=0.000 semantic=0.287 dice=1.000 | data 0.0s compute 31.9s
[iter 35950] lr=2.57e-05 loss=1.464 motion=0.000 semantic=0.464 dice=1.000 | data 0.0s compute 32.7s
  [val @ 36000] moving_iou=0.6071 P=0.931 R=0.636 semantic_miou=0.3931
[iter 36000] lr=2.51e-05 loss=1.286 motion=0.000 semantic=0.286 dice=1.000 | data 0.0s compute 34.1s
[iter 36050] lr=2.45e-05 loss=0.645 motion=0.001 semantic=0.369 dice=0.275 | data 0.0s compute 32.7s
[iter 36100] lr=2.39e-05 loss=0.362 motion=0.000 semantic=0.341 dice=0.022 | data 0.0s compute 32.5s
[iter 36150] lr=2.33e-05 loss=1.305 motion=0.000 semantic=0.305 dice=1.000 | data 0.0s compute 34.0s
[iter 36200] lr=2.27e-05 loss=1.359 motion=0.001 semantic=0.358 dice=1.000 | data 0.0s compute 32.8s
[iter 36250] lr=2.21e-05 loss=1.300 motion=0.000 semantic=0.300 dice=1.000 | data 0.0s compute 31.7s
[iter 36300] lr=2.15e-05 loss=0.379 motion=0.001 semantic=0.320 dice=0.057 | data 0.0s compute 33.3s
[iter 36350] lr=2.09e-05 loss=0.776 motion=0.030 semantic=0.674 dice=0.072 | data 0.0s compute 32.5s
[iter 36400] lr=2.04e-05 loss=1.326 motion=0.000 semantic=0.326 dice=1.000 | data 0.0s compute 34.0s
[iter 36450] lr=1.98e-05 loss=1.257 motion=0.011 semantic=0.247 dice=1.000 | data 0.0s compute 31.9s
[iter 36500] lr=1.92e-05 loss=0.531 motion=0.010 semantic=0.418 dice=0.103 | data 0.0s compute 32.3s
[iter 36550] lr=1.87e-05 loss=0.946 motion=0.018 semantic=0.270 dice=0.658 | data 0.0s compute 32.3s
[iter 36600] lr=1.82e-05 loss=0.353 motion=0.009 semantic=0.325 dice=0.019 | data 0.0s compute 32.7s
[iter 36650] lr=1.76e-05 loss=1.317 motion=0.001 semantic=0.316 dice=1.000 | data 0.0s compute 32.8s
[iter 36700] lr=1.71e-05 loss=1.381 motion=0.000 semantic=0.381 dice=1.000 | data 0.0s compute 32.8s
[iter 36750] lr=1.66e-05 loss=0.376 motion=0.000 semantic=0.342 dice=0.034 | data 0.0s compute 33.3s
[iter 36800] lr=1.61e-05 loss=1.275 motion=0.000 semantic=0.275 dice=1.000 | data 0.0s compute 33.4s
[iter 36850] lr=1.56e-05 loss=0.352 motion=0.005 semantic=0.321 dice=0.026 | data 0.0s compute 32.8s
[iter 36900] lr=1.51e-05 loss=1.451 motion=0.001 semantic=0.450 dice=1.000 | data 0.0s compute 32.7s
[iter 36950] lr=1.46e-05 loss=0.336 motion=0.013 semantic=0.281 dice=0.042 | data 0.0s compute 32.3s
  [val @ 37000] moving_iou=0.6116 P=0.931 R=0.641 semantic_miou=0.3963
[iter 37000] lr=1.42e-05 loss=1.298 motion=0.000 semantic=0.298 dice=1.000 | data 0.0s compute 34.0s
[iter 37050] lr=1.37e-05 loss=1.433 motion=0.001 semantic=0.432 dice=1.000 | data 0.0s compute 33.5s
[iter 37100] lr=1.32e-05 loss=0.328 motion=0.005 semantic=0.294 dice=0.029 | data 0.0s compute 32.4s
[iter 37150] lr=1.28e-05 loss=0.337 motion=0.000 semantic=0.301 dice=0.036 | data 0.0s compute 33.3s
[iter 37200] lr=1.23e-05 loss=1.291 motion=0.000 semantic=0.291 dice=1.000 | data 0.0s compute 34.0s
[iter 37250] lr=1.19e-05 loss=1.446 motion=0.000 semantic=0.446 dice=1.000 | data 0.0s compute 32.9s
[iter 37300] lr=1.15e-05 loss=1.306 motion=0.024 semantic=0.282 dice=1.000 | data 0.0s compute 33.5s
[iter 37350] lr=1.11e-05 loss=1.466 motion=0.000 semantic=0.465 dice=1.000 | data 0.0s compute 33.1s
[iter 37400] lr=1.07e-05 loss=1.373 motion=0.002 semantic=0.371 dice=1.000 | data 0.0s compute 33.8s
[iter 37450] lr=1.02e-05 loss=1.326 motion=0.000 semantic=0.325 dice=1.000 | data 0.0s compute 33.3s
[iter 37500] lr=9.85e-06 loss=0.453 motion=0.004 semantic=0.417 dice=0.033 | data 0.0s compute 32.7s
[iter 37550] lr=9.46e-06 loss=1.395 motion=0.000 semantic=0.395 dice=1.000 | data 0.0s compute 33.4s
[iter 37600] lr=9.08e-06 loss=1.200 motion=0.000 semantic=0.200 dice=1.000 | data 0.0s compute 33.1s
[iter 37650] lr=8.71e-06 loss=1.563 motion=0.005 semantic=0.558 dice=1.000 | data 0.0s compute 33.2s
[iter 37700] lr=8.34e-06 loss=0.311 motion=0.002 semantic=0.260 dice=0.049 | data 0.0s compute 33.4s
[iter 37750] lr=7.98e-06 loss=1.223 motion=0.000 semantic=0.223 dice=1.000 | data 0.0s compute 32.7s
[iter 37800] lr=7.63e-06 loss=1.305 motion=0.000 semantic=0.305 dice=1.000 | data 0.0s compute 33.9s
[iter 37850] lr=7.29e-06 loss=0.498 motion=0.119 semantic=0.264 dice=0.115 | data 0.0s compute 33.5s
[iter 37900] lr=6.96e-06 loss=0.386 motion=0.007 semantic=0.335 dice=0.044 | data 0.0s compute 32.7s
[iter 37950] lr=6.63e-06 loss=0.282 motion=0.004 semantic=0.252 dice=0.026 | data 0.0s compute 33.4s
  [val @ 38000] moving_iou=0.6124 P=0.922 R=0.646 semantic_miou=0.3955
[iter 38000] lr=6.31e-06 loss=1.316 motion=0.000 semantic=0.316 dice=1.000 | data 0.0s compute 33.6s
[iter 38050] lr=6.00e-06 loss=0.346 motion=0.001 semantic=0.310 dice=0.035 | data 0.0s compute 33.8s
[iter 38100] lr=5.70e-06 loss=0.498 motion=0.005 semantic=0.403 dice=0.090 | data 0.0s compute 32.7s
[iter 38150] lr=5.40e-06 loss=0.466 motion=0.001 semantic=0.460 dice=0.005 | data 0.0s compute 34.1s
[iter 38200] lr=5.12e-06 loss=1.478 motion=0.001 semantic=0.478 dice=1.000 | data 0.0s compute 32.8s
[iter 38250] lr=4.84e-06 loss=0.413 motion=0.000 semantic=0.377 dice=0.036 | data 0.0s compute 32.5s
[iter 38300] lr=4.56e-06 loss=0.390 motion=0.023 semantic=0.339 dice=0.028 | data 3.2s compute 32.1s
[iter 38350] lr=4.30e-06 loss=0.379 motion=0.022 semantic=0.322 dice=0.036 | data 0.0s compute 33.5s
[iter 38400] lr=4.04e-06 loss=1.205 motion=0.000 semantic=0.204 dice=1.000 | data 0.0s compute 33.5s
[iter 38450] lr=3.79e-06 loss=0.461 motion=0.001 semantic=0.421 dice=0.038 | data 0.0s compute 32.9s
[iter 38500] lr=3.55e-06 loss=0.651 motion=0.019 semantic=0.241 dice=0.391 | data 0.0s compute 32.6s
[iter 38550] lr=3.32e-06 loss=0.284 motion=0.000 semantic=0.279 dice=0.005 | data 0.0s compute 33.0s
[iter 38600] lr=3.10e-06 loss=0.569 motion=0.002 semantic=0.378 dice=0.189 | data 0.0s compute 33.2s
[iter 38650] lr=2.88e-06 loss=1.437 motion=0.000 semantic=0.437 dice=1.000 | data 0.0s compute 32.1s
[iter 38700] lr=2.67e-06 loss=1.373 motion=0.001 semantic=0.373 dice=1.000 | data 0.0s compute 33.4s
[iter 38750] lr=2.47e-06 loss=0.397 motion=0.001 semantic=0.373 dice=0.024 | data 0.0s compute 32.5s
[iter 38800] lr=2.28e-06 loss=1.357 motion=0.000 semantic=0.357 dice=1.000 | data 0.0s compute 33.3s
[iter 38850] lr=2.09e-06 loss=1.290 motion=0.000 semantic=0.290 dice=1.000 | data 0.0s compute 33.7s
[iter 38900] lr=1.91e-06 loss=1.380 motion=0.000 semantic=0.380 dice=1.000 | data 0.0s compute 33.7s
[iter 38950] lr=1.74e-06 loss=0.367 motion=0.001 semantic=0.346 dice=0.019 | data 0.0s compute 34.5s
  [val @ 39000] moving_iou=0.6137 P=0.926 R=0.645 semantic_miou=0.3928
[iter 39000] lr=1.58e-06 loss=1.412 motion=0.000 semantic=0.412 dice=1.000 | data 0.0s compute 34.1s
[iter 39050] lr=1.43e-06 loss=0.392 motion=0.003 semantic=0.361 dice=0.028 | data 0.0s compute 33.4s
[iter 39100] lr=1.28e-06 loss=0.301 motion=0.000 semantic=0.290 dice=0.011 | data 0.0s compute 32.8s
[iter 39150] lr=1.14e-06 loss=0.396 motion=0.015 semantic=0.350 dice=0.032 | data 0.0s compute 33.2s
[iter 39200] lr=1.01e-06 loss=0.273 motion=0.000 semantic=0.268 dice=0.005 | data 0.1s compute 32.4s
[iter 39250] lr=8.89e-07 loss=0.498 motion=0.018 semantic=0.428 dice=0.051 | data 0.0s compute 32.4s
[iter 39300] lr=7.75e-07 loss=1.275 motion=0.000 semantic=0.275 dice=1.000 | data 0.0s compute 32.7s
[iter 39350] lr=6.68e-07 loss=1.266 motion=0.000 semantic=0.266 dice=1.000 | data 0.0s compute 32.5s
[iter 39400] lr=5.69e-07 loss=0.388 motion=0.018 semantic=0.336 dice=0.034 | data 0.0s compute 33.5s
[iter 39450] lr=4.78e-07 loss=0.437 motion=0.002 semantic=0.308 dice=0.127 | data 0.0s compute 33.6s
[iter 39500] lr=3.95e-07 loss=0.243 motion=0.006 semantic=0.203 dice=0.034 | data 0.0s compute 33.6s
[iter 39550] lr=3.20e-07 loss=1.328 motion=0.000 semantic=0.328 dice=1.000 | data 0.0s compute 33.6s
[iter 39600] lr=2.53e-07 loss=0.324 motion=0.014 semantic=0.284 dice=0.027 | data 0.0s compute 32.9s
[iter 39650] lr=1.94e-07 loss=0.342 motion=0.003 semantic=0.331 dice=0.008 | data 0.0s compute 33.4s
[iter 39700] lr=1.42e-07 loss=0.798 motion=0.014 semantic=0.687 dice=0.096 | data 0.0s compute 34.1s
[iter 39750] lr=9.88e-08 loss=0.450 motion=0.002 semantic=0.416 dice=0.032 | data 0.0s compute 34.0s
[iter 39800] lr=6.33e-08 loss=1.293 motion=0.000 semantic=0.293 dice=1.000 | data 0.0s compute 33.6s
[iter 39850] lr=3.56e-08 loss=0.352 motion=0.001 semantic=0.301 dice=0.050 | data 0.0s compute 31.7s
[iter 39900] lr=1.58e-08 loss=0.330 motion=0.009 semantic=0.302 dice=0.018 | data 0.0s compute 33.0s
[iter 39950] lr=3.95e-09 loss=0.461 motion=0.009 semantic=0.373 dice=0.078 | data 0.0s compute 32.9s
  [val @ 40000] moving_iou=0.6113 P=0.924 R=0.643 semantic_miou=0.3909
done @ iter 40000. best moving_iou=0.6235  ckpts in /home/suba/sparseunet4d/runs/residual_v2
